Loading tuning configuration from: /home/ws/config/invictasim/tuning/02_feup_trackdrive_tuning.yaml
Loading CSV telemetry datasets...
  Reading: /home/ws/src/invictasim/tuning_csvs/FEUP_trackdrive.csv
    Loaded 190552 samples (reference conditioned).
  Reading: /home/ws/src/invictasim/tuning_csvs/skidpad.csv
    Loaded 62724 samples (reference conditioned).
Loaded 43 optimization parameters.
Selected vehicle model from configuration: inline_02
Starting simulated_annealing search...
Dataset 0 automatic motion window: 0.216406s to 138.484s
Dataset 1 automatic motion window: 0.0796646s to 65.5393s
Starting Parallel Simulated Annealing with 6 independent chains (Total iterations: 600000000)...

[Chain 3] New Global Best! Score: 915876 | Pos RMSE: 0.100575m
Parameters: car.front_wheel_inertia=0.122067 car.rear_wheel_inertia=0.2 aero.lift_coefficient=3.11358 aero.drag_coefficient=0.676707 aero.aero_balance_front=0.540496 steering_motor.time_constant=0.01 tire.effective_tire_r=0.24 tire.slip_ratio_relaxation_length=0.0862445 tire.longitudinal_peak_scale=1.01673 tire.longitudinal_stiffness_scale=1.08671 tire.lateral_shape_scale=1.47489 tire.lateral_peak_scale=1.61467 tire.lateral_curvature_scale=0.648866 tire.lateral_stiffness_scale=14.8008 tire.combined_slip_lateral_stiffness_scale=0.596984 tire.longitudinal_peak_pdx1=1.10475 tire.longitudinal_stiffness_pkx1=56.508 tire.longitudinal_curvature_pex1=1.00602 tire.lateral_peak_pdy1=1.86775 tire.lateral_stiffness_pky1=-508.62 tire.lateral_curvature_pey1=0.865746 tire.structural_longitudinal_stiffness=249688 tire.structural_lateral_stiffness=123489 tire.structural_yaw_stiffness=34612.8 transmission.gear_ratio=3.85364 transmission.preload=32.7346 transmission.drive_ramp_effect=1.37352 transmission.coast_ramp_effect=0.272047 transmission.viscous_drag_coeff=0.0212675 transmission.coulomb_drag=0.315601 transmission.coulomb_smooth_stiffness=5.21221 car.front_bearing_drag=0.114228 car.cg_height=0.232732 car.cg_2_rear_axis=0.814519 car.Izz=84.7829 transmission.efficiency=1 motor.fade_start=0.617323 motor.max_peak_torque=230 motor.max_continuous_torque=123.715 motor.max_peak_power=148617 motor.max_continuous_power=101448 battery.max_discharge_current=366.779 battery.max_charge_current=200

[Chain 5] New Global Best! Score: 1.34523e+06 | Pos RMSE: 0.185645m
Parameters: car.front_wheel_inertia=0.204876 car.rear_wheel_inertia=0.321734 aero.lift_coefficient=2.2943 aero.drag_coefficient=0.798649 aero.aero_balance_front=0.490047 steering_motor.time_constant=0.01 tire.effective_tire_r=0.224693 tire.slip_ratio_relaxation_length=0.0880812 tire.longitudinal_peak_scale=1.38015 tire.longitudinal_stiffness_scale=0.716485 tire.lateral_shape_scale=0.928904 tire.lateral_peak_scale=0.97551 tire.lateral_curvature_scale=0.693418 tire.lateral_stiffness_scale=2.19301 tire.combined_slip_lateral_stiffness_scale=0.850148 tire.longitudinal_peak_pdx1=0.992252 tire.longitudinal_stiffness_pkx1=92.5403 tire.longitudinal_curvature_pex1=0.614727 tire.lateral_peak_pdy1=1.81464 tire.lateral_stiffness_pky1=-50 tire.lateral_curvature_pey1=0.547046 tire.structural_longitudinal_stiffness=344730 tire.structural_lateral_stiffness=1.18825e+06 tire.structural_yaw_stiffness=33480.3 transmission.gear_ratio=3.69729 transmission.preload=27.4841 transmission.drive_ramp_effect=1.39318 transmission.coast_ramp_effect=0.05 transmission.viscous_drag_coeff=0.0948739 transmission.coulomb_drag=1.53007 transmission.coulomb_smooth_stiffness=3.23612 car.front_bearing_drag=0.0795708 car.cg_height=0.23599 car.cg_2_rear_axis=0.813011 car.Izz=99.0786 transmission.efficiency=1 motor.fade_start=0.707476 motor.max_peak_torque=201.44 motor.max_continuous_torque=116.43 motor.max_peak_power=133280 motor.max_continuous_power=65525.1 battery.max_discharge_current=389.36 battery.max_charge_current=157.716

[Chain 0] New Global Best! Score: 3.48109e+06 | Pos RMSE: 0.419444m
Parameters: car.front_wheel_inertia=0.17019 car.rear_wheel_inertia=0.2 aero.lift_coefficient=2.89475 aero.drag_coefficient=0.945363 aero.aero_balance_front=0.522309 steering_motor.time_constant=0.0468815 tire.effective_tire_r=0.206141 tire.slip_ratio_relaxation_length=0.0811399 tire.longitudinal_peak_scale=0.952674 tire.longitudinal_stiffness_scale=1.28041 tire.lateral_shape_scale=1.29903 tire.lateral_peak_scale=0.531355 tire.lateral_curvature_scale=0.591335 tire.lateral_stiffness_scale=12.0236 tire.combined_slip_lateral_stiffness_scale=0.81737 tire.longitudinal_peak_pdx1=1.14732 tire.longitudinal_stiffness_pkx1=65.4325 tire.longitudinal_curvature_pex1=0.622259 tire.lateral_peak_pdy1=2.02322 tire.lateral_stiffness_pky1=-199.685 tire.lateral_curvature_pey1=0.690403 tire.structural_longitudinal_stiffness=289972 tire.structural_lateral_stiffness=860086 tire.structural_yaw_stiffness=10000 transmission.gear_ratio=3.4902 transmission.preload=18.1773 transmission.drive_ramp_effect=1.2099 transmission.coast_ramp_effect=0.207873 transmission.viscous_drag_coeff=0.0835649 transmission.coulomb_drag=1.01187 transmission.coulomb_smooth_stiffness=0 car.front_bearing_drag=0 car.cg_height=0.23758 car.cg_2_rear_axis=0.72 car.Izz=95.8903 transmission.efficiency=0.983047 motor.fade_start=0.626502 motor.max_peak_torque=190.441 motor.max_continuous_torque=130 motor.max_peak_power=151560 motor.max_continuous_power=89261.7 battery.max_discharge_current=398.538 battery.max_charge_current=153.907

[Chain 0] New Global Best! Score: 3.53695e+06 | Pos RMSE: 0.546931m
Parameters: car.front_wheel_inertia=0.170003 car.rear_wheel_inertia=0.217602 aero.lift_coefficient=3.40759 aero.drag_coefficient=1.03019 aero.aero_balance_front=0.611214 steering_motor.time_constant=0.0513949 tire.effective_tire_r=0.18621 tire.slip_ratio_relaxation_length=0.0328466 tire.longitudinal_peak_scale=0.769066 tire.longitudinal_stiffness_scale=1.36111 tire.lateral_shape_scale=1.20244 tire.lateral_peak_scale=0.5 tire.lateral_curvature_scale=0.1 tire.lateral_stiffness_scale=16.5749 tire.combined_slip_lateral_stiffness_scale=0.905809 tire.longitudinal_peak_pdx1=1.23316 tire.longitudinal_stiffness_pkx1=57.807 tire.longitudinal_curvature_pex1=0.758673 tire.lateral_peak_pdy1=2.18624 tire.lateral_stiffness_pky1=-350.735 tire.lateral_curvature_pey1=0.914852 tire.structural_longitudinal_stiffness=412077 tire.structural_lateral_stiffness=1.13157e+06 tire.structural_yaw_stiffness=10000 transmission.gear_ratio=3.7439 transmission.preload=10 transmission.drive_ramp_effect=1.23653 transmission.coast_ramp_effect=0.10757 transmission.viscous_drag_coeff=0.0872283 transmission.coulomb_drag=1.34537 transmission.coulomb_smooth_stiffness=0 car.front_bearing_drag=0.105676 car.cg_height=0.24 car.cg_2_rear_axis=0.737269 car.Izz=102.382 transmission.efficiency=0.928349 motor.fade_start=0.520825 motor.max_peak_torque=205.574 motor.max_continuous_torque=130 motor.max_peak_power=161549 motor.max_continuous_power=110395 battery.max_discharge_current=400 battery.max_charge_current=200

[Chain 1] New Global Best! Score: 4.13585e+06 | Pos RMSE: 0.388211m
Parameters: car.front_wheel_inertia=0.200993 car.rear_wheel_inertia=0.367852 aero.lift_coefficient=4 aero.drag_coefficient=0.608049 aero.aero_balance_front=0.540514 steering_motor.time_constant=0.0584315 tire.effective_tire_r=0.237066 tire.slip_ratio_relaxation_length=0.0294586 tire.longitudinal_peak_scale=0.818088 tire.longitudinal_stiffness_scale=0.881321 tire.lateral_shape_scale=1.00681 tire.lateral_peak_scale=1.15706 tire.lateral_curvature_scale=1.0907 tire.lateral_stiffness_scale=2.08435 tire.combined_slip_lateral_stiffness_scale=0.852411 tire.longitudinal_peak_pdx1=1.23068 tire.longitudinal_stiffness_pkx1=110.839 tire.longitudinal_curvature_pex1=0.984904 tire.lateral_peak_pdy1=1.77715 tire.lateral_stiffness_pky1=-421.268 tire.lateral_curvature_pey1=0.628943 tire.structural_longitudinal_stiffness=329301 tire.structural_lateral_stiffness=852802 tire.structural_yaw_stiffness=34890.8 transmission.gear_ratio=3.27934 transmission.preload=44.1107 transmission.drive_ramp_effect=1.94693 transmission.coast_ramp_effect=0.05 transmission.viscous_drag_coeff=0 transmission.coulomb_drag=0.694847 transmission.coulomb_smooth_stiffness=0 car.front_bearing_drag=0.043019 car.cg_height=0.238583 car.cg_2_rear_axis=0.72 car.Izz=84.8558 transmission.efficiency=1 motor.fade_start=0.635525 motor.max_peak_torque=180.593 motor.max_continuous_torque=122.216 motor.max_peak_power=107557 motor.max_continuous_power=82744.8 battery.max_discharge_current=397.981 battery.max_charge_current=104.157

[Chain 1] New Global Best! Score: 4.62601e+06 | Pos RMSE: 0.423923m
Parameters: car.front_wheel_inertia=0.204257 car.rear_wheel_inertia=0.393391 aero.lift_coefficient=2.96717 aero.drag_coefficient=0.5 aero.aero_balance_front=0.447879 steering_motor.time_constant=0.10463 tire.effective_tire_r=0.24 tire.slip_ratio_relaxation_length=0.015837 tire.longitudinal_peak_scale=0.873808 tire.longitudinal_stiffness_scale=1.38884 tire.lateral_shape_scale=0.64246 tire.lateral_peak_scale=0.626285 tire.lateral_curvature_scale=0.480588 tire.lateral_stiffness_scale=1 tire.combined_slip_lateral_stiffness_scale=0.965334 tire.longitudinal_peak_pdx1=1.26875 tire.longitudinal_stiffness_pkx1=114.568 tire.longitudinal_curvature_pex1=0.811501 tire.lateral_peak_pdy1=1.2 tire.lateral_stiffness_pky1=-851.411 tire.lateral_curvature_pey1=0.355524 tire.structural_longitudinal_stiffness=208574 tire.structural_lateral_stiffness=325713 tire.structural_yaw_stiffness=21852.5 transmission.gear_ratio=3.45181 transmission.preload=47.2604 transmission.drive_ramp_effect=1.65755 transmission.coast_ramp_effect=0.111316 transmission.viscous_drag_coeff=0 transmission.coulomb_drag=1.62069 transmission.coulomb_smooth_stiffness=0 car.front_bearing_drag=0 car.cg_height=0.225509 car.cg_2_rear_axis=0.72 car.Izz=80 transmission.efficiency=0.966141 motor.fade_start=0.582654 motor.max_peak_torque=181.35 motor.max_continuous_torque=124.945 motor.max_peak_power=132953 motor.max_continuous_power=68310.2 battery.max_discharge_current=378.555 battery.max_charge_current=20

[Chain 1] New Global Best! Score: 4.99464e+06 | Pos RMSE: 0.398941m
Parameters: car.front_wheel_inertia=0.286677 car.rear_wheel_inertia=0.282966 aero.lift_coefficient=3.47346 aero.drag_coefficient=0.5 aero.aero_balance_front=0.375496 steering_motor.time_constant=0.085759 tire.effective_tire_r=0.237645 tire.slip_ratio_relaxation_length=0 tire.longitudinal_peak_scale=0.743408 tire.longitudinal_stiffness_scale=1.32964 tire.lateral_shape_scale=0.5 tire.lateral_peak_scale=0.743709 tire.lateral_curvature_scale=0.345298 tire.lateral_stiffness_scale=1 tire.combined_slip_lateral_stiffness_scale=1.03655 tire.longitudinal_peak_pdx1=1.4024 tire.longitudinal_stiffness_pkx1=97.2465 tire.longitudinal_curvature_pex1=0.991616 tire.lateral_peak_pdy1=1.42998 tire.lateral_stiffness_pky1=-1373.82 tire.lateral_curvature_pey1=0.3 tire.structural_longitudinal_stiffness=100000 tire.structural_lateral_stiffness=940618 tire.structural_yaw_stiffness=10000 transmission.gear_ratio=3.36077 transmission.preload=48.8149 transmission.drive_ramp_effect=1.86384 transmission.coast_ramp_effect=0.05 transmission.viscous_drag_coeff=0 transmission.coulomb_drag=0.203536 transmission.coulomb_smooth_stiffness=1.61992 car.front_bearing_drag=0 car.cg_height=0.217707 car.cg_2_rear_axis=0.733695 car.Izz=83.7539 transmission.efficiency=0.993739 motor.fade_start=0.570893 motor.max_peak_torque=177.569 motor.max_continuous_torque=110.637 motor.max_peak_power=130188 motor.max_continuous_power=84115.8 battery.max_discharge_current=323.442 battery.max_charge_current=52.3565
Progress: 1000 / 600000000 evaluations...Progress: 2000 / 600000000 evaluations...
[Chain 0] New Global Best! Score: 5.00545e+06 | Pos RMSE: 0.466904m
Parameters: car.front_wheel_inertia=0.336322 car.rear_wheel_inertia=0.279616 aero.lift_coefficient=1 aero.drag_coefficient=0.5 aero.aero_balance_front=0.3 steering_motor.time_constant=0.159121 tire.effective_tire_r=0.223355 tire.slip_ratio_relaxation_length=0.129347 tire.longitudinal_peak_scale=0.76769 tire.longitudinal_stiffness_scale=0.825762 tire.lateral_shape_scale=1.18657 tire.lateral_peak_scale=0.928667 tire.lateral_curvature_scale=0.349085 tire.lateral_stiffness_scale=20.2264 tire.combined_slip_lateral_stiffness_scale=1.23028 tire.longitudinal_peak_pdx1=1.21586 tire.longitudinal_stiffness_pkx1=85.5789 tire.longitudinal_curvature_pex1=0.699129 tire.lateral_peak_pdy1=2.20996 tire.lateral_stiffness_pky1=-50 tire.lateral_curvature_pey1=0.553444 tire.structural_longitudinal_stiffness=254796 tire.structural_lateral_stiffness=1.38597e+06 tire.structural_yaw_stiffness=18484.3 transmission.gear_ratio=2.5 transmission.preload=18.2878 transmission.drive_ramp_effect=0.986056 transmission.coast_ramp_effect=0.05 transmission.viscous_drag_coeff=0 transmission.coulomb_drag=0 transmission.coulomb_smooth_stiffness=9.03648 car.front_bearing_drag=0.0146058 car.cg_height=0.229654 car.cg_2_rear_axis=0.758589 car.Izz=85.0651 transmission.efficiency=1 motor.fade_start=0.567381 motor.max_peak_torque=227.506 motor.max_continuous_torque=112.336 motor.max_peak_power=180000 motor.max_continuous_power=79702.4 battery.max_discharge_current=375.149 battery.max_charge_current=131.869
Progress: 3000 / 600000000 evaluations...
[Chain 0] New Global Best! Score: 5.01363e+06 | Pos RMSE: 0.607669m
Parameters: car.front_wheel_inertia=0.330761 car.rear_wheel_inertia=0.252332 aero.lift_coefficient=1 aero.drag_coefficient=0.5 aero.aero_balance_front=0.329528 steering_motor.time_constant=0.0698125 tire.effective_tire_r=0.220977 tire.slip_ratio_relaxation_length=0.112763 tire.longitudinal_peak_scale=0.786511 tire.longitudinal_stiffness_scale=0.756405 tire.lateral_shape_scale=1.09477 tire.lateral_peak_scale=0.805133 tire.lateral_curvature_scale=0.1 tire.lateral_stiffness_scale=21.1715 tire.combined_slip_lateral_stiffness_scale=0.886919 tire.longitudinal_peak_pdx1=1.18824 tire.longitudinal_stiffness_pkx1=77.2675 tire.longitudinal_curvature_pex1=0.631657 tire.lateral_peak_pdy1=2.5 tire.lateral_stiffness_pky1=-160.978 tire.lateral_curvature_pey1=0.551498 tire.structural_longitudinal_stiffness=301900 tire.structural_lateral_stiffness=1.30864e+06 tire.structural_yaw_stiffness=14812.4 transmission.gear_ratio=2.5 transmission.preload=13.2068 transmission.drive_ramp_effect=1.2204 transmission.coast_ramp_effect=0.195648 transmission.viscous_drag_coeff=0 transmission.coulomb_drag=0 transmission.coulomb_smooth_stiffness=0.0478347 car.front_bearing_drag=0.0549387 car.cg_height=0.236349 car.cg_2_rear_axis=0.767502 car.Izz=80 transmission.efficiency=0.9964 motor.fade_start=0.611525 motor.max_peak_torque=230 motor.max_continuous_torque=103.095 motor.max_peak_power=160849 motor.max_continuous_power=65307.9 battery.max_discharge_current=371.985 battery.max_charge_current=168.076
Progress: 4000 / 600000000 evaluations...Progress: 5000 / 600000000 evaluations...
[Chain 4] New Global Best! Score: 5.11394e+06 | Pos RMSE: 0.503054m
Parameters: car.front_wheel_inertia=0.4 car.rear_wheel_inertia=0.345854 aero.lift_coefficient=1 aero.drag_coefficient=0.5 aero.aero_balance_front=0.601705 steering_motor.time_constant=0.01 tire.effective_tire_r=0.24 tire.slip_ratio_relaxation_length=0 tire.longitudinal_peak_scale=1.28379 tire.longitudinal_stiffness_scale=0.576503 tire.lateral_shape_scale=0.918803 tire.lateral_peak_scale=0.5 tire.lateral_curvature_scale=2 tire.lateral_stiffness_scale=1 tire.combined_slip_lateral_stiffness_scale=1.32054 tire.longitudinal_peak_pdx1=1.0219 tire.longitudinal_stiffness_pkx1=105.222 tire.longitudinal_curvature_pex1=0.952329 tire.lateral_peak_pdy1=1.67088 tire.lateral_stiffness_pky1=-101.546 tire.lateral_curvature_pey1=0.72853 tire.structural_longitudinal_stiffness=437987 tire.structural_lateral_stiffness=2.83062e+06 tire.structural_yaw_stiffness=48995.4 transmission.gear_ratio=4.19002 transmission.preload=18.4021 transmission.drive_ramp_effect=1.12082 transmission.coast_ramp_effect=0.181902 transmission.viscous_drag_coeff=0 transmission.coulomb_drag=7.53422 transmission.coulomb_smooth_stiffness=0 car.front_bearing_drag=0.0431749 car.cg_height=0.189943 car.cg_2_rear_axis=0.72 car.Izz=85.5325 transmission.efficiency=0.855728 motor.fade_start=0.719945 motor.max_peak_torque=168.396 motor.max_continuous_torque=121.545 motor.max_peak_power=180000 motor.max_continuous_power=60000 battery.max_discharge_current=258.51 battery.max_charge_current=39.668
Progress: 6000 / 600000000 evaluations...
[Chain 0] New Global Best! Score: 5.1298e+06 | Pos RMSE: 0.446771m
Parameters: car.front_wheel_inertia=0.368151 car.rear_wheel_inertia=0.391664 aero.lift_coefficient=1 aero.drag_coefficient=0.739534 aero.aero_balance_front=0.416102 steering_motor.time_constant=0.0953203 tire.effective_tire_r=0.225056 tire.slip_ratio_relaxation_length=0.027667 tire.longitudinal_peak_scale=0.859926 tire.longitudinal_stiffness_scale=0.936201 tire.lateral_shape_scale=1.25476 tire.lateral_peak_scale=1.20198 tire.lateral_curvature_scale=0.236881 tire.lateral_stiffness_scale=19.1342 tire.combined_slip_lateral_stiffness_scale=0.744571 tire.longitudinal_peak_pdx1=1.23374 tire.longitudinal_stiffness_pkx1=85.6147 tire.longitudinal_curvature_pex1=0.793628 tire.lateral_peak_pdy1=2.5 tire.lateral_stiffness_pky1=-632.247 tire.lateral_curvature_pey1=0.465085 tire.structural_longitudinal_stiffness=269804 tire.structural_lateral_stiffness=977508 tire.structural_yaw_stiffness=15451.8 transmission.gear_ratio=2.51144 transmission.preload=15.6565 transmission.drive_ramp_effect=1.44428 transmission.coast_ramp_effect=0.0891447 transmission.viscous_drag_coeff=0 transmission.coulomb_drag=0 transmission.coulomb_smooth_stiffness=5.19424 car.front_bearing_drag=0.0758549 car.cg_height=0.225039 car.cg_2_rear_axis=0.77248 car.Izz=86.7674 transmission.efficiency=1 motor.fade_start=0.547784 motor.max_peak_torque=229.754 motor.max_continuous_torque=93.5839 motor.max_peak_power=180000 motor.max_continuous_power=74365 battery.max_discharge_current=400 battery.max_charge_current=112.849
Progress: 7000 / 600000000 evaluations...
[Chain 0] New Global Best! Score: 5.15034e+06 | Pos RMSE: 0.487762m
Parameters: car.front_wheel_inertia=0.4 car.rear_wheel_inertia=0.275698 aero.lift_coefficient=1.04289 aero.drag_coefficient=0.5 aero.aero_balance_front=0.410615 steering_motor.time_constant=0.0520738 tire.effective_tire_r=0.227968 tire.slip_ratio_relaxation_length=0.0573845 tire.longitudinal_peak_scale=0.974291 tire.longitudinal_stiffness_scale=0.598617 tire.lateral_shape_scale=1.28755 tire.lateral_peak_scale=1.86432 tire.lateral_curvature_scale=0.1 tire.lateral_stiffness_scale=24.3618 tire.combined_slip_lateral_stiffness_scale=0.545759 tire.longitudinal_peak_pdx1=1.08378 tire.longitudinal_stiffness_pkx1=104.439 tire.longitudinal_curvature_pex1=0.80356 tire.lateral_peak_pdy1=2.5 tire.lateral_stiffness_pky1=-245.832 tire.lateral_curvature_pey1=0.605245 tire.structural_longitudinal_stiffness=314928 tire.structural_lateral_stiffness=1.06942e+06 tire.structural_yaw_stiffness=11107.5 transmission.gear_ratio=2.5 transmission.preload=14.0426 transmission.drive_ramp_effect=1.34814 transmission.coast_ramp_effect=0.05 transmission.viscous_drag_coeff=0.0129472 transmission.coulomb_drag=0 transmission.coulomb_smooth_stiffness=3.81847 car.front_bearing_drag=0 car.cg_height=0.200816 car.cg_2_rear_axis=0.767818 car.Izz=100.699 transmission.efficiency=1 motor.fade_start=0.504294 motor.max_peak_torque=230 motor.max_continuous_torque=84.6268 motor.max_peak_power=180000 motor.max_continuous_power=82688.6 battery.max_discharge_current=341.223 battery.max_charge_current=89.1961

[Chain 0] New Global Best! Score: 5.35142e+06 | Pos RMSE: 0.665649m
Parameters: car.front_wheel_inertia=0.368846 car.rear_wheel_inertia=0.2482 aero.lift_coefficient=1 aero.drag_coefficient=0.5 aero.aero_balance_front=0.684605 steering_motor.time_constant=0.0839723 tire.effective_tire_r=0.233888 tire.slip_ratio_relaxation_length=0.0498119 tire.longitudinal_peak_scale=0.870056 tire.longitudinal_stiffness_scale=0.733064 tire.lateral_shape_scale=1.31773 tire.lateral_peak_scale=1.69935 tire.lateral_curvature_scale=0.1 tire.lateral_stiffness_scale=25 tire.combined_slip_lateral_stiffness_scale=0.5 tire.longitudinal_peak_pdx1=1.04313 tire.longitudinal_stiffness_pkx1=117.576 tire.longitudinal_curvature_pex1=0.71408 tire.lateral_peak_pdy1=2.5 tire.lateral_stiffness_pky1=-557.916 tire.lateral_curvature_pey1=0.347561 tire.structural_longitudinal_stiffness=341159 tire.structural_lateral_stiffness=1.01108e+06 tire.structural_yaw_stiffness=10000 transmission.gear_ratio=2.82824 transmission.preload=10 transmission.drive_ramp_effect=1.10017 transmission.coast_ramp_effect=0.05 transmission.viscous_drag_coeff=0.0296927 transmission.coulomb_drag=0 transmission.coulomb_smooth_stiffness=3.12949 car.front_bearing_drag=0 car.cg_height=0.186731 car.cg_2_rear_axis=0.740667 car.Izz=98.219 transmission.efficiency=1 motor.fade_start=0.5 motor.max_peak_torque=208.127 motor.max_continuous_torque=70 motor.max_peak_power=180000 motor.max_continuous_power=74972.5 battery.max_discharge_current=315.143 battery.max_charge_current=47.5305
Progress: 8000 / 600000000 evaluations...Progress: 9000 / 600000000 evaluations...Progress: 10000 / 600000000 evaluations...Progress: 11000 / 600000000 evaluations...Progress: 12000 / 600000000 evaluations...Progress: 13000 / 600000000 evaluations...Progress: 14000 / 600000000 evaluations...Progress: 15000 / 600000000 evaluations...Progress: 16000 / 600000000 evaluations...Progress: 17000 / 600000000 evaluations...Progress: 18000 / 600000000 evaluations...Progress: 19000 / 600000000 evaluations...Progress: 20000 / 600000000 evaluations...Progress: 21000 / 600000000 evaluations...Progress: 22000 / 600000000 evaluations...Progress: 23000 / 600000000 evaluations...Progress: 24000 / 600000000 evaluations...Progress: 25000 / 600000000 evaluations...

========================================
Optimization Complete in 531.422 seconds.
Optimal Cost Score: 5.35142e+06
Optimal Parameters:
  car.front_wheel_inertia: 0.368846
  car.rear_wheel_inertia: 0.2482
  aero.lift_coefficient: 1
  aero.drag_coefficient: 0.5
  aero.aero_balance_front: 0.684605
  steering_motor.time_constant: 0.0839723
  tire.effective_tire_r: 0.233888
  tire.slip_ratio_relaxation_length: 0.0498119
  tire.longitudinal_peak_scale: 0.870056
  tire.longitudinal_stiffness_scale: 0.733064
  tire.lateral_shape_scale: 1.31773
  tire.lateral_peak_scale: 1.69935
  tire.lateral_curvature_scale: 0.1
  tire.lateral_stiffness_scale: 25
  tire.combined_slip_lateral_stiffness_scale: 0.5
  tire.longitudinal_peak_pdx1: 1.04313
  tire.longitudinal_stiffness_pkx1: 117.576
  tire.longitudinal_curvature_pex1: 0.71408
  tire.lateral_peak_pdy1: 2.5
  tire.lateral_stiffness_pky1: -557.916
  tire.lateral_curvature_pey1: 0.347561
  tire.structural_longitudinal_stiffness: 341159
  tire.structural_lateral_stiffness: 1.01108e+06
  tire.structural_yaw_stiffness: 10000
  transmission.gear_ratio: 2.82824
  transmission.preload: 10
  transmission.drive_ramp_effect: 1.10017
  transmission.coast_ramp_effect: 0.05
  transmission.viscous_drag_coeff: 0.0296927
  transmission.coulomb_drag: 0
  transmission.coulomb_smooth_stiffness: 3.12949
  car.front_bearing_drag: 0
  car.cg_height: 0.186731
  car.cg_2_rear_axis: 0.740667
  car.Izz: 98.219
  transmission.efficiency: 1
  motor.fade_start: 0.5
  motor.max_peak_torque: 208.127
  motor.max_continuous_torque: 70
  motor.max_peak_power: 180000
  motor.max_continuous_power: 74972.5
  battery.max_discharge_current: 315.143
  battery.max_charge_current: 47.5305
========================================
