==========================================
Step 1: Clean previous control builds
==========================================

==========================================
Step 2: Set ACADOS environment variables
==========================================
ACADOS_SOURCE_DIR: /home/pipeline-vm/fsfeup/autonomous-systems/build/acados-install
ACADOS_INSTALL_DIR: /home/pipeline-vm/fsfeup/autonomous-systems/build/acados-install
LD_LIBRARY_PATH set

==========================================
Step 3: Generate Bombated MPC ACADOS code
==========================================
rm -f libacados_ocp_solver_bombated_mpc.so
rm -f bombated_mpc_cost/bombated_mpc_cost_y_0_fun.o bombated_mpc_cost/bombated_mpc_cost_y_0_fun_jac_ut_xt.o bombated_mpc_cost/bombated_mpc_cost_y_0_hess.o bombated_mpc_cost/bombated_mpc_cost_y_fun.o bombated_mpc_cost/bombated_mpc_cost_y_fun_jac_ut_xt.o bombated_mpc_cost/bombated_mpc_cost_y_hess.o bombated_mpc_cost/bombated_mpc_cost_y_e_fun.o bombated_mpc_cost/bombated_mpc_cost_y_e_fun_jac_ut_xt.o bombated_mpc_cost/bombated_mpc_cost_y_e_hess.o acados_solver_bombated_mpc.o
cc -fPIC -std=c99   -O3 -march=native -ffast-math -fopenmp -I/home/pipeline-vm/fsfeup/autonomous-systems/build/acados-install/include -I/home/pipeline-vm/fsfeup/autonomous-systems/build/acados-install/include/acados -I/home/pipeline-vm/fsfeup/autonomous-systems/build/acados-install/include/blasfeo/include -I/home/pipeline-vm/fsfeup/autonomous-systems/build/acados-install/include/hpipm/include  -c -o bombated_mpc_cost/bombated_mpc_cost_y_0_fun.o bombated_mpc_cost/bombated_mpc_cost_y_0_fun.c
cc -fPIC -std=c99   -O3 -march=native -ffast-math -fopenmp -I/home/pipeline-vm/fsfeup/autonomous-systems/build/acados-install/include -I/home/pipeline-vm/fsfeup/autonomous-systems/build/acados-install/include/acados -I/home/pipeline-vm/fsfeup/autonomous-systems/build/acados-install/include/blasfeo/include -I/home/pipeline-vm/fsfeup/autonomous-systems/build/acados-install/include/hpipm/include  -c -o bombated_mpc_cost/bombated_mpc_cost_y_0_fun_jac_ut_xt.o bombated_mpc_cost/bombated_mpc_cost_y_0_fun_jac_ut_xt.c
cc -fPIC -std=c99   -O3 -march=native -ffast-math -fopenmp -I/home/pipeline-vm/fsfeup/autonomous-systems/build/acados-install/include -I/home/pipeline-vm/fsfeup/autonomous-systems/build/acados-install/include/acados -I/home/pipeline-vm/fsfeup/autonomous-systems/build/acados-install/include/blasfeo/include -I/home/pipeline-vm/fsfeup/autonomous-systems/build/acados-install/include/hpipm/include  -c -o bombated_mpc_cost/bombated_mpc_cost_y_0_hess.o bombated_mpc_cost/bombated_mpc_cost_y_0_hess.c
cc -fPIC -std=c99   -O3 -march=native -ffast-math -fopenmp -I/home/pipeline-vm/fsfeup/autonomous-systems/build/acados-install/include -I/home/pipeline-vm/fsfeup/autonomous-systems/build/acados-install/include/acados -I/home/pipeline-vm/fsfeup/autonomous-systems/build/acados-install/include/blasfeo/include -I/home/pipeline-vm/fsfeup/autonomous-systems/build/acados-install/include/hpipm/include  -c -o bombated_mpc_cost/bombated_mpc_cost_y_fun.o bombated_mpc_cost/bombated_mpc_cost_y_fun.c
cc -fPIC -std=c99   -O3 -march=native -ffast-math -fopenmp -I/home/pipeline-vm/fsfeup/autonomous-systems/build/acados-install/include -I/home/pipeline-vm/fsfeup/autonomous-systems/build/acados-install/include/acados -I/home/pipeline-vm/fsfeup/autonomous-systems/build/acados-install/include/blasfeo/include -I/home/pipeline-vm/fsfeup/autonomous-systems/build/acados-install/include/hpipm/include  -c -o bombated_mpc_cost/bombated_mpc_cost_y_fun_jac_ut_xt.o bombated_mpc_cost/bombated_mpc_cost_y_fun_jac_ut_xt.c
cc -fPIC -std=c99   -O3 -march=native -ffast-math -fopenmp -I/home/pipeline-vm/fsfeup/autonomous-systems/build/acados-install/include -I/home/pipeline-vm/fsfeup/autonomous-systems/build/acados-install/include/acados -I/home/pipeline-vm/fsfeup/autonomous-systems/build/acados-install/include/blasfeo/include -I/home/pipeline-vm/fsfeup/autonomous-systems/build/acados-install/include/hpipm/include  -c -o bombated_mpc_cost/bombated_mpc_cost_y_hess.o bombated_mpc_cost/bombated_mpc_cost_y_hess.c
cc -fPIC -std=c99   -O3 -march=native -ffast-math -fopenmp -I/home/pipeline-vm/fsfeup/autonomous-systems/build/acados-install/include -I/home/pipeline-vm/fsfeup/autonomous-systems/build/acados-install/include/acados -I/home/pipeline-vm/fsfeup/autonomous-systems/build/acados-install/include/blasfeo/include -I/home/pipeline-vm/fsfeup/autonomous-systems/build/acados-install/include/hpipm/include  -c -o bombated_mpc_cost/bombated_mpc_cost_y_e_fun.o bombated_mpc_cost/bombated_mpc_cost_y_e_fun.c
cc -fPIC -std=c99   -O3 -march=native -ffast-math -fopenmp -I/home/pipeline-vm/fsfeup/autonomous-systems/build/acados-install/include -I/home/pipeline-vm/fsfeup/autonomous-systems/build/acados-install/include/acados -I/home/pipeline-vm/fsfeup/autonomous-systems/build/acados-install/include/blasfeo/include -I/home/pipeline-vm/fsfeup/autonomous-systems/build/acados-install/include/hpipm/include  -c -o bombated_mpc_cost/bombated_mpc_cost_y_e_fun_jac_ut_xt.o bombated_mpc_cost/bombated_mpc_cost_y_e_fun_jac_ut_xt.c
cc -fPIC -std=c99   -O3 -march=native -ffast-math -fopenmp -I/home/pipeline-vm/fsfeup/autonomous-systems/build/acados-install/include -I/home/pipeline-vm/fsfeup/autonomous-systems/build/acados-install/include/acados -I/home/pipeline-vm/fsfeup/autonomous-systems/build/acados-install/include/blasfeo/include -I/home/pipeline-vm/fsfeup/autonomous-systems/build/acados-install/include/hpipm/include  -c -o bombated_mpc_cost/bombated_mpc_cost_y_e_hess.o bombated_mpc_cost/bombated_mpc_cost_y_e_hess.c
cc -fPIC -std=c99   -O3 -march=native -ffast-math -fopenmp -I/home/pipeline-vm/fsfeup/autonomous-systems/build/acados-install/include -I/home/pipeline-vm/fsfeup/autonomous-systems/build/acados-install/include/acados -I/home/pipeline-vm/fsfeup/autonomous-systems/build/acados-install/include/blasfeo/include -I/home/pipeline-vm/fsfeup/autonomous-systems/build/acados-install/include/hpipm/include  -c -o acados_solver_bombated_mpc.o acados_solver_bombated_mpc.c
cc -fPIC -std=c99   -O3 -march=native -ffast-math -fopenmp -I/home/pipeline-vm/fsfeup/autonomous-systems/build/acados-install/include -I/home/pipeline-vm/fsfeup/autonomous-systems/build/acados-install/include/acados -I/home/pipeline-vm/fsfeup/autonomous-systems/build/acados-install/include/blasfeo/include -I/home/pipeline-vm/fsfeup/autonomous-systems/build/acados-install/include/hpipm/include  -c -o bombated_mpc_model/bombated_mpc_impl_dae_fun.o bombated_mpc_model/bombated_mpc_impl_dae_fun.c
cc -fPIC -std=c99   -O3 -march=native -ffast-math -fopenmp -I/home/pipeline-vm/fsfeup/autonomous-systems/build/acados-install/include -I/home/pipeline-vm/fsfeup/autonomous-systems/build/acados-install/include/acados -I/home/pipeline-vm/fsfeup/autonomous-systems/build/acados-install/include/blasfeo/include -I/home/pipeline-vm/fsfeup/autonomous-systems/build/acados-install/include/hpipm/include  -c -o bombated_mpc_model/bombated_mpc_impl_dae_fun_jac_x_xdot_z.o bombated_mpc_model/bombated_mpc_impl_dae_fun_jac_x_xdot_z.c
cc -fPIC -std=c99   -O3 -march=native -ffast-math -fopenmp -I/home/pipeline-vm/fsfeup/autonomous-systems/build/acados-install/include -I/home/pipeline-vm/fsfeup/autonomous-systems/build/acados-install/include/acados -I/home/pipeline-vm/fsfeup/autonomous-systems/build/acados-install/include/blasfeo/include -I/home/pipeline-vm/fsfeup/autonomous-systems/build/acados-install/include/hpipm/include  -c -o bombated_mpc_model/bombated_mpc_impl_dae_fun_jac_x_xdot_u_z.o bombated_mpc_model/bombated_mpc_impl_dae_fun_jac_x_xdot_u_z.c
cc -fPIC -std=c99   -O3 -march=native -ffast-math -fopenmp -I/home/pipeline-vm/fsfeup/autonomous-systems/build/acados-install/include -I/home/pipeline-vm/fsfeup/autonomous-systems/build/acados-install/include/acados -I/home/pipeline-vm/fsfeup/autonomous-systems/build/acados-install/include/blasfeo/include -I/home/pipeline-vm/fsfeup/autonomous-systems/build/acados-install/include/hpipm/include  -c -o bombated_mpc_model/bombated_mpc_impl_dae_fun_jac_x_xdot_u.o bombated_mpc_model/bombated_mpc_impl_dae_fun_jac_x_xdot_u.c
cc -fPIC -std=c99   -O3 -march=native -ffast-math -fopenmp -I/home/pipeline-vm/fsfeup/autonomous-systems/build/acados-install/include -I/home/pipeline-vm/fsfeup/autonomous-systems/build/acados-install/include/acados -I/home/pipeline-vm/fsfeup/autonomous-systems/build/acados-install/include/blasfeo/include -I/home/pipeline-vm/fsfeup/autonomous-systems/build/acados-install/include/hpipm/include  -c -o bombated_mpc_model/bombated_mpc_impl_dae_jac_x_xdot_u_z.o bombated_mpc_model/bombated_mpc_impl_dae_jac_x_xdot_u_z.c
cc -shared bombated_mpc_cost/bombated_mpc_cost_y_0_fun.o bombated_mpc_cost/bombated_mpc_cost_y_0_fun_jac_ut_xt.o bombated_mpc_cost/bombated_mpc_cost_y_0_hess.o bombated_mpc_cost/bombated_mpc_cost_y_fun.o bombated_mpc_cost/bombated_mpc_cost_y_fun_jac_ut_xt.o bombated_mpc_cost/bombated_mpc_cost_y_hess.o bombated_mpc_cost/bombated_mpc_cost_y_e_fun.o bombated_mpc_cost/bombated_mpc_cost_y_e_fun_jac_ut_xt.o bombated_mpc_cost/bombated_mpc_cost_y_e_hess.o acados_solver_bombated_mpc.o bombated_mpc_model/bombated_mpc_impl_dae_fun.o bombated_mpc_model/bombated_mpc_impl_dae_fun_jac_x_xdot_z.o bombated_mpc_model/bombated_mpc_impl_dae_fun_jac_x_xdot_u_z.o bombated_mpc_model/bombated_mpc_impl_dae_fun_jac_x_xdot_u.o bombated_mpc_model/bombated_mpc_impl_dae_jac_x_xdot_u_z.o -o libacados_ocp_solver_bombated_mpc.so -L/home/pipeline-vm/fsfeup/autonomous-systems/build/acados-install/lib -fopenmp -lacados -lhpipm -lblasfeo -lm \
-L -l
acados was compiled with OpenMP.
Fixing Bombated MPC Makefile paths...
Building Bombated MPC solver...
cc -fPIC -std=c99   -O3 -march=native -ffast-math -fopenmp -I/home/pipeline-vm/fsfeup/autonomous-systems/build/acados-install/include -I/home/pipeline-vm/fsfeup/autonomous-systems/build/acados-install/include/acados -I/home/pipeline-vm/fsfeup/autonomous-systems/build/acados-install/include/blasfeo/include -I/home/pipeline-vm/fsfeup/autonomous-systems/build/acados-install/include/hpipm/include  -c -o acados_sim_solver_bombated_mpc.o acados_sim_solver_bombated_mpc.c
cc -shared bombated_mpc_model/bombated_mpc_impl_dae_fun.o bombated_mpc_model/bombated_mpc_impl_dae_fun_jac_x_xdot_z.o bombated_mpc_model/bombated_mpc_impl_dae_fun_jac_x_xdot_u_z.o bombated_mpc_model/bombated_mpc_impl_dae_fun_jac_x_xdot_u.o bombated_mpc_model/bombated_mpc_impl_dae_jac_x_xdot_u_z.o acados_sim_solver_bombated_mpc.o bombated_mpc_cost/bombated_mpc_cost_y_0_fun.o bombated_mpc_cost/bombated_mpc_cost_y_0_fun_jac_ut_xt.o bombated_mpc_cost/bombated_mpc_cost_y_0_hess.o bombated_mpc_cost/bombated_mpc_cost_y_fun.o bombated_mpc_cost/bombated_mpc_cost_y_fun_jac_ut_xt.o bombated_mpc_cost/bombated_mpc_cost_y_hess.o bombated_mpc_cost/bombated_mpc_cost_y_e_fun.o bombated_mpc_cost/bombated_mpc_cost_y_e_fun_jac_ut_xt.o bombated_mpc_cost/bombated_mpc_cost_y_e_hess.o acados_solver_bombated_mpc.o -o libacados_solver_bombated_mpc.so -L/home/pipeline-vm/fsfeup/autonomous-systems/build/acados-install/lib -fopenmp -lacados -lhpipm -lblasfeo -lm
cc -shared bombated_mpc_cost/bombated_mpc_cost_y_0_fun.o bombated_mpc_cost/bombated_mpc_cost_y_0_fun_jac_ut_xt.o bombated_mpc_cost/bombated_mpc_cost_y_0_hess.o bombated_mpc_cost/bombated_mpc_cost_y_fun.o bombated_mpc_cost/bombated_mpc_cost_y_fun_jac_ut_xt.o bombated_mpc_cost/bombated_mpc_cost_y_hess.o bombated_mpc_cost/bombated_mpc_cost_y_e_fun.o bombated_mpc_cost/bombated_mpc_cost_y_e_fun_jac_ut_xt.o bombated_mpc_cost/bombated_mpc_cost_y_e_hess.o acados_solver_bombated_mpc.o bombated_mpc_model/bombated_mpc_impl_dae_fun.o bombated_mpc_model/bombated_mpc_impl_dae_fun_jac_x_xdot_z.o bombated_mpc_model/bombated_mpc_impl_dae_fun_jac_x_xdot_u_z.o bombated_mpc_model/bombated_mpc_impl_dae_fun_jac_x_xdot_u.o bombated_mpc_model/bombated_mpc_impl_dae_jac_x_xdot_u_z.o -o libacados_ocp_solver_bombated_mpc.so -L/home/pipeline-vm/fsfeup/autonomous-systems/build/acados-install/lib -fopenmp -lacados -lhpipm -lblasfeo -lm \
-L -l
cc -shared acados_sim_solver_bombated_mpc.o bombated_mpc_model/bombated_mpc_impl_dae_fun.o bombated_mpc_model/bombated_mpc_impl_dae_fun_jac_x_xdot_z.o bombated_mpc_model/bombated_mpc_impl_dae_fun_jac_x_xdot_u_z.o bombated_mpc_model/bombated_mpc_impl_dae_fun_jac_x_xdot_u.o bombated_mpc_model/bombated_mpc_impl_dae_jac_x_xdot_u_z.o -o libacados_sim_solver_bombated_mpc.so -L/home/pipeline-vm/fsfeup/autonomous-systems/build/acados-install/lib -fopenmp -lacados -lhpipm -lblasfeo -lm

==========================================
Step 4: Generate SuperMPC ACADOS code
==========================================
rm -f libacados_ocp_solver_supermpc.so
rm -f supermpc_constraints/supermpc_constr_h_fun_jac_uxt_zt.o supermpc_constraints/supermpc_constr_h_fun.o supermpc_cost/supermpc_cost_y_0_fun.o supermpc_cost/supermpc_cost_y_0_fun_jac_ut_xt.o supermpc_cost/supermpc_cost_y_0_hess.o supermpc_cost/supermpc_cost_y_fun.o supermpc_cost/supermpc_cost_y_fun_jac_ut_xt.o supermpc_cost/supermpc_cost_y_hess.o supermpc_cost/supermpc_cost_y_e_fun.o supermpc_cost/supermpc_cost_y_e_fun_jac_ut_xt.o supermpc_cost/supermpc_cost_y_e_hess.o acados_solver_supermpc.o
cc -fPIC -std=c99   -O3 -march=native -ffast-math -fopenmp -I/home/pipeline-vm/fsfeup/autonomous-systems/build/acados-install/include -I/home/pipeline-vm/fsfeup/autonomous-systems/build/acados-install/include/acados -I/home/pipeline-vm/fsfeup/autonomous-systems/build/acados-install/include/blasfeo/include -I/home/pipeline-vm/fsfeup/autonomous-systems/build/acados-install/include/hpipm/include  -c -o supermpc_constraints/supermpc_constr_h_fun_jac_uxt_zt.o supermpc_constraints/supermpc_constr_h_fun_jac_uxt_zt.c
cc -fPIC -std=c99   -O3 -march=native -ffast-math -fopenmp -I/home/pipeline-vm/fsfeup/autonomous-systems/build/acados-install/include -I/home/pipeline-vm/fsfeup/autonomous-systems/build/acados-install/include/acados -I/home/pipeline-vm/fsfeup/autonomous-systems/build/acados-install/include/blasfeo/include -I/home/pipeline-vm/fsfeup/autonomous-systems/build/acados-install/include/hpipm/include  -c -o supermpc_constraints/supermpc_constr_h_fun.o supermpc_constraints/supermpc_constr_h_fun.c
cc -fPIC -std=c99   -O3 -march=native -ffast-math -fopenmp -I/home/pipeline-vm/fsfeup/autonomous-systems/build/acados-install/include -I/home/pipeline-vm/fsfeup/autonomous-systems/build/acados-install/include/acados -I/home/pipeline-vm/fsfeup/autonomous-systems/build/acados-install/include/blasfeo/include -I/home/pipeline-vm/fsfeup/autonomous-systems/build/acados-install/include/hpipm/include  -c -o supermpc_cost/supermpc_cost_y_0_fun.o supermpc_cost/supermpc_cost_y_0_fun.c
cc -fPIC -std=c99   -O3 -march=native -ffast-math -fopenmp -I/home/pipeline-vm/fsfeup/autonomous-systems/build/acados-install/include -I/home/pipeline-vm/fsfeup/autonomous-systems/build/acados-install/include/acados -I/home/pipeline-vm/fsfeup/autonomous-systems/build/acados-install/include/blasfeo/include -I/home/pipeline-vm/fsfeup/autonomous-systems/build/acados-install/include/hpipm/include  -c -o supermpc_cost/supermpc_cost_y_0_fun_jac_ut_xt.o supermpc_cost/supermpc_cost_y_0_fun_jac_ut_xt.c
cc -fPIC -std=c99   -O3 -march=native -ffast-math -fopenmp -I/home/pipeline-vm/fsfeup/autonomous-systems/build/acados-install/include -I/home/pipeline-vm/fsfeup/autonomous-systems/build/acados-install/include/acados -I/home/pipeline-vm/fsfeup/autonomous-systems/build/acados-install/include/blasfeo/include -I/home/pipeline-vm/fsfeup/autonomous-systems/build/acados-install/include/hpipm/include  -c -o supermpc_cost/supermpc_cost_y_0_hess.o supermpc_cost/supermpc_cost_y_0_hess.c
cc -fPIC -std=c99   -O3 -march=native -ffast-math -fopenmp -I/home/pipeline-vm/fsfeup/autonomous-systems/build/acados-install/include -I/home/pipeline-vm/fsfeup/autonomous-systems/build/acados-install/include/acados -I/home/pipeline-vm/fsfeup/autonomous-systems/build/acados-install/include/blasfeo/include -I/home/pipeline-vm/fsfeup/autonomous-systems/build/acados-install/include/hpipm/include  -c -o supermpc_cost/supermpc_cost_y_fun.o supermpc_cost/supermpc_cost_y_fun.c
cc -fPIC -std=c99   -O3 -march=native -ffast-math -fopenmp -I/home/pipeline-vm/fsfeup/autonomous-systems/build/acados-install/include -I/home/pipeline-vm/fsfeup/autonomous-systems/build/acados-install/include/acados -I/home/pipeline-vm/fsfeup/autonomous-systems/build/acados-install/include/blasfeo/include -I/home/pipeline-vm/fsfeup/autonomous-systems/build/acados-install/include/hpipm/include  -c -o supermpc_cost/supermpc_cost_y_fun_jac_ut_xt.o supermpc_cost/supermpc_cost_y_fun_jac_ut_xt.c
cc -fPIC -std=c99   -O3 -march=native -ffast-math -fopenmp -I/home/pipeline-vm/fsfeup/autonomous-systems/build/acados-install/include -I/home/pipeline-vm/fsfeup/autonomous-systems/build/acados-install/include/acados -I/home/pipeline-vm/fsfeup/autonomous-systems/build/acados-install/include/blasfeo/include -I/home/pipeline-vm/fsfeup/autonomous-systems/build/acados-install/include/hpipm/include  -c -o supermpc_cost/supermpc_cost_y_hess.o supermpc_cost/supermpc_cost_y_hess.c
cc -fPIC -std=c99   -O3 -march=native -ffast-math -fopenmp -I/home/pipeline-vm/fsfeup/autonomous-systems/build/acados-install/include -I/home/pipeline-vm/fsfeup/autonomous-systems/build/acados-install/include/acados -I/home/pipeline-vm/fsfeup/autonomous-systems/build/acados-install/include/blasfeo/include -I/home/pipeline-vm/fsfeup/autonomous-systems/build/acados-install/include/hpipm/include  -c -o supermpc_cost/supermpc_cost_y_e_fun.o supermpc_cost/supermpc_cost_y_e_fun.c
cc -fPIC -std=c99   -O3 -march=native -ffast-math -fopenmp -I/home/pipeline-vm/fsfeup/autonomous-systems/build/acados-install/include -I/home/pipeline-vm/fsfeup/autonomous-systems/build/acados-install/include/acados -I/home/pipeline-vm/fsfeup/autonomous-systems/build/acados-install/include/blasfeo/include -I/home/pipeline-vm/fsfeup/autonomous-systems/build/acados-install/include/hpipm/include  -c -o supermpc_cost/supermpc_cost_y_e_fun_jac_ut_xt.o supermpc_cost/supermpc_cost_y_e_fun_jac_ut_xt.c
cc -fPIC -std=c99   -O3 -march=native -ffast-math -fopenmp -I/home/pipeline-vm/fsfeup/autonomous-systems/build/acados-install/include -I/home/pipeline-vm/fsfeup/autonomous-systems/build/acados-install/include/acados -I/home/pipeline-vm/fsfeup/autonomous-systems/build/acados-install/include/blasfeo/include -I/home/pipeline-vm/fsfeup/autonomous-systems/build/acados-install/include/hpipm/include  -c -o supermpc_cost/supermpc_cost_y_e_hess.o supermpc_cost/supermpc_cost_y_e_hess.c
cc -fPIC -std=c99   -O3 -march=native -ffast-math -fopenmp -I/home/pipeline-vm/fsfeup/autonomous-systems/build/acados-install/include -I/home/pipeline-vm/fsfeup/autonomous-systems/build/acados-install/include/acados -I/home/pipeline-vm/fsfeup/autonomous-systems/build/acados-install/include/blasfeo/include -I/home/pipeline-vm/fsfeup/autonomous-systems/build/acados-install/include/hpipm/include  -c -o acados_solver_supermpc.o acados_solver_supermpc.c
cc -fPIC -std=c99   -O3 -march=native -ffast-math -fopenmp -I/home/pipeline-vm/fsfeup/autonomous-systems/build/acados-install/include -I/home/pipeline-vm/fsfeup/autonomous-systems/build/acados-install/include/acados -I/home/pipeline-vm/fsfeup/autonomous-systems/build/acados-install/include/blasfeo/include -I/home/pipeline-vm/fsfeup/autonomous-systems/build/acados-install/include/hpipm/include  -c -o supermpc_model/supermpc_impl_dae_fun.o supermpc_model/supermpc_impl_dae_fun.c
cc -fPIC -std=c99   -O3 -march=native -ffast-math -fopenmp -I/home/pipeline-vm/fsfeup/autonomous-systems/build/acados-install/include -I/home/pipeline-vm/fsfeup/autonomous-systems/build/acados-install/include/acados -I/home/pipeline-vm/fsfeup/autonomous-systems/build/acados-install/include/blasfeo/include -I/home/pipeline-vm/fsfeup/autonomous-systems/build/acados-install/include/hpipm/include  -c -o supermpc_model/supermpc_impl_dae_fun_jac_x_xdot_z.o supermpc_model/supermpc_impl_dae_fun_jac_x_xdot_z.c
cc -fPIC -std=c99   -O3 -march=native -ffast-math -fopenmp -I/home/pipeline-vm/fsfeup/autonomous-systems/build/acados-install/include -I/home/pipeline-vm/fsfeup/autonomous-systems/build/acados-install/include/acados -I/home/pipeline-vm/fsfeup/autonomous-systems/build/acados-install/include/blasfeo/include -I/home/pipeline-vm/fsfeup/autonomous-systems/build/acados-install/include/hpipm/include  -c -o supermpc_model/supermpc_impl_dae_fun_jac_x_xdot_u_z.o supermpc_model/supermpc_impl_dae_fun_jac_x_xdot_u_z.c
cc -fPIC -std=c99   -O3 -march=native -ffast-math -fopenmp -I/home/pipeline-vm/fsfeup/autonomous-systems/build/acados-install/include -I/home/pipeline-vm/fsfeup/autonomous-systems/build/acados-install/include/acados -I/home/pipeline-vm/fsfeup/autonomous-systems/build/acados-install/include/blasfeo/include -I/home/pipeline-vm/fsfeup/autonomous-systems/build/acados-install/include/hpipm/include  -c -o supermpc_model/supermpc_impl_dae_fun_jac_x_xdot_u.o supermpc_model/supermpc_impl_dae_fun_jac_x_xdot_u.c
cc -fPIC -std=c99   -O3 -march=native -ffast-math -fopenmp -I/home/pipeline-vm/fsfeup/autonomous-systems/build/acados-install/include -I/home/pipeline-vm/fsfeup/autonomous-systems/build/acados-install/include/acados -I/home/pipeline-vm/fsfeup/autonomous-systems/build/acados-install/include/blasfeo/include -I/home/pipeline-vm/fsfeup/autonomous-systems/build/acados-install/include/hpipm/include  -c -o supermpc_model/supermpc_impl_dae_jac_x_xdot_u_z.o supermpc_model/supermpc_impl_dae_jac_x_xdot_u_z.c
cc -shared supermpc_constraints/supermpc_constr_h_fun_jac_uxt_zt.o supermpc_constraints/supermpc_constr_h_fun.o supermpc_cost/supermpc_cost_y_0_fun.o supermpc_cost/supermpc_cost_y_0_fun_jac_ut_xt.o supermpc_cost/supermpc_cost_y_0_hess.o supermpc_cost/supermpc_cost_y_fun.o supermpc_cost/supermpc_cost_y_fun_jac_ut_xt.o supermpc_cost/supermpc_cost_y_hess.o supermpc_cost/supermpc_cost_y_e_fun.o supermpc_cost/supermpc_cost_y_e_fun_jac_ut_xt.o supermpc_cost/supermpc_cost_y_e_hess.o acados_solver_supermpc.o supermpc_model/supermpc_impl_dae_fun.o supermpc_model/supermpc_impl_dae_fun_jac_x_xdot_z.o supermpc_model/supermpc_impl_dae_fun_jac_x_xdot_u_z.o supermpc_model/supermpc_impl_dae_fun_jac_x_xdot_u.o supermpc_model/supermpc_impl_dae_jac_x_xdot_u_z.o -o libacados_ocp_solver_supermpc.so -L/home/pipeline-vm/fsfeup/autonomous-systems/build/acados-install/lib -fopenmp -lacados -lhpipm -lblasfeo -lm \
-L -l
acados was compiled with OpenMP.
Fixing SuperMPC Makefile paths...
Building SuperMPC solver...
cc -fPIC -std=c99   -O3 -march=native -ffast-math -fopenmp -I/home/pipeline-vm/fsfeup/autonomous-systems/build/acados-install/include -I/home/pipeline-vm/fsfeup/autonomous-systems/build/acados-install/include/acados -I/home/pipeline-vm/fsfeup/autonomous-systems/build/acados-install/include/blasfeo/include -I/home/pipeline-vm/fsfeup/autonomous-systems/build/acados-install/include/hpipm/include  -c -o acados_sim_solver_supermpc.o acados_sim_solver_supermpc.c
cc -shared supermpc_model/supermpc_impl_dae_fun.o supermpc_model/supermpc_impl_dae_fun_jac_x_xdot_z.o supermpc_model/supermpc_impl_dae_fun_jac_x_xdot_u_z.o supermpc_model/supermpc_impl_dae_fun_jac_x_xdot_u.o supermpc_model/supermpc_impl_dae_jac_x_xdot_u_z.o acados_sim_solver_supermpc.o supermpc_constraints/supermpc_constr_h_fun_jac_uxt_zt.o supermpc_constraints/supermpc_constr_h_fun.o supermpc_cost/supermpc_cost_y_0_fun.o supermpc_cost/supermpc_cost_y_0_fun_jac_ut_xt.o supermpc_cost/supermpc_cost_y_0_hess.o supermpc_cost/supermpc_cost_y_fun.o supermpc_cost/supermpc_cost_y_fun_jac_ut_xt.o supermpc_cost/supermpc_cost_y_hess.o supermpc_cost/supermpc_cost_y_e_fun.o supermpc_cost/supermpc_cost_y_e_fun_jac_ut_xt.o supermpc_cost/supermpc_cost_y_e_hess.o acados_solver_supermpc.o -o libacados_solver_supermpc.so -L/home/pipeline-vm/fsfeup/autonomous-systems/build/acados-install/lib -fopenmp -lacados -lhpipm -lblasfeo -lm
cc -shared supermpc_constraints/supermpc_constr_h_fun_jac_uxt_zt.o supermpc_constraints/supermpc_constr_h_fun.o supermpc_cost/supermpc_cost_y_0_fun.o supermpc_cost/supermpc_cost_y_0_fun_jac_ut_xt.o supermpc_cost/supermpc_cost_y_0_hess.o supermpc_cost/supermpc_cost_y_fun.o supermpc_cost/supermpc_cost_y_fun_jac_ut_xt.o supermpc_cost/supermpc_cost_y_hess.o supermpc_cost/supermpc_cost_y_e_fun.o supermpc_cost/supermpc_cost_y_e_fun_jac_ut_xt.o supermpc_cost/supermpc_cost_y_e_hess.o acados_solver_supermpc.o supermpc_model/supermpc_impl_dae_fun.o supermpc_model/supermpc_impl_dae_fun_jac_x_xdot_z.o supermpc_model/supermpc_impl_dae_fun_jac_x_xdot_u_z.o supermpc_model/supermpc_impl_dae_fun_jac_x_xdot_u.o supermpc_model/supermpc_impl_dae_jac_x_xdot_u_z.o -o libacados_ocp_solver_supermpc.so -L/home/pipeline-vm/fsfeup/autonomous-systems/build/acados-install/lib -fopenmp -lacados -lhpipm -lblasfeo -lm \
-L -l
cc -shared acados_sim_solver_supermpc.o supermpc_model/supermpc_impl_dae_fun.o supermpc_model/supermpc_impl_dae_fun_jac_x_xdot_z.o supermpc_model/supermpc_impl_dae_fun_jac_x_xdot_u_z.o supermpc_model/supermpc_impl_dae_fun_jac_x_xdot_u.o supermpc_model/supermpc_impl_dae_jac_x_xdot_u_z.o -o libacados_sim_solver_supermpc.so -L/home/pipeline-vm/fsfeup/autonomous-systems/build/acados-install/lib -fopenmp -lacados -lhpipm -lblasfeo -lm

==========================================
Step 5: Generate MPCzinho ACADOS code
==========================================
rm -f libacados_ocp_solver_mpczinho.so
rm -f mpczinho_cost/mpczinho_cost_y_0_fun.o mpczinho_cost/mpczinho_cost_y_0_fun_jac_ut_xt.o mpczinho_cost/mpczinho_cost_y_0_hess.o mpczinho_cost/mpczinho_cost_y_fun.o mpczinho_cost/mpczinho_cost_y_fun_jac_ut_xt.o mpczinho_cost/mpczinho_cost_y_hess.o mpczinho_cost/mpczinho_cost_y_e_fun.o mpczinho_cost/mpczinho_cost_y_e_fun_jac_ut_xt.o mpczinho_cost/mpczinho_cost_y_e_hess.o acados_solver_mpczinho.o
cc -fPIC -std=c99   -O3 -march=native -ffast-math -fopenmp -I/home/pipeline-vm/fsfeup/autonomous-systems/build/acados-install/include -I/home/pipeline-vm/fsfeup/autonomous-systems/build/acados-install/include/acados -I/home/pipeline-vm/fsfeup/autonomous-systems/build/acados-install/include/blasfeo/include -I/home/pipeline-vm/fsfeup/autonomous-systems/build/acados-install/include/hpipm/include  -c -o mpczinho_cost/mpczinho_cost_y_0_fun.o mpczinho_cost/mpczinho_cost_y_0_fun.c
cc -fPIC -std=c99   -O3 -march=native -ffast-math -fopenmp -I/home/pipeline-vm/fsfeup/autonomous-systems/build/acados-install/include -I/home/pipeline-vm/fsfeup/autonomous-systems/build/acados-install/include/acados -I/home/pipeline-vm/fsfeup/autonomous-systems/build/acados-install/include/blasfeo/include -I/home/pipeline-vm/fsfeup/autonomous-systems/build/acados-install/include/hpipm/include  -c -o mpczinho_cost/mpczinho_cost_y_0_fun_jac_ut_xt.o mpczinho_cost/mpczinho_cost_y_0_fun_jac_ut_xt.c
cc -fPIC -std=c99   -O3 -march=native -ffast-math -fopenmp -I/home/pipeline-vm/fsfeup/autonomous-systems/build/acados-install/include -I/home/pipeline-vm/fsfeup/autonomous-systems/build/acados-install/include/acados -I/home/pipeline-vm/fsfeup/autonomous-systems/build/acados-install/include/blasfeo/include -I/home/pipeline-vm/fsfeup/autonomous-systems/build/acados-install/include/hpipm/include  -c -o mpczinho_cost/mpczinho_cost_y_0_hess.o mpczinho_cost/mpczinho_cost_y_0_hess.c
cc -fPIC -std=c99   -O3 -march=native -ffast-math -fopenmp -I/home/pipeline-vm/fsfeup/autonomous-systems/build/acados-install/include -I/home/pipeline-vm/fsfeup/autonomous-systems/build/acados-install/include/acados -I/home/pipeline-vm/fsfeup/autonomous-systems/build/acados-install/include/blasfeo/include -I/home/pipeline-vm/fsfeup/autonomous-systems/build/acados-install/include/hpipm/include  -c -o mpczinho_cost/mpczinho_cost_y_fun.o mpczinho_cost/mpczinho_cost_y_fun.c
cc -fPIC -std=c99   -O3 -march=native -ffast-math -fopenmp -I/home/pipeline-vm/fsfeup/autonomous-systems/build/acados-install/include -I/home/pipeline-vm/fsfeup/autonomous-systems/build/acados-install/include/acados -I/home/pipeline-vm/fsfeup/autonomous-systems/build/acados-install/include/blasfeo/include -I/home/pipeline-vm/fsfeup/autonomous-systems/build/acados-install/include/hpipm/include  -c -o mpczinho_cost/mpczinho_cost_y_fun_jac_ut_xt.o mpczinho_cost/mpczinho_cost_y_fun_jac_ut_xt.c
cc -fPIC -std=c99   -O3 -march=native -ffast-math -fopenmp -I/home/pipeline-vm/fsfeup/autonomous-systems/build/acados-install/include -I/home/pipeline-vm/fsfeup/autonomous-systems/build/acados-install/include/acados -I/home/pipeline-vm/fsfeup/autonomous-systems/build/acados-install/include/blasfeo/include -I/home/pipeline-vm/fsfeup/autonomous-systems/build/acados-install/include/hpipm/include  -c -o mpczinho_cost/mpczinho_cost_y_hess.o mpczinho_cost/mpczinho_cost_y_hess.c
cc -fPIC -std=c99   -O3 -march=native -ffast-math -fopenmp -I/home/pipeline-vm/fsfeup/autonomous-systems/build/acados-install/include -I/home/pipeline-vm/fsfeup/autonomous-systems/build/acados-install/include/acados -I/home/pipeline-vm/fsfeup/autonomous-systems/build/acados-install/include/blasfeo/include -I/home/pipeline-vm/fsfeup/autonomous-systems/build/acados-install/include/hpipm/include  -c -o mpczinho_cost/mpczinho_cost_y_e_fun.o mpczinho_cost/mpczinho_cost_y_e_fun.c
cc -fPIC -std=c99   -O3 -march=native -ffast-math -fopenmp -I/home/pipeline-vm/fsfeup/autonomous-systems/build/acados-install/include -I/home/pipeline-vm/fsfeup/autonomous-systems/build/acados-install/include/acados -I/home/pipeline-vm/fsfeup/autonomous-systems/build/acados-install/include/blasfeo/include -I/home/pipeline-vm/fsfeup/autonomous-systems/build/acados-install/include/hpipm/include  -c -o mpczinho_cost/mpczinho_cost_y_e_fun_jac_ut_xt.o mpczinho_cost/mpczinho_cost_y_e_fun_jac_ut_xt.c
cc -fPIC -std=c99   -O3 -march=native -ffast-math -fopenmp -I/home/pipeline-vm/fsfeup/autonomous-systems/build/acados-install/include -I/home/pipeline-vm/fsfeup/autonomous-systems/build/acados-install/include/acados -I/home/pipeline-vm/fsfeup/autonomous-systems/build/acados-install/include/blasfeo/include -I/home/pipeline-vm/fsfeup/autonomous-systems/build/acados-install/include/hpipm/include  -c -o mpczinho_cost/mpczinho_cost_y_e_hess.o mpczinho_cost/mpczinho_cost_y_e_hess.c
cc -fPIC -std=c99   -O3 -march=native -ffast-math -fopenmp -I/home/pipeline-vm/fsfeup/autonomous-systems/build/acados-install/include -I/home/pipeline-vm/fsfeup/autonomous-systems/build/acados-install/include/acados -I/home/pipeline-vm/fsfeup/autonomous-systems/build/acados-install/include/blasfeo/include -I/home/pipeline-vm/fsfeup/autonomous-systems/build/acados-install/include/hpipm/include  -c -o acados_solver_mpczinho.o acados_solver_mpczinho.c
cc -fPIC -std=c99   -O3 -march=native -ffast-math -fopenmp -I/home/pipeline-vm/fsfeup/autonomous-systems/build/acados-install/include -I/home/pipeline-vm/fsfeup/autonomous-systems/build/acados-install/include/acados -I/home/pipeline-vm/fsfeup/autonomous-systems/build/acados-install/include/blasfeo/include -I/home/pipeline-vm/fsfeup/autonomous-systems/build/acados-install/include/hpipm/include  -c -o mpczinho_model/mpczinho_expl_ode_fun.o mpczinho_model/mpczinho_expl_ode_fun.c
cc -fPIC -std=c99   -O3 -march=native -ffast-math -fopenmp -I/home/pipeline-vm/fsfeup/autonomous-systems/build/acados-install/include -I/home/pipeline-vm/fsfeup/autonomous-systems/build/acados-install/include/acados -I/home/pipeline-vm/fsfeup/autonomous-systems/build/acados-install/include/blasfeo/include -I/home/pipeline-vm/fsfeup/autonomous-systems/build/acados-install/include/hpipm/include  -c -o mpczinho_model/mpczinho_expl_vde_forw.o mpczinho_model/mpczinho_expl_vde_forw.c
cc -fPIC -std=c99   -O3 -march=native -ffast-math -fopenmp -I/home/pipeline-vm/fsfeup/autonomous-systems/build/acados-install/include -I/home/pipeline-vm/fsfeup/autonomous-systems/build/acados-install/include/acados -I/home/pipeline-vm/fsfeup/autonomous-systems/build/acados-install/include/blasfeo/include -I/home/pipeline-vm/fsfeup/autonomous-systems/build/acados-install/include/hpipm/include  -c -o mpczinho_model/mpczinho_expl_vde_adj.o mpczinho_model/mpczinho_expl_vde_adj.c
cc -shared mpczinho_cost/mpczinho_cost_y_0_fun.o mpczinho_cost/mpczinho_cost_y_0_fun_jac_ut_xt.o mpczinho_cost/mpczinho_cost_y_0_hess.o mpczinho_cost/mpczinho_cost_y_fun.o mpczinho_cost/mpczinho_cost_y_fun_jac_ut_xt.o mpczinho_cost/mpczinho_cost_y_hess.o mpczinho_cost/mpczinho_cost_y_e_fun.o mpczinho_cost/mpczinho_cost_y_e_fun_jac_ut_xt.o mpczinho_cost/mpczinho_cost_y_e_hess.o acados_solver_mpczinho.o mpczinho_model/mpczinho_expl_ode_fun.o mpczinho_model/mpczinho_expl_vde_forw.o mpczinho_model/mpczinho_expl_vde_adj.o -o libacados_ocp_solver_mpczinho.so -L/home/pipeline-vm/fsfeup/autonomous-systems/build/acados-install/lib -fopenmp -lacados -lhpipm -lblasfeo -lm \
-L -l
acados was compiled with OpenMP.
Fixing MPCzinho Makefile paths...
Building MPCzinho solver...
cc -fPIC -std=c99   -O3 -march=native -ffast-math -fopenmp -I/home/pipeline-vm/fsfeup/autonomous-systems/build/acados-install/include -I/home/pipeline-vm/fsfeup/autonomous-systems/build/acados-install/include/acados -I/home/pipeline-vm/fsfeup/autonomous-systems/build/acados-install/include/blasfeo/include -I/home/pipeline-vm/fsfeup/autonomous-systems/build/acados-install/include/hpipm/include  -c -o acados_sim_solver_mpczinho.o acados_sim_solver_mpczinho.c
cc -shared mpczinho_model/mpczinho_expl_ode_fun.o mpczinho_model/mpczinho_expl_vde_forw.o mpczinho_model/mpczinho_expl_vde_adj.o acados_sim_solver_mpczinho.o mpczinho_cost/mpczinho_cost_y_0_fun.o mpczinho_cost/mpczinho_cost_y_0_fun_jac_ut_xt.o mpczinho_cost/mpczinho_cost_y_0_hess.o mpczinho_cost/mpczinho_cost_y_fun.o mpczinho_cost/mpczinho_cost_y_fun_jac_ut_xt.o mpczinho_cost/mpczinho_cost_y_hess.o mpczinho_cost/mpczinho_cost_y_e_fun.o mpczinho_cost/mpczinho_cost_y_e_fun_jac_ut_xt.o mpczinho_cost/mpczinho_cost_y_e_hess.o acados_solver_mpczinho.o -o libacados_solver_mpczinho.so -L/home/pipeline-vm/fsfeup/autonomous-systems/build/acados-install/lib -fopenmp -lacados -lhpipm -lblasfeo -lm
cc -shared mpczinho_cost/mpczinho_cost_y_0_fun.o mpczinho_cost/mpczinho_cost_y_0_fun_jac_ut_xt.o mpczinho_cost/mpczinho_cost_y_0_hess.o mpczinho_cost/mpczinho_cost_y_fun.o mpczinho_cost/mpczinho_cost_y_fun_jac_ut_xt.o mpczinho_cost/mpczinho_cost_y_hess.o mpczinho_cost/mpczinho_cost_y_e_fun.o mpczinho_cost/mpczinho_cost_y_e_fun_jac_ut_xt.o mpczinho_cost/mpczinho_cost_y_e_hess.o acados_solver_mpczinho.o mpczinho_model/mpczinho_expl_ode_fun.o mpczinho_model/mpczinho_expl_vde_forw.o mpczinho_model/mpczinho_expl_vde_adj.o -o libacados_ocp_solver_mpczinho.so -L/home/pipeline-vm/fsfeup/autonomous-systems/build/acados-install/lib -fopenmp -lacados -lhpipm -lblasfeo -lm \
-L -l
cc -shared acados_sim_solver_mpczinho.o mpczinho_model/mpczinho_expl_ode_fun.o mpczinho_model/mpczinho_expl_vde_forw.o mpczinho_model/mpczinho_expl_vde_adj.o -o libacados_sim_solver_mpczinho.so -L/home/pipeline-vm/fsfeup/autonomous-systems/build/acados-install/lib -fopenmp -lacados -lhpipm -lblasfeo -lm

==========================================
Step 6: Run full build with ./compile.sh
==========================================
[0.512s] WARNING:colcon.colcon_core.package_selection:Some selected packages are already built in one or more underlay workspaces:
	'custom_interfaces' is in: /home/pipeline-vm/fsfeup/autonomous-systems/install/custom_interfaces
	'common_lib' is in: /home/pipeline-vm/fsfeup/autonomous-systems/install/common_lib
	'pacsim' is in: /home/pipeline-vm/fsfeup/autonomous-systems/install/pacsim
	'motion_lib' is in: /home/pipeline-vm/fsfeup/autonomous-systems/install/motion_lib
If a package in a merged underlay workspace is overridden and it installs headers, then all packages in the overlay must sort their include directories by workspace order. Failure to do so may result in build failures or undefined behavior at run time.
If the overridden package is used by another package in any underlay, then the overriding package in the overlay must be API and ABI compatible or undefined behavior at run time may occur.

If you understand the risks and want to override a package anyways, add the following to the command line:
	--allow-overriding common_lib custom_interfaces motion_lib pacsim

This may be promoted to an error in a future release of colcon-override-check.
Starting >>> custom_interfaces
[1/2] cd /home/pipeline-vm/fsfeup/autonomous-systems/build/custom_interfaces && /usr/bin/cmake -E copy_directory /home/pipeline-vm/fsfeup/autonomous-systems/build/custom_interfaces/rosidl_generator_py/custom_interfaces /home/pipeline-vm/fsfeup/autonomous-systems/build/custom_interfaces/ament_cmake_python/custom_interfaces/custom_interfaces
[2/2] cd /home/pipeline-vm/fsfeup/autonomous-systems/build/custom_interfaces/ament_cmake_python/custom_interfaces && /usr/bin/python3 setup.py egg_info
running egg_info
writing custom_interfaces.egg-info/PKG-INFO
writing dependency_links to custom_interfaces.egg-info/dependency_links.txt
writing top-level names to custom_interfaces.egg-info/top_level.txt
reading manifest file 'custom_interfaces.egg-info/SOURCES.txt'
writing manifest file 'custom_interfaces.egg-info/SOURCES.txt'
-- Install configuration: ""
-- Up-to-date: /home/pipeline-vm/fsfeup/autonomous-systems/install/custom_interfaces/share/ament_index/resource_index/rosidl_interfaces/custom_interfaces
-- Up-to-date: /home/pipeline-vm/fsfeup/autonomous-systems/install/custom_interfaces/include/custom_interfaces/custom_interfaces
-- Up-to-date: /home/pipeline-vm/fsfeup/autonomous-systems/install/custom_interfaces/include/custom_interfaces/custom_interfaces/msg
-- Up-to-date: /home/pipeline-vm/fsfeup/autonomous-systems/install/custom_interfaces/include/custom_interfaces/custom_interfaces/msg/bounding_boxes.h
-- Up-to-date: /home/pipeline-vm/fsfeup/autonomous-systems/install/custom_interfaces/include/custom_interfaces/custom_interfaces/msg/point2d.h
-- Up-to-date: /home/pipeline-vm/fsfeup/autonomous-systems/install/custom_interfaces/include/custom_interfaces/custom_interfaces/msg/vehicle_state_vector.h
-- Up-to-date: /home/pipeline-vm/fsfeup/autonomous-systems/install/custom_interfaces/include/custom_interfaces/custom_interfaces/msg/imu.h
-- Up-to-date: /home/pipeline-vm/fsfeup/autonomous-systems/install/custom_interfaces/include/custom_interfaces/custom_interfaces/msg/data_log_info1.h
-- Up-to-date: /home/pipeline-vm/fsfeup/autonomous-systems/install/custom_interfaces/include/custom_interfaces/custom_interfaces/msg/aero_forces.h
-- Up-to-date: /home/pipeline-vm/fsfeup/autonomous-systems/install/custom_interfaces/include/custom_interfaces/custom_interfaces/msg/cone.h
-- Up-to-date: /home/pipeline-vm/fsfeup/autonomous-systems/install/custom_interfaces/include/custom_interfaces/custom_interfaces/msg/steering_angle.h
-- Up-to-date: /home/pipeline-vm/fsfeup/autonomous-systems/install/custom_interfaces/include/custom_interfaces/custom_interfaces/msg/cells_temps.h
-- Up-to-date: /home/pipeline-vm/fsfeup/autonomous-systems/install/custom_interfaces/include/custom_interfaces/custom_interfaces/msg/imu_data.h
-- Up-to-date: /home/pipeline-vm/fsfeup/autonomous-systems/install/custom_interfaces/include/custom_interfaces/custom_interfaces/msg/bounding_box.h
-- Up-to-date: /home/pipeline-vm/fsfeup/autonomous-systems/install/custom_interfaces/include/custom_interfaces/custom_interfaces/msg/pose.h
-- Up-to-date: /home/pipeline-vm/fsfeup/autonomous-systems/install/custom_interfaces/include/custom_interfaces/custom_interfaces/msg/data_log_info2.h
-- Up-to-date: /home/pipeline-vm/fsfeup/autonomous-systems/install/custom_interfaces/include/custom_interfaces/custom_interfaces/msg/perception_output.h
-- Up-to-date: /home/pipeline-vm/fsfeup/autonomous-systems/install/custom_interfaces/include/custom_interfaces/custom_interfaces/msg/lap_statistics.h
-- Up-to-date: /home/pipeline-vm/fsfeup/autonomous-systems/install/custom_interfaces/include/custom_interfaces/custom_interfaces/msg/battery_state.h
-- Up-to-date: /home/pipeline-vm/fsfeup/autonomous-systems/install/custom_interfaces/include/custom_interfaces/custom_interfaces/msg/hydraulic_line_pressure.h
-- Up-to-date: /home/pipeline-vm/fsfeup/autonomous-systems/install/custom_interfaces/include/custom_interfaces/custom_interfaces/msg/path_point.h
-- Up-to-date: /home/pipeline-vm/fsfeup/autonomous-systems/install/custom_interfaces/include/custom_interfaces/custom_interfaces/msg/wheel_rpm.h
-- Up-to-date: /home/pipeline-vm/fsfeup/autonomous-systems/install/custom_interfaces/include/custom_interfaces/custom_interfaces/msg/slam_parameters.h
-- Up-to-date: /home/pipeline-vm/fsfeup/autonomous-systems/install/custom_interfaces/include/custom_interfaces/custom_interfaces/msg/temperature.h
-- Up-to-date: /home/pipeline-vm/fsfeup/autonomous-systems/install/custom_interfaces/include/custom_interfaces/custom_interfaces/msg/bms_errors.h
-- Up-to-date: /home/pipeline-vm/fsfeup/autonomous-systems/install/custom_interfaces/include/custom_interfaces/custom_interfaces/msg/operational_status.h
-- Up-to-date: /home/pipeline-vm/fsfeup/autonomous-systems/install/custom_interfaces/include/custom_interfaces/custom_interfaces/msg/control_statistics.h
-- Up-to-date: /home/pipeline-vm/fsfeup/autonomous-systems/install/custom_interfaces/include/custom_interfaces/custom_interfaces/msg/process_usage_array.h
-- Up-to-date: /home/pipeline-vm/fsfeup/autonomous-systems/install/custom_interfaces/include/custom_interfaces/custom_interfaces/msg/lap_summary.h
-- Up-to-date: /home/pipeline-vm/fsfeup/autonomous-systems/install/custom_interfaces/include/custom_interfaces/custom_interfaces/msg/previous_control_command.h
-- Up-to-date: /home/pipeline-vm/fsfeup/autonomous-systems/install/custom_interfaces/include/custom_interfaces/custom_interfaces/msg/yaw_pitch_roll.h
-- Up-to-date: /home/pipeline-vm/fsfeup/autonomous-systems/install/custom_interfaces/include/custom_interfaces/custom_interfaces/msg/gps.h
-- Up-to-date: /home/pipeline-vm/fsfeup/autonomous-systems/install/custom_interfaces/include/custom_interfaces/custom_interfaces/msg/control_parameters.h
-- Up-to-date: /home/pipeline-vm/fsfeup/autonomous-systems/install/custom_interfaces/include/custom_interfaces/custom_interfaces/msg/velocity_estimation_parameters.h
-- Up-to-date: /home/pipeline-vm/fsfeup/autonomous-systems/install/custom_interfaces/include/custom_interfaces/custom_interfaces/msg/control_command.h
-- Up-to-date: /home/pipeline-vm/fsfeup/autonomous-systems/install/custom_interfaces/include/custom_interfaces/custom_interfaces/msg/lap_current.h
-- Up-to-date: /home/pipeline-vm/fsfeup/autonomous-systems/install/custom_interfaces/include/custom_interfaces/custom_interfaces/msg/perception_parameters.h
-- Up-to-date: /home/pipeline-vm/fsfeup/autonomous-systems/install/custom_interfaces/include/custom_interfaces/custom_interfaces/msg/can_statistics.h
-- Up-to-date: /home/pipeline-vm/fsfeup/autonomous-systems/install/custom_interfaces/include/custom_interfaces/custom_interfaces/msg/motor_state.h
-- Up-to-date: /home/pipeline-vm/fsfeup/autonomous-systems/install/custom_interfaces/include/custom_interfaces/custom_interfaces/msg/imu_acceleration.h
-- Up-to-date: /home/pipeline-vm/fsfeup/autonomous-systems/install/custom_interfaces/include/custom_interfaces/custom_interfaces/msg/rosidl_generator_c__visibility_control.h
-- Up-to-date: /home/pipeline-vm/fsfeup/autonomous-systems/install/custom_interfaces/include/custom_interfaces/custom_interfaces/msg/execution_times.h
-- Up-to-date: /home/pipeline-vm/fsfeup/autonomous-systems/install/custom_interfaces/include/custom_interfaces/custom_interfaces/msg/cone_array.h
-- Up-to-date: /home/pipeline-vm/fsfeup/autonomous-systems/install/custom_interfaces/include/custom_interfaces/custom_interfaces/msg/path_point_array.h
-- Up-to-date: /home/pipeline-vm/fsfeup/autonomous-systems/install/custom_interfaces/include/custom_interfaces/custom_interfaces/msg/vehicle_state.h
-- Up-to-date: /home/pipeline-vm/fsfeup/autonomous-systems/install/custom_interfaces/include/custom_interfaces/custom_interfaces/msg/detail
-- Up-to-date: /home/pipeline-vm/fsfeup/autonomous-systems/install/custom_interfaces/include/custom_interfaces/custom_interfaces/msg/detail/steering_angle__functions.c
-- Up-to-date: /home/pipeline-vm/fsfeup/autonomous-systems/install/custom_interfaces/include/custom_interfaces/custom_interfaces/msg/detail/control_statistics__functions.c
-- Up-to-date: /home/pipeline-vm/fsfeup/autonomous-systems/install/custom_interfaces/include/custom_interfaces/custom_interfaces/msg/detail/operational_status__struct.h
-- Up-to-date: /home/pipeline-vm/fsfeup/autonomous-systems/install/custom_interfaces/include/custom_interfaces/custom_interfaces/msg/detail/planning_parameters__type_support.h
-- Up-to-date: /home/pipeline-vm/fsfeup/autonomous-systems/install/custom_interfaces/include/custom_interfaces/custom_interfaces/msg/detail/data_log_info1__type_support.h
-- Up-to-date: /home/pipeline-vm/fsfeup/autonomous-systems/install/custom_interfaces/include/custom_interfaces/custom_interfaces/msg/detail/bms_errors__functions.c
-- Up-to-date: /home/pipeline-vm/fsfeup/autonomous-systems/install/custom_interfaces/include/custom_interfaces/custom_interfaces/msg/detail/tire_forces__struct.h
-- Up-to-date: /home/pipeline-vm/fsfeup/autonomous-systems/install/custom_interfaces/include/custom_interfaces/custom_interfaces/msg/detail/vehicle_state_vector__functions.h
-- Up-to-date: /home/pipeline-vm/fsfeup/autonomous-systems/install/custom_interfaces/include/custom_interfaces/custom_interfaces/msg/detail/pose__type_support.h
-- Up-to-date: /home/pipeline-vm/fsfeup/autonomous-systems/install/custom_interfaces/include/custom_interfaces/custom_interfaces/msg/detail/point_array__functions.h
-- Up-to-date: /home/pipeline-vm/fsfeup/autonomous-systems/install/custom_interfaces/include/custom_interfaces/custom_interfaces/msg/detail/perception_output__type_support.h
-- Up-to-date: /home/pipeline-vm/fsfeup/autonomous-systems/install/custom_interfaces/include/custom_interfaces/custom_interfaces/msg/detail/cone_array__type_support.h
-- Up-to-date: /home/pipeline-vm/fsfeup/autonomous-systems/install/custom_interfaces/include/custom_interfaces/custom_interfaces/msg/detail/execution_times__functions.c
-- Up-to-date: /home/pipeline-vm/fsfeup/autonomous-systems/install/custom_interfaces/include/custom_interfaces/custom_interfaces/msg/detail/steering_angle__functions.h
-- Up-to-date: /home/pipeline-vm/fsfeup/autonomous-systems/install/custom_interfaces/include/custom_interfaces/custom_interfaces/msg/detail/perception_output__struct.h
-- Up-to-date: /home/pipeline-vm/fsfeup/autonomous-systems/install/custom_interfaces/include/custom_interfaces/custom_interfaces/msg/detail/lap_summary__functions.h
-- Up-to-date: /home/pipeline-vm/fsfeup/autonomous-systems/install/custom_interfaces/include/custom_interfaces/custom_interfaces/msg/detail/slam_parameters__functions.h
-- Up-to-date: /home/pipeline-vm/fsfeup/autonomous-systems/install/custom_interfaces/include/custom_interfaces/custom_interfaces/msg/detail/bounding_boxes__type_support.h
-- Up-to-date: /home/pipeline-vm/fsfeup/autonomous-systems/install/custom_interfaces/include/custom_interfaces/custom_interfaces/msg/detail/control_parameters__struct.h
-- Up-to-date: /home/pipeline-vm/fsfeup/autonomous-systems/install/custom_interfaces/include/custom_interfaces/custom_interfaces/msg/detail/path_point_array__functions.c
-- Up-to-date: /home/pipeline-vm/fsfeup/autonomous-systems/install/custom_interfaces/include/custom_interfaces/custom_interfaces/msg/detail/can_statistics__functions.c
-- Up-to-date: /home/pipeline-vm/fsfeup/autonomous-systems/install/custom_interfaces/include/custom_interfaces/custom_interfaces/msg/detail/process_usage_array__functions.c
-- Up-to-date: /home/pipeline-vm/fsfeup/autonomous-systems/install/custom_interfaces/include/custom_interfaces/custom_interfaces/msg/detail/wheel_rpm__struct.h
-- Up-to-date: /home/pipeline-vm/fsfeup/autonomous-systems/install/custom_interfaces/include/custom_interfaces/custom_interfaces/msg/detail/gps__functions.c
-- Up-to-date: /home/pipeline-vm/fsfeup/autonomous-systems/install/custom_interfaces/include/custom_interfaces/custom_interfaces/msg/detail/battery_state__type_support.h
-- Up-to-date: /home/pipeline-vm/fsfeup/autonomous-systems/install/custom_interfaces/include/custom_interfaces/custom_interfaces/msg/detail/vcu_command__type_support.h
-- Up-to-date: /home/pipeline-vm/fsfeup/autonomous-systems/install/custom_interfaces/include/custom_interfaces/custom_interfaces/msg/detail/lap_current__struct.h
-- Up-to-date: /home/pipeline-vm/fsfeup/autonomous-systems/install/custom_interfaces/include/custom_interfaces/custom_interfaces/msg/detail/wheel_rpm__functions.c
-- Up-to-date: /home/pipeline-vm/fsfeup/autonomous-systems/install/custom_interfaces/include/custom_interfaces/custom_interfaces/msg/detail/wheel_scalars__struct.h
-- Up-to-date: /home/pipeline-vm/fsfeup/autonomous-systems/install/custom_interfaces/include/custom_interfaces/custom_interfaces/msg/detail/lap_statistics__functions.c
-- Up-to-date: /home/pipeline-vm/fsfeup/autonomous-systems/install/custom_interfaces/include/custom_interfaces/custom_interfaces/msg/detail/bms_errors__type_support.h
-- Up-to-date: /home/pipeline-vm/fsfeup/autonomous-systems/install/custom_interfaces/include/custom_interfaces/custom_interfaces/msg/detail/planning_parameters__struct.h
-- Up-to-date: /home/pipeline-vm/fsfeup/autonomous-systems/install/custom_interfaces/include/custom_interfaces/custom_interfaces/msg/detail/data_log_info2__struct.h
-- Up-to-date: /home/pipeline-vm/fsfeup/autonomous-systems/install/custom_interfaces/include/custom_interfaces/custom_interfaces/msg/detail/point2d__functions.h
-- Up-to-date: /home/pipeline-vm/fsfeup/autonomous-systems/install/custom_interfaces/include/custom_interfaces/custom_interfaces/msg/detail/cells_temps__struct.h
-- Up-to-date: /home/pipeline-vm/fsfeup/autonomous-systems/install/custom_interfaces/include/custom_interfaces/custom_interfaces/msg/detail/cells_temps__functions.c
-- Up-to-date: /home/pipeline-vm/fsfeup/autonomous-systems/install/custom_interfaces/include/custom_interfaces/custom_interfaces/msg/detail/steering_angle__struct.h
-- Up-to-date: /home/pipeline-vm/fsfeup/autonomous-systems/install/custom_interfaces/include/custom_interfaces/custom_interfaces/msg/detail/velocity_estimation_parameters__functions.h
-- Up-to-date: /home/pipeline-vm/fsfeup/autonomous-systems/install/custom_interfaces/include/custom_interfaces/custom_interfaces/msg/detail/vehicle_state_vector__functions.c
-- Up-to-date: /home/pipeline-vm/fsfeup/autonomous-systems/install/custom_interfaces/include/custom_interfaces/custom_interfaces/msg/detail/process_usage_array__struct.h
-- Up-to-date: /home/pipeline-vm/fsfeup/autonomous-systems/install/custom_interfaces/include/custom_interfaces/custom_interfaces/msg/detail/lap_statistics__struct.h
-- Up-to-date: /home/pipeline-vm/fsfeup/autonomous-systems/install/custom_interfaces/include/custom_interfaces/custom_interfaces/msg/detail/previous_control_command__functions.c
-- Up-to-date: /home/pipeline-vm/fsfeup/autonomous-systems/install/custom_interfaces/include/custom_interfaces/custom_interfaces/msg/detail/bamocar_errors__functions.c
-- Up-to-date: /home/pipeline-vm/fsfeup/autonomous-systems/install/custom_interfaces/include/custom_interfaces/custom_interfaces/msg/detail/motor_state__struct.h
-- Up-to-date: /home/pipeline-vm/fsfeup/autonomous-systems/install/custom_interfaces/include/custom_interfaces/custom_interfaces/msg/detail/vcu__struct.h
-- Up-to-date: /home/pipeline-vm/fsfeup/autonomous-systems/install/custom_interfaces/include/custom_interfaces/custom_interfaces/msg/detail/velocity_estimation_parameters__type_support.h
-- Up-to-date: /home/pipeline-vm/fsfeup/autonomous-systems/install/custom_interfaces/include/custom_interfaces/custom_interfaces/msg/detail/temperature__type_support.h
-- Up-to-date: /home/pipeline-vm/fsfeup/autonomous-systems/install/custom_interfaces/include/custom_interfaces/custom_interfaces/msg/detail/battery_state__struct.h
-- Up-to-date: /home/pipeline-vm/fsfeup/autonomous-systems/install/custom_interfaces/include/custom_interfaces/custom_interfaces/msg/detail/execution_times__type_support.h
-- Up-to-date: /home/pipeline-vm/fsfeup/autonomous-systems/install/custom_interfaces/include/custom_interfaces/custom_interfaces/msg/detail/cone__functions.h
-- Up-to-date: /home/pipeline-vm/fsfeup/autonomous-systems/install/custom_interfaces/include/custom_interfaces/custom_interfaces/msg/detail/imu_data__functions.c
-- Up-to-date: /home/pipeline-vm/fsfeup/autonomous-systems/install/custom_interfaces/include/custom_interfaces/custom_interfaces/msg/detail/bamocar_errors__type_support.h
-- Up-to-date: /home/pipeline-vm/fsfeup/autonomous-systems/install/custom_interfaces/include/custom_interfaces/custom_interfaces/msg/detail/gps__type_support.h
-- Up-to-date: /home/pipeline-vm/fsfeup/autonomous-systems/install/custom_interfaces/include/custom_interfaces/custom_interfaces/msg/detail/point_array__functions.c
-- Up-to-date: /home/pipeline-vm/fsfeup/autonomous-systems/install/custom_interfaces/include/custom_interfaces/custom_interfaces/msg/detail/control_parameters__type_support.h
-- Up-to-date: /home/pipeline-vm/fsfeup/autonomous-systems/install/custom_interfaces/include/custom_interfaces/custom_interfaces/msg/detail/pose__functions.c
-- Up-to-date: /home/pipeline-vm/fsfeup/autonomous-systems/install/custom_interfaces/include/custom_interfaces/custom_interfaces/msg/detail/yaw_pitch_roll__struct.h
-- Up-to-date: /home/pipeline-vm/fsfeup/autonomous-systems/install/custom_interfaces/include/custom_interfaces/custom_interfaces/msg/detail/point_array__struct.h
-- Up-to-date: /home/pipeline-vm/fsfeup/autonomous-systems/install/custom_interfaces/include/custom_interfaces/custom_interfaces/msg/detail/steering_angle__type_support.h
-- Up-to-date: /home/pipeline-vm/fsfeup/autonomous-systems/install/custom_interfaces/include/custom_interfaces/custom_interfaces/msg/detail/bounding_box__functions.h
-- Up-to-date: /home/pipeline-vm/fsfeup/autonomous-systems/install/custom_interfaces/include/custom_interfaces/custom_interfaces/msg/detail/perception_parameters__functions.h
-- Up-to-date: /home/pipeline-vm/fsfeup/autonomous-systems/install/custom_interfaces/include/custom_interfaces/custom_interfaces/msg/detail/velocities__struct.h
-- Up-to-date: /home/pipeline-vm/fsfeup/autonomous-systems/install/custom_interfaces/include/custom_interfaces/custom_interfaces/msg/detail/data_log_info2__type_support.h
-- Up-to-date: /home/pipeline-vm/fsfeup/autonomous-systems/install/custom_interfaces/include/custom_interfaces/custom_interfaces/msg/detail/velocity_estimation_parameters__functions.c
-- Up-to-date: /home/pipeline-vm/fsfeup/autonomous-systems/install/custom_interfaces/include/custom_interfaces/custom_interfaces/msg/detail/bounding_box__type_support.h
-- Up-to-date: /home/pipeline-vm/fsfeup/autonomous-systems/install/custom_interfaces/include/custom_interfaces/custom_interfaces/msg/detail/point2d__struct.h
-- Up-to-date: /home/pipeline-vm/fsfeup/autonomous-systems/install/custom_interfaces/include/custom_interfaces/custom_interfaces/msg/detail/imu__struct.h
-- Up-to-date: /home/pipeline-vm/fsfeup/autonomous-systems/install/custom_interfaces/include/custom_interfaces/custom_interfaces/msg/detail/vehicle_state__functions.c
-- Up-to-date: /home/pipeline-vm/fsfeup/autonomous-systems/install/custom_interfaces/include/custom_interfaces/custom_interfaces/msg/detail/lap_current__functions.c
-- Up-to-date: /home/pipeline-vm/fsfeup/autonomous-systems/install/custom_interfaces/include/custom_interfaces/custom_interfaces/msg/detail/previous_control_command__functions.h
-- Up-to-date: /home/pipeline-vm/fsfeup/autonomous-systems/install/custom_interfaces/include/custom_interfaces/custom_interfaces/msg/detail/lap_summary__functions.c
-- Up-to-date: /home/pipeline-vm/fsfeup/autonomous-systems/install/custom_interfaces/include/custom_interfaces/custom_interfaces/msg/detail/yaw_pitch_roll__functions.c
-- Up-to-date: /home/pipeline-vm/fsfeup/autonomous-systems/install/custom_interfaces/include/custom_interfaces/custom_interfaces/msg/detail/motor_state__functions.h
-- Up-to-date: /home/pipeline-vm/fsfeup/autonomous-systems/install/custom_interfaces/include/custom_interfaces/custom_interfaces/msg/detail/control_statistics__functions.h
-- Up-to-date: /home/pipeline-vm/fsfeup/autonomous-systems/install/custom_interfaces/include/custom_interfaces/custom_interfaces/msg/detail/temperature__struct.h
-- Up-to-date: /home/pipeline-vm/fsfeup/autonomous-systems/install/custom_interfaces/include/custom_interfaces/custom_interfaces/msg/detail/control_command__functions.c
-- Up-to-date: /home/pipeline-vm/fsfeup/autonomous-systems/install/custom_interfaces/include/custom_interfaces/custom_interfaces/msg/detail/control_statistics__type_support.h
-- Up-to-date: /home/pipeline-vm/fsfeup/autonomous-systems/install/custom_interfaces/include/custom_interfaces/custom_interfaces/msg/detail/gps__functions.h
-- Up-to-date: /home/pipeline-vm/fsfeup/autonomous-systems/install/custom_interfaces/include/custom_interfaces/custom_interfaces/msg/detail/imu_data__functions.h
-- Up-to-date: /home/pipeline-vm/fsfeup/autonomous-systems/install/custom_interfaces/include/custom_interfaces/custom_interfaces/msg/detail/velocities__type_support.h
-- Up-to-date: /home/pipeline-vm/fsfeup/autonomous-systems/install/custom_interfaces/include/custom_interfaces/custom_interfaces/msg/detail/process_usage__struct.h
-- Up-to-date: /home/pipeline-vm/fsfeup/autonomous-systems/install/custom_interfaces/include/custom_interfaces/custom_interfaces/msg/detail/yaw_pitch_roll__functions.h
-- Up-to-date: /home/pipeline-vm/fsfeup/autonomous-systems/install/custom_interfaces/include/custom_interfaces/custom_interfaces/msg/detail/planning_parameters__functions.c
-- Up-to-date: /home/pipeline-vm/fsfeup/autonomous-systems/install/custom_interfaces/include/custom_interfaces/custom_interfaces/msg/detail/path_point__type_support.h
-- Up-to-date: /home/pipeline-vm/fsfeup/autonomous-systems/install/custom_interfaces/include/custom_interfaces/custom_interfaces/msg/detail/lap_current__type_support.h
-- Up-to-date: /home/pipeline-vm/fsfeup/autonomous-systems/install/custom_interfaces/include/custom_interfaces/custom_interfaces/msg/detail/control_parameters__functions.c
-- Up-to-date: /home/pipeline-vm/fsfeup/autonomous-systems/install/custom_interfaces/include/custom_interfaces/custom_interfaces/msg/detail/vcu__functions.c
-- Up-to-date: /home/pipeline-vm/fsfeup/autonomous-systems/install/custom_interfaces/include/custom_interfaces/custom_interfaces/msg/detail/path_point_array__struct.h
-- Up-to-date: /home/pipeline-vm/fsfeup/autonomous-systems/install/custom_interfaces/include/custom_interfaces/custom_interfaces/msg/detail/imu__functions.h
-- Up-to-date: /home/pipeline-vm/fsfeup/autonomous-systems/install/custom_interfaces/include/custom_interfaces/custom_interfaces/msg/detail/path_point_array__type_support.h
-- Up-to-date: /home/pipeline-vm/fsfeup/autonomous-systems/install/custom_interfaces/include/custom_interfaces/custom_interfaces/msg/detail/bms_errors__functions.h
-- Up-to-date: /home/pipeline-vm/fsfeup/autonomous-systems/install/custom_interfaces/include/custom_interfaces/custom_interfaces/msg/detail/path_point__functions.h
-- Up-to-date: /home/pipeline-vm/fsfeup/autonomous-systems/install/custom_interfaces/include/custom_interfaces/custom_interfaces/msg/detail/data_log_info2__functions.h
-- Up-to-date: /home/pipeline-vm/fsfeup/autonomous-systems/install/custom_interfaces/include/custom_interfaces/custom_interfaces/msg/detail/perception_parameters__type_support.h
-- Up-to-date: /home/pipeline-vm/fsfeup/autonomous-systems/install/custom_interfaces/include/custom_interfaces/custom_interfaces/msg/detail/point_array__type_support.h
-- Up-to-date: /home/pipeline-vm/fsfeup/autonomous-systems/install/custom_interfaces/include/custom_interfaces/custom_interfaces/msg/detail/execution_times__struct.h
-- Up-to-date: /home/pipeline-vm/fsfeup/autonomous-systems/install/custom_interfaces/include/custom_interfaces/custom_interfaces/msg/detail/tire_forces__functions.c
-- Up-to-date: /home/pipeline-vm/fsfeup/autonomous-systems/install/custom_interfaces/include/custom_interfaces/custom_interfaces/msg/detail/imu_acceleration__struct.h
-- Up-to-date: /home/pipeline-vm/fsfeup/autonomous-systems/install/custom_interfaces/include/custom_interfaces/custom_interfaces/msg/detail/point2d__type_support.h
-- Up-to-date: /home/pipeline-vm/fsfeup/autonomous-systems/install/custom_interfaces/include/custom_interfaces/custom_interfaces/msg/detail/control_command__functions.h
-- Up-to-date: /home/pipeline-vm/fsfeup/autonomous-systems/install/custom_interfaces/include/custom_interfaces/custom_interfaces/msg/detail/vcu_command__functions.c
-- Up-to-date: /home/pipeline-vm/fsfeup/autonomous-systems/install/custom_interfaces/include/custom_interfaces/custom_interfaces/msg/detail/process_usage__type_support.h
-- Up-to-date: /home/pipeline-vm/fsfeup/autonomous-systems/install/custom_interfaces/include/custom_interfaces/custom_interfaces/msg/detail/lap_current__functions.h
-- Up-to-date: /home/pipeline-vm/fsfeup/autonomous-systems/install/custom_interfaces/include/custom_interfaces/custom_interfaces/msg/detail/velocities__functions.c
-- Up-to-date: /home/pipeline-vm/fsfeup/autonomous-systems/install/custom_interfaces/include/custom_interfaces/custom_interfaces/msg/detail/wheel_scalars__functions.h
-- Up-to-date: /home/pipeline-vm/fsfeup/autonomous-systems/install/custom_interfaces/include/custom_interfaces/custom_interfaces/msg/detail/process_usage__functions.h
-- Up-to-date: /home/pipeline-vm/fsfeup/autonomous-systems/install/custom_interfaces/include/custom_interfaces/custom_interfaces/msg/detail/aero_forces__struct.h
-- Up-to-date: /home/pipeline-vm/fsfeup/autonomous-systems/install/custom_interfaces/include/custom_interfaces/custom_interfaces/msg/detail/wheel_scalars__functions.c
-- Up-to-date: /home/pipeline-vm/fsfeup/autonomous-systems/install/custom_interfaces/include/custom_interfaces/custom_interfaces/msg/detail/bounding_boxes__functions.c
-- Up-to-date: /home/pipeline-vm/fsfeup/autonomous-systems/install/custom_interfaces/include/custom_interfaces/custom_interfaces/msg/detail/process_usage__functions.c
-- Up-to-date: /home/pipeline-vm/fsfeup/autonomous-systems/install/custom_interfaces/include/custom_interfaces/custom_interfaces/msg/detail/aero_forces__type_support.h
-- Up-to-date: /home/pipeline-vm/fsfeup/autonomous-systems/install/custom_interfaces/include/custom_interfaces/custom_interfaces/msg/detail/control_command__struct.h
-- Up-to-date: /home/pipeline-vm/fsfeup/autonomous-systems/install/custom_interfaces/include/custom_interfaces/custom_interfaces/msg/detail/cone_array__functions.c
-- Up-to-date: /home/pipeline-vm/fsfeup/autonomous-systems/install/custom_interfaces/include/custom_interfaces/custom_interfaces/msg/detail/cone_array__functions.h
-- Up-to-date: /home/pipeline-vm/fsfeup/autonomous-systems/install/custom_interfaces/include/custom_interfaces/custom_interfaces/msg/detail/bounding_box__functions.c
-- Up-to-date: /home/pipeline-vm/fsfeup/autonomous-systems/install/custom_interfaces/include/custom_interfaces/custom_interfaces/msg/detail/motor_state__type_support.h
-- Up-to-date: /home/pipeline-vm/fsfeup/autonomous-systems/install/custom_interfaces/include/custom_interfaces/custom_interfaces/msg/detail/vehicle_state__struct.h
-- Up-to-date: /home/pipeline-vm/fsfeup/autonomous-systems/install/custom_interfaces/include/custom_interfaces/custom_interfaces/msg/detail/path_point__struct.h
-- Up-to-date: /home/pipeline-vm/fsfeup/autonomous-systems/install/custom_interfaces/include/custom_interfaces/custom_interfaces/msg/detail/can_statistics__type_support.h
-- Up-to-date: /home/pipeline-vm/fsfeup/autonomous-systems/install/custom_interfaces/include/custom_interfaces/custom_interfaces/msg/detail/hydraulic_line_pressure__struct.h
-- Up-to-date: /home/pipeline-vm/fsfeup/autonomous-systems/install/custom_interfaces/include/custom_interfaces/custom_interfaces/msg/detail/bms_errors__struct.h
-- Up-to-date: /home/pipeline-vm/fsfeup/autonomous-systems/install/custom_interfaces/include/custom_interfaces/custom_interfaces/msg/detail/lap_statistics__type_support.h
-- Up-to-date: /home/pipeline-vm/fsfeup/autonomous-systems/install/custom_interfaces/include/custom_interfaces/custom_interfaces/msg/detail/yaw_pitch_roll__type_support.h
-- Up-to-date: /home/pipeline-vm/fsfeup/autonomous-systems/install/custom_interfaces/include/custom_interfaces/custom_interfaces/msg/detail/execution_times__functions.h
-- Up-to-date: /home/pipeline-vm/fsfeup/autonomous-systems/install/custom_interfaces/include/custom_interfaces/custom_interfaces/msg/detail/bamocar_errors__functions.h
-- Up-to-date: /home/pipeline-vm/fsfeup/autonomous-systems/install/custom_interfaces/include/custom_interfaces/custom_interfaces/msg/detail/bounding_boxes__functions.h
-- Up-to-date: /home/pipeline-vm/fsfeup/autonomous-systems/install/custom_interfaces/include/custom_interfaces/custom_interfaces/msg/detail/operational_status__functions.c
-- Up-to-date: /home/pipeline-vm/fsfeup/autonomous-systems/install/custom_interfaces/include/custom_interfaces/custom_interfaces/msg/detail/vehicle_state_vector__struct.h
-- Up-to-date: /home/pipeline-vm/fsfeup/autonomous-systems/install/custom_interfaces/include/custom_interfaces/custom_interfaces/msg/detail/path_point__functions.c
-- Up-to-date: /home/pipeline-vm/fsfeup/autonomous-systems/install/custom_interfaces/include/custom_interfaces/custom_interfaces/msg/detail/cells_temps__functions.h
-- Up-to-date: /home/pipeline-vm/fsfeup/autonomous-systems/install/custom_interfaces/include/custom_interfaces/custom_interfaces/msg/detail/perception_output__functions.c
-- Up-to-date: /home/pipeline-vm/fsfeup/autonomous-systems/install/custom_interfaces/include/custom_interfaces/custom_interfaces/msg/detail/pose__struct.h
-- Up-to-date: /home/pipeline-vm/fsfeup/autonomous-systems/install/custom_interfaces/include/custom_interfaces/custom_interfaces/msg/detail/imu_data__type_support.h
-- Up-to-date: /home/pipeline-vm/fsfeup/autonomous-systems/install/custom_interfaces/include/custom_interfaces/custom_interfaces/msg/detail/aero_forces__functions.c
-- Up-to-date: /home/pipeline-vm/fsfeup/autonomous-systems/install/custom_interfaces/include/custom_interfaces/custom_interfaces/msg/detail/can_statistics__struct.h
-- Up-to-date: /home/pipeline-vm/fsfeup/autonomous-systems/install/custom_interfaces/include/custom_interfaces/custom_interfaces/msg/detail/previous_control_command__type_support.h
-- Up-to-date: /home/pipeline-vm/fsfeup/autonomous-systems/install/custom_interfaces/include/custom_interfaces/custom_interfaces/msg/detail/wheel_scalars__type_support.h
-- Up-to-date: /home/pipeline-vm/fsfeup/autonomous-systems/install/custom_interfaces/include/custom_interfaces/custom_interfaces/msg/detail/vehicle_state__type_support.h
-- Up-to-date: /home/pipeline-vm/fsfeup/autonomous-systems/install/custom_interfaces/include/custom_interfaces/custom_interfaces/msg/detail/cone__functions.c
-- Up-to-date: /home/pipeline-vm/fsfeup/autonomous-systems/install/custom_interfaces/include/custom_interfaces/custom_interfaces/msg/detail/tire_forces__type_support.h
-- Up-to-date: /home/pipeline-vm/fsfeup/autonomous-systems/install/custom_interfaces/include/custom_interfaces/custom_interfaces/msg/detail/battery_state__functions.h
-- Up-to-date: /home/pipeline-vm/fsfeup/autonomous-systems/install/custom_interfaces/include/custom_interfaces/custom_interfaces/msg/detail/velocity_estimation_parameters__struct.h
-- Up-to-date: /home/pipeline-vm/fsfeup/autonomous-systems/install/custom_interfaces/include/custom_interfaces/custom_interfaces/msg/detail/lap_summary__struct.h
-- Up-to-date: /home/pipeline-vm/fsfeup/autonomous-systems/install/custom_interfaces/include/custom_interfaces/custom_interfaces/msg/detail/vcu_command__functions.h
-- Up-to-date: /home/pipeline-vm/fsfeup/autonomous-systems/install/custom_interfaces/include/custom_interfaces/custom_interfaces/msg/detail/cone__type_support.h
-- Up-to-date: /home/pipeline-vm/fsfeup/autonomous-systems/install/custom_interfaces/include/custom_interfaces/custom_interfaces/msg/detail/vehicle_state__functions.h
-- Up-to-date: /home/pipeline-vm/fsfeup/autonomous-systems/install/custom_interfaces/include/custom_interfaces/custom_interfaces/msg/detail/bamocar_errors__struct.h
-- Up-to-date: /home/pipeline-vm/fsfeup/autonomous-systems/install/custom_interfaces/include/custom_interfaces/custom_interfaces/msg/detail/wheel_rpm__functions.h
-- Up-to-date: /home/pipeline-vm/fsfeup/autonomous-systems/install/custom_interfaces/include/custom_interfaces/custom_interfaces/msg/detail/control_statistics__struct.h
-- Up-to-date: /home/pipeline-vm/fsfeup/autonomous-systems/install/custom_interfaces/include/custom_interfaces/custom_interfaces/msg/detail/hydraulic_line_pressure__functions.h
-- Up-to-date: /home/pipeline-vm/fsfeup/autonomous-systems/install/custom_interfaces/include/custom_interfaces/custom_interfaces/msg/detail/vcu__type_support.h
-- Up-to-date: /home/pipeline-vm/fsfeup/autonomous-systems/install/custom_interfaces/include/custom_interfaces/custom_interfaces/msg/detail/vehicle_state_vector__type_support.h
-- Up-to-date: /home/pipeline-vm/fsfeup/autonomous-systems/install/custom_interfaces/include/custom_interfaces/custom_interfaces/msg/detail/point2d__functions.c
-- Up-to-date: /home/pipeline-vm/fsfeup/autonomous-systems/install/custom_interfaces/include/custom_interfaces/custom_interfaces/msg/detail/data_log_info2__functions.c
-- Up-to-date: /home/pipeline-vm/fsfeup/autonomous-systems/install/custom_interfaces/include/custom_interfaces/custom_interfaces/msg/detail/imu_acceleration__type_support.h
-- Up-to-date: /home/pipeline-vm/fsfeup/autonomous-systems/install/custom_interfaces/include/custom_interfaces/custom_interfaces/msg/detail/motor_state__functions.c
-- Up-to-date: /home/pipeline-vm/fsfeup/autonomous-systems/install/custom_interfaces/include/custom_interfaces/custom_interfaces/msg/detail/control_command__type_support.h
-- Up-to-date: /home/pipeline-vm/fsfeup/autonomous-systems/install/custom_interfaces/include/custom_interfaces/custom_interfaces/msg/detail/data_log_info1__functions.c
-- Up-to-date: /home/pipeline-vm/fsfeup/autonomous-systems/install/custom_interfaces/include/custom_interfaces/custom_interfaces/msg/detail/tire_forces__functions.h
-- Up-to-date: /home/pipeline-vm/fsfeup/autonomous-systems/install/custom_interfaces/include/custom_interfaces/custom_interfaces/msg/detail/cone__struct.h
-- Up-to-date: /home/pipeline-vm/fsfeup/autonomous-systems/install/custom_interfaces/include/custom_interfaces/custom_interfaces/msg/detail/data_log_info1__struct.h
-- Up-to-date: /home/pipeline-vm/fsfeup/autonomous-systems/install/custom_interfaces/include/custom_interfaces/custom_interfaces/msg/detail/imu_acceleration__functions.c
-- Up-to-date: /home/pipeline-vm/fsfeup/autonomous-systems/install/custom_interfaces/include/custom_interfaces/custom_interfaces/msg/detail/data_log_info1__functions.h
-- Up-to-date: /home/pipeline-vm/fsfeup/autonomous-systems/install/custom_interfaces/include/custom_interfaces/custom_interfaces/msg/detail/hydraulic_line_pressure__type_support.h
-- Up-to-date: /home/pipeline-vm/fsfeup/autonomous-systems/install/custom_interfaces/include/custom_interfaces/custom_interfaces/msg/detail/slam_parameters__struct.h
-- Up-to-date: /home/pipeline-vm/fsfeup/autonomous-systems/install/custom_interfaces/include/custom_interfaces/custom_interfaces/msg/detail/operational_status__functions.h
-- Up-to-date: /home/pipeline-vm/fsfeup/autonomous-systems/install/custom_interfaces/include/custom_interfaces/custom_interfaces/msg/detail/bounding_boxes__struct.h
-- Up-to-date: /home/pipeline-vm/fsfeup/autonomous-systems/install/custom_interfaces/include/custom_interfaces/custom_interfaces/msg/detail/velocities__functions.h
-- Up-to-date: /home/pipeline-vm/fsfeup/autonomous-systems/install/custom_interfaces/include/custom_interfaces/custom_interfaces/msg/detail/temperature__functions.h
-- Up-to-date: /home/pipeline-vm/fsfeup/autonomous-systems/install/custom_interfaces/include/custom_interfaces/custom_interfaces/msg/detail/imu_data__struct.h
-- Up-to-date: /home/pipeline-vm/fsfeup/autonomous-systems/install/custom_interfaces/include/custom_interfaces/custom_interfaces/msg/detail/pose__functions.h
-- Up-to-date: /home/pipeline-vm/fsfeup/autonomous-systems/install/custom_interfaces/include/custom_interfaces/custom_interfaces/msg/detail/operational_status__type_support.h
-- Up-to-date: /home/pipeline-vm/fsfeup/autonomous-systems/install/custom_interfaces/include/custom_interfaces/custom_interfaces/msg/detail/control_parameters__functions.h
-- Up-to-date: /home/pipeline-vm/fsfeup/autonomous-systems/install/custom_interfaces/include/custom_interfaces/custom_interfaces/msg/detail/battery_state__functions.c
-- Up-to-date: /home/pipeline-vm/fsfeup/autonomous-systems/install/custom_interfaces/include/custom_interfaces/custom_interfaces/msg/detail/lap_summary__type_support.h
-- Up-to-date: /home/pipeline-vm/fsfeup/autonomous-systems/install/custom_interfaces/include/custom_interfaces/custom_interfaces/msg/detail/previous_control_command__struct.h
-- Up-to-date: /home/pipeline-vm/fsfeup/autonomous-systems/install/custom_interfaces/include/custom_interfaces/custom_interfaces/msg/detail/planning_parameters__functions.h
-- Up-to-date: /home/pipeline-vm/fsfeup/autonomous-systems/install/custom_interfaces/include/custom_interfaces/custom_interfaces/msg/detail/imu__type_support.h
-- Up-to-date: /home/pipeline-vm/fsfeup/autonomous-systems/install/custom_interfaces/include/custom_interfaces/custom_interfaces/msg/detail/wheel_rpm__type_support.h
-- Up-to-date: /home/pipeline-vm/fsfeup/autonomous-systems/install/custom_interfaces/include/custom_interfaces/custom_interfaces/msg/detail/path_point_array__functions.h
-- Up-to-date: /home/pipeline-vm/fsfeup/autonomous-systems/install/custom_interfaces/include/custom_interfaces/custom_interfaces/msg/detail/can_statistics__functions.h
-- Up-to-date: /home/pipeline-vm/fsfeup/autonomous-systems/install/custom_interfaces/include/custom_interfaces/custom_interfaces/msg/detail/imu__functions.c
-- Up-to-date: /home/pipeline-vm/fsfeup/autonomous-systems/install/custom_interfaces/include/custom_interfaces/custom_interfaces/msg/detail/cone_array__struct.h
-- Up-to-date: /home/pipeline-vm/fsfeup/autonomous-systems/install/custom_interfaces/include/custom_interfaces/custom_interfaces/msg/detail/perception_parameters__functions.c
-- Up-to-date: /home/pipeline-vm/fsfeup/autonomous-systems/install/custom_interfaces/include/custom_interfaces/custom_interfaces/msg/detail/lap_statistics__functions.h
-- Up-to-date: /home/pipeline-vm/fsfeup/autonomous-systems/install/custom_interfaces/include/custom_interfaces/custom_interfaces/msg/detail/slam_parameters__type_support.h
-- Up-to-date: /home/pipeline-vm/fsfeup/autonomous-systems/install/custom_interfaces/include/custom_interfaces/custom_interfaces/msg/detail/aero_forces__functions.h
-- Up-to-date: /home/pipeline-vm/fsfeup/autonomous-systems/install/custom_interfaces/include/custom_interfaces/custom_interfaces/msg/detail/process_usage_array__type_support.h
-- Up-to-date: /home/pipeline-vm/fsfeup/autonomous-systems/install/custom_interfaces/include/custom_interfaces/custom_interfaces/msg/detail/hydraulic_line_pressure__functions.c
-- Up-to-date: /home/pipeline-vm/fsfeup/autonomous-systems/install/custom_interfaces/include/custom_interfaces/custom_interfaces/msg/detail/cells_temps__type_support.h
-- Up-to-date: /home/pipeline-vm/fsfeup/autonomous-systems/install/custom_interfaces/include/custom_interfaces/custom_interfaces/msg/detail/process_usage_array__functions.h
-- Up-to-date: /home/pipeline-vm/fsfeup/autonomous-systems/install/custom_interfaces/include/custom_interfaces/custom_interfaces/msg/detail/slam_parameters__functions.c
-- Up-to-date: /home/pipeline-vm/fsfeup/autonomous-systems/install/custom_interfaces/include/custom_interfaces/custom_interfaces/msg/detail/imu_acceleration__functions.h
-- Up-to-date: /home/pipeline-vm/fsfeup/autonomous-systems/install/custom_interfaces/include/custom_interfaces/custom_interfaces/msg/detail/gps__struct.h
-- Up-to-date: /home/pipeline-vm/fsfeup/autonomous-systems/install/custom_interfaces/include/custom_interfaces/custom_interfaces/msg/detail/bounding_box__struct.h
-- Up-to-date: /home/pipeline-vm/fsfeup/autonomous-systems/install/custom_interfaces/include/custom_interfaces/custom_interfaces/msg/detail/vcu_command__struct.h
-- Up-to-date: /home/pipeline-vm/fsfeup/autonomous-systems/install/custom_interfaces/include/custom_interfaces/custom_interfaces/msg/detail/perception_output__functions.h
-- Up-to-date: /home/pipeline-vm/fsfeup/autonomous-systems/install/custom_interfaces/include/custom_interfaces/custom_interfaces/msg/detail/temperature__functions.c
-- Up-to-date: /home/pipeline-vm/fsfeup/autonomous-systems/install/custom_interfaces/include/custom_interfaces/custom_interfaces/msg/detail/perception_parameters__struct.h
-- Up-to-date: /home/pipeline-vm/fsfeup/autonomous-systems/install/custom_interfaces/include/custom_interfaces/custom_interfaces/msg/detail/vcu__functions.h
-- Up-to-date: /home/pipeline-vm/fsfeup/autonomous-systems/install/custom_interfaces/include/custom_interfaces/custom_interfaces/msg/process_usage.h
-- Up-to-date: /home/pipeline-vm/fsfeup/autonomous-systems/install/custom_interfaces/include/custom_interfaces/custom_interfaces/msg/velocities.h
-- Up-to-date: /home/pipeline-vm/fsfeup/autonomous-systems/install/custom_interfaces/include/custom_interfaces/custom_interfaces/msg/wheel_scalars.h
-- Up-to-date: /home/pipeline-vm/fsfeup/autonomous-systems/install/custom_interfaces/include/custom_interfaces/custom_interfaces/msg/vcu_command.h
-- Up-to-date: /home/pipeline-vm/fsfeup/autonomous-systems/install/custom_interfaces/include/custom_interfaces/custom_interfaces/msg/vcu.h
-- Up-to-date: /home/pipeline-vm/fsfeup/autonomous-systems/install/custom_interfaces/include/custom_interfaces/custom_interfaces/msg/planning_parameters.h
-- Up-to-date: /home/pipeline-vm/fsfeup/autonomous-systems/install/custom_interfaces/include/custom_interfaces/custom_interfaces/msg/tire_forces.h
-- Up-to-date: /home/pipeline-vm/fsfeup/autonomous-systems/install/custom_interfaces/include/custom_interfaces/custom_interfaces/msg/point_array.h
-- Up-to-date: /home/pipeline-vm/fsfeup/autonomous-systems/install/custom_interfaces/include/custom_interfaces/custom_interfaces/msg/bamocar_errors.h
-- Up-to-date: /home/pipeline-vm/fsfeup/autonomous-systems/install/custom_interfaces/share/custom_interfaces/environment/library_path.sh
-- Up-to-date: /home/pipeline-vm/fsfeup/autonomous-systems/install/custom_interfaces/share/custom_interfaces/environment/library_path.dsv
-- Up-to-date: /home/pipeline-vm/fsfeup/autonomous-systems/install/custom_interfaces/lib/libcustom_interfaces__rosidl_generator_c.so
-- Up-to-date: /home/pipeline-vm/fsfeup/autonomous-systems/install/custom_interfaces/include/custom_interfaces/custom_interfaces
-- Up-to-date: /home/pipeline-vm/fsfeup/autonomous-systems/install/custom_interfaces/include/custom_interfaces/custom_interfaces/msg
-- Up-to-date: /home/pipeline-vm/fsfeup/autonomous-systems/install/custom_interfaces/include/custom_interfaces/custom_interfaces/msg/rosidl_typesupport_fastrtps_c__visibility_control.h
-- Up-to-date: /home/pipeline-vm/fsfeup/autonomous-systems/install/custom_interfaces/include/custom_interfaces/custom_interfaces/msg/detail
-- Up-to-date: /home/pipeline-vm/fsfeup/autonomous-systems/install/custom_interfaces/include/custom_interfaces/custom_interfaces/msg/detail/lap_current__rosidl_typesupport_fastrtps_c.h
-- Up-to-date: /home/pipeline-vm/fsfeup/autonomous-systems/install/custom_interfaces/include/custom_interfaces/custom_interfaces/msg/detail/can_statistics__rosidl_typesupport_fastrtps_c.h
-- Up-to-date: /home/pipeline-vm/fsfeup/autonomous-systems/install/custom_interfaces/include/custom_interfaces/custom_interfaces/msg/detail/perception_output__rosidl_typesupport_fastrtps_c.h
-- Up-to-date: /home/pipeline-vm/fsfeup/autonomous-systems/install/custom_interfaces/include/custom_interfaces/custom_interfaces/msg/detail/pose__rosidl_typesupport_fastrtps_c.h
-- Up-to-date: /home/pipeline-vm/fsfeup/autonomous-systems/install/custom_interfaces/include/custom_interfaces/custom_interfaces/msg/detail/imu__rosidl_typesupport_fastrtps_c.h
-- Up-to-date: /home/pipeline-vm/fsfeup/autonomous-systems/install/custom_interfaces/include/custom_interfaces/custom_interfaces/msg/detail/point_array__rosidl_typesupport_fastrtps_c.h
-- Up-to-date: /home/pipeline-vm/fsfeup/autonomous-systems/install/custom_interfaces/include/custom_interfaces/custom_interfaces/msg/detail/control_statistics__rosidl_typesupport_fastrtps_c.h
-- Up-to-date: /home/pipeline-vm/fsfeup/autonomous-systems/install/custom_interfaces/include/custom_interfaces/custom_interfaces/msg/detail/imu_data__rosidl_typesupport_fastrtps_c.h
-- Up-to-date: /home/pipeline-vm/fsfeup/autonomous-systems/install/custom_interfaces/include/custom_interfaces/custom_interfaces/msg/detail/hydraulic_line_pressure__rosidl_typesupport_fastrtps_c.h
-- Up-to-date: /home/pipeline-vm/fsfeup/autonomous-systems/install/custom_interfaces/include/custom_interfaces/custom_interfaces/msg/detail/vehicle_state_vector__rosidl_typesupport_fastrtps_c.h
-- Up-to-date: /home/pipeline-vm/fsfeup/autonomous-systems/install/custom_interfaces/include/custom_interfaces/custom_interfaces/msg/detail/imu_acceleration__rosidl_typesupport_fastrtps_c.h
-- Up-to-date: /home/pipeline-vm/fsfeup/autonomous-systems/install/custom_interfaces/include/custom_interfaces/custom_interfaces/msg/detail/planning_parameters__rosidl_typesupport_fastrtps_c.h
-- Up-to-date: /home/pipeline-vm/fsfeup/autonomous-systems/install/custom_interfaces/include/custom_interfaces/custom_interfaces/msg/detail/bamocar_errors__rosidl_typesupport_fastrtps_c.h
-- Up-to-date: /home/pipeline-vm/fsfeup/autonomous-systems/install/custom_interfaces/include/custom_interfaces/custom_interfaces/msg/detail/yaw_pitch_roll__rosidl_typesupport_fastrtps_c.h
-- Up-to-date: /home/pipeline-vm/fsfeup/autonomous-systems/install/custom_interfaces/include/custom_interfaces/custom_interfaces/msg/detail/vcu_command__rosidl_typesupport_fastrtps_c.h
-- Up-to-date: /home/pipeline-vm/fsfeup/autonomous-systems/install/custom_interfaces/include/custom_interfaces/custom_interfaces/msg/detail/previous_control_command__rosidl_typesupport_fastrtps_c.h
-- Up-to-date: /home/pipeline-vm/fsfeup/autonomous-systems/install/custom_interfaces/include/custom_interfaces/custom_interfaces/msg/detail/lap_summary__rosidl_typesupport_fastrtps_c.h
-- Up-to-date: /home/pipeline-vm/fsfeup/autonomous-systems/install/custom_interfaces/include/custom_interfaces/custom_interfaces/msg/detail/cone__rosidl_typesupport_fastrtps_c.h
-- Up-to-date: /home/pipeline-vm/fsfeup/autonomous-systems/install/custom_interfaces/include/custom_interfaces/custom_interfaces/msg/detail/execution_times__rosidl_typesupport_fastrtps_c.h
-- Up-to-date: /home/pipeline-vm/fsfeup/autonomous-systems/install/custom_interfaces/include/custom_interfaces/custom_interfaces/msg/detail/data_log_info1__rosidl_typesupport_fastrtps_c.h
-- Up-to-date: /home/pipeline-vm/fsfeup/autonomous-systems/install/custom_interfaces/include/custom_interfaces/custom_interfaces/msg/detail/bounding_boxes__rosidl_typesupport_fastrtps_c.h
-- Up-to-date: /home/pipeline-vm/fsfeup/autonomous-systems/install/custom_interfaces/include/custom_interfaces/custom_interfaces/msg/detail/battery_state__rosidl_typesupport_fastrtps_c.h
-- Up-to-date: /home/pipeline-vm/fsfeup/autonomous-systems/install/custom_interfaces/include/custom_interfaces/custom_interfaces/msg/detail/slam_parameters__rosidl_typesupport_fastrtps_c.h
-- Up-to-date: /home/pipeline-vm/fsfeup/autonomous-systems/install/custom_interfaces/include/custom_interfaces/custom_interfaces/msg/detail/motor_state__rosidl_typesupport_fastrtps_c.h
-- Up-to-date: /home/pipeline-vm/fsfeup/autonomous-systems/install/custom_interfaces/include/custom_interfaces/custom_interfaces/msg/detail/cells_temps__rosidl_typesupport_fastrtps_c.h
-- Up-to-date: /home/pipeline-vm/fsfeup/autonomous-systems/install/custom_interfaces/include/custom_interfaces/custom_interfaces/msg/detail/control_command__rosidl_typesupport_fastrtps_c.h
-- Up-to-date: /home/pipeline-vm/fsfeup/autonomous-systems/install/custom_interfaces/include/custom_interfaces/custom_interfaces/msg/detail/tire_forces__rosidl_typesupport_fastrtps_c.h
-- Up-to-date: /home/pipeline-vm/fsfeup/autonomous-systems/install/custom_interfaces/include/custom_interfaces/custom_interfaces/msg/detail/process_usage__rosidl_typesupport_fastrtps_c.h
-- Up-to-date: /home/pipeline-vm/fsfeup/autonomous-systems/install/custom_interfaces/include/custom_interfaces/custom_interfaces/msg/detail/vcu__rosidl_typesupport_fastrtps_c.h
-- Up-to-date: /home/pipeline-vm/fsfeup/autonomous-systems/install/custom_interfaces/include/custom_interfaces/custom_interfaces/msg/detail/velocity_estimation_parameters__rosidl_typesupport_fastrtps_c.h
-- Up-to-date: /home/pipeline-vm/fsfeup/autonomous-systems/install/custom_interfaces/include/custom_interfaces/custom_interfaces/msg/detail/steering_angle__rosidl_typesupport_fastrtps_c.h
-- Up-to-date: /home/pipeline-vm/fsfeup/autonomous-systems/install/custom_interfaces/include/custom_interfaces/custom_interfaces/msg/detail/process_usage_array__rosidl_typesupport_fastrtps_c.h
-- Up-to-date: /home/pipeline-vm/fsfeup/autonomous-systems/install/custom_interfaces/include/custom_interfaces/custom_interfaces/msg/detail/temperature__rosidl_typesupport_fastrtps_c.h
-- Up-to-date: /home/pipeline-vm/fsfeup/autonomous-systems/install/custom_interfaces/include/custom_interfaces/custom_interfaces/msg/detail/velocities__rosidl_typesupport_fastrtps_c.h
-- Up-to-date: /home/pipeline-vm/fsfeup/autonomous-systems/install/custom_interfaces/include/custom_interfaces/custom_interfaces/msg/detail/path_point_array__rosidl_typesupport_fastrtps_c.h
-- Up-to-date: /home/pipeline-vm/fsfeup/autonomous-systems/install/custom_interfaces/include/custom_interfaces/custom_interfaces/msg/detail/control_parameters__rosidl_typesupport_fastrtps_c.h
-- Up-to-date: /home/pipeline-vm/fsfeup/autonomous-systems/install/custom_interfaces/include/custom_interfaces/custom_interfaces/msg/detail/gps__rosidl_typesupport_fastrtps_c.h
-- Up-to-date: /home/pipeline-vm/fsfeup/autonomous-systems/install/custom_interfaces/include/custom_interfaces/custom_interfaces/msg/detail/bounding_box__rosidl_typesupport_fastrtps_c.h
-- Up-to-date: /home/pipeline-vm/fsfeup/autonomous-systems/install/custom_interfaces/include/custom_interfaces/custom_interfaces/msg/detail/wheel_rpm__rosidl_typesupport_fastrtps_c.h
-- Up-to-date: /home/pipeline-vm/fsfeup/autonomous-systems/install/custom_interfaces/include/custom_interfaces/custom_interfaces/msg/detail/vehicle_state__rosidl_typesupport_fastrtps_c.h
-- Up-to-date: /home/pipeline-vm/fsfeup/autonomous-systems/install/custom_interfaces/include/custom_interfaces/custom_interfaces/msg/detail/path_point__rosidl_typesupport_fastrtps_c.h
-- Up-to-date: /home/pipeline-vm/fsfeup/autonomous-systems/install/custom_interfaces/include/custom_interfaces/custom_interfaces/msg/detail/lap_statistics__rosidl_typesupport_fastrtps_c.h
-- Up-to-date: /home/pipeline-vm/fsfeup/autonomous-systems/install/custom_interfaces/include/custom_interfaces/custom_interfaces/msg/detail/aero_forces__rosidl_typesupport_fastrtps_c.h
-- Up-to-date: /home/pipeline-vm/fsfeup/autonomous-systems/install/custom_interfaces/include/custom_interfaces/custom_interfaces/msg/detail/cone_array__rosidl_typesupport_fastrtps_c.h
-- Up-to-date: /home/pipeline-vm/fsfeup/autonomous-systems/install/custom_interfaces/include/custom_interfaces/custom_interfaces/msg/detail/point2d__rosidl_typesupport_fastrtps_c.h
-- Up-to-date: /home/pipeline-vm/fsfeup/autonomous-systems/install/custom_interfaces/include/custom_interfaces/custom_interfaces/msg/detail/data_log_info2__rosidl_typesupport_fastrtps_c.h
-- Up-to-date: /home/pipeline-vm/fsfeup/autonomous-systems/install/custom_interfaces/include/custom_interfaces/custom_interfaces/msg/detail/operational_status__rosidl_typesupport_fastrtps_c.h
-- Up-to-date: /home/pipeline-vm/fsfeup/autonomous-systems/install/custom_interfaces/include/custom_interfaces/custom_interfaces/msg/detail/bms_errors__rosidl_typesupport_fastrtps_c.h
-- Up-to-date: /home/pipeline-vm/fsfeup/autonomous-systems/install/custom_interfaces/include/custom_interfaces/custom_interfaces/msg/detail/perception_parameters__rosidl_typesupport_fastrtps_c.h
-- Up-to-date: /home/pipeline-vm/fsfeup/autonomous-systems/install/custom_interfaces/include/custom_interfaces/custom_interfaces/msg/detail/wheel_scalars__rosidl_typesupport_fastrtps_c.h
-- Up-to-date: /home/pipeline-vm/fsfeup/autonomous-systems/install/custom_interfaces/lib/libcustom_interfaces__rosidl_typesupport_fastrtps_c.so
-- Up-to-date: /home/pipeline-vm/fsfeup/autonomous-systems/install/custom_interfaces/include/custom_interfaces/custom_interfaces
-- Up-to-date: /home/pipeline-vm/fsfeup/autonomous-systems/install/custom_interfaces/include/custom_interfaces/custom_interfaces/msg
-- Up-to-date: /home/pipeline-vm/fsfeup/autonomous-systems/install/custom_interfaces/include/custom_interfaces/custom_interfaces/msg/rosidl_typesupport_introspection_c__visibility_control.h
-- Up-to-date: /home/pipeline-vm/fsfeup/autonomous-systems/install/custom_interfaces/include/custom_interfaces/custom_interfaces/msg/detail
-- Up-to-date: /home/pipeline-vm/fsfeup/autonomous-systems/install/custom_interfaces/include/custom_interfaces/custom_interfaces/msg/detail/wheel_rpm__type_support.c
-- Up-to-date: /home/pipeline-vm/fsfeup/autonomous-systems/install/custom_interfaces/include/custom_interfaces/custom_interfaces/msg/detail/path_point__type_support.c
-- Up-to-date: /home/pipeline-vm/fsfeup/autonomous-systems/install/custom_interfaces/include/custom_interfaces/custom_interfaces/msg/detail/data_log_info2__rosidl_typesupport_introspection_c.h
-- Up-to-date: /home/pipeline-vm/fsfeup/autonomous-systems/install/custom_interfaces/include/custom_interfaces/custom_interfaces/msg/detail/control_command__rosidl_typesupport_introspection_c.h
-- Up-to-date: /home/pipeline-vm/fsfeup/autonomous-systems/install/custom_interfaces/include/custom_interfaces/custom_interfaces/msg/detail/can_statistics__rosidl_typesupport_introspection_c.h
-- Up-to-date: /home/pipeline-vm/fsfeup/autonomous-systems/install/custom_interfaces/include/custom_interfaces/custom_interfaces/msg/detail/perception_parameters__type_support.c
-- Up-to-date: /home/pipeline-vm/fsfeup/autonomous-systems/install/custom_interfaces/include/custom_interfaces/custom_interfaces/msg/detail/temperature__type_support.c
-- Up-to-date: /home/pipeline-vm/fsfeup/autonomous-systems/install/custom_interfaces/include/custom_interfaces/custom_interfaces/msg/detail/slam_parameters__type_support.c
-- Up-to-date: /home/pipeline-vm/fsfeup/autonomous-systems/install/custom_interfaces/include/custom_interfaces/custom_interfaces/msg/detail/tire_forces__type_support.c
-- Up-to-date: /home/pipeline-vm/fsfeup/autonomous-systems/install/custom_interfaces/include/custom_interfaces/custom_interfaces/msg/detail/wheel_scalars__rosidl_typesupport_introspection_c.h
-- Up-to-date: /home/pipeline-vm/fsfeup/autonomous-systems/install/custom_interfaces/include/custom_interfaces/custom_interfaces/msg/detail/control_command__type_support.c
-- Up-to-date: /home/pipeline-vm/fsfeup/autonomous-systems/install/custom_interfaces/include/custom_interfaces/custom_interfaces/msg/detail/process_usage_array__rosidl_typesupport_introspection_c.h
-- Up-to-date: /home/pipeline-vm/fsfeup/autonomous-systems/install/custom_interfaces/include/custom_interfaces/custom_interfaces/msg/detail/point_array__type_support.c
-- Up-to-date: /home/pipeline-vm/fsfeup/autonomous-systems/install/custom_interfaces/include/custom_interfaces/custom_interfaces/msg/detail/velocities__rosidl_typesupport_introspection_c.h
-- Up-to-date: /home/pipeline-vm/fsfeup/autonomous-systems/install/custom_interfaces/include/custom_interfaces/custom_interfaces/msg/detail/pose__type_support.c
-- Up-to-date: /home/pipeline-vm/fsfeup/autonomous-systems/install/custom_interfaces/include/custom_interfaces/custom_interfaces/msg/detail/bounding_box__type_support.c
-- Up-to-date: /home/pipeline-vm/fsfeup/autonomous-systems/install/custom_interfaces/include/custom_interfaces/custom_interfaces/msg/detail/aero_forces__type_support.c
-- Up-to-date: /home/pipeline-vm/fsfeup/autonomous-systems/install/custom_interfaces/include/custom_interfaces/custom_interfaces/msg/detail/lap_summary__type_support.c
-- Up-to-date: /home/pipeline-vm/fsfeup/autonomous-systems/install/custom_interfaces/include/custom_interfaces/custom_interfaces/msg/detail/cells_temps__type_support.c
-- Up-to-date: /home/pipeline-vm/fsfeup/autonomous-systems/install/custom_interfaces/include/custom_interfaces/custom_interfaces/msg/detail/motor_state__rosidl_typesupport_introspection_c.h
-- Up-to-date: /home/pipeline-vm/fsfeup/autonomous-systems/install/custom_interfaces/include/custom_interfaces/custom_interfaces/msg/detail/hydraulic_line_pressure__type_support.c
-- Up-to-date: /home/pipeline-vm/fsfeup/autonomous-systems/install/custom_interfaces/include/custom_interfaces/custom_interfaces/msg/detail/imu__type_support.c
-- Up-to-date: /home/pipeline-vm/fsfeup/autonomous-systems/install/custom_interfaces/include/custom_interfaces/custom_interfaces/msg/detail/lap_statistics__rosidl_typesupport_introspection_c.h
-- Up-to-date: /home/pipeline-vm/fsfeup/autonomous-systems/install/custom_interfaces/include/custom_interfaces/custom_interfaces/msg/detail/cone_array__type_support.c
-- Up-to-date: /home/pipeline-vm/fsfeup/autonomous-systems/install/custom_interfaces/include/custom_interfaces/custom_interfaces/msg/detail/vehicle_state__type_support.c
-- Up-to-date: /home/pipeline-vm/fsfeup/autonomous-systems/install/custom_interfaces/include/custom_interfaces/custom_interfaces/msg/detail/point2d__rosidl_typesupport_introspection_c.h
-- Up-to-date: /home/pipeline-vm/fsfeup/autonomous-systems/install/custom_interfaces/include/custom_interfaces/custom_interfaces/msg/detail/previous_control_command__rosidl_typesupport_introspection_c.h
-- Up-to-date: /home/pipeline-vm/fsfeup/autonomous-systems/install/custom_interfaces/include/custom_interfaces/custom_interfaces/msg/detail/execution_times__rosidl_typesupport_introspection_c.h
-- Up-to-date: /home/pipeline-vm/fsfeup/autonomous-systems/install/custom_interfaces/include/custom_interfaces/custom_interfaces/msg/detail/bms_errors__rosidl_typesupport_introspection_c.h
-- Up-to-date: /home/pipeline-vm/fsfeup/autonomous-systems/install/custom_interfaces/include/custom_interfaces/custom_interfaces/msg/detail/planning_parameters__type_support.c
-- Up-to-date: /home/pipeline-vm/fsfeup/autonomous-systems/install/custom_interfaces/include/custom_interfaces/custom_interfaces/msg/detail/control_statistics__rosidl_typesupport_introspection_c.h
-- Up-to-date: /home/pipeline-vm/fsfeup/autonomous-systems/install/custom_interfaces/include/custom_interfaces/custom_interfaces/msg/detail/wheel_scalars__type_support.c
-- Up-to-date: /home/pipeline-vm/fsfeup/autonomous-systems/install/custom_interfaces/include/custom_interfaces/custom_interfaces/msg/detail/wheel_rpm__rosidl_typesupport_introspection_c.h
-- Up-to-date: /home/pipeline-vm/fsfeup/autonomous-systems/install/custom_interfaces/include/custom_interfaces/custom_interfaces/msg/detail/control_parameters__rosidl_typesupport_introspection_c.h
-- Up-to-date: /home/pipeline-vm/fsfeup/autonomous-systems/install/custom_interfaces/include/custom_interfaces/custom_interfaces/msg/detail/gps__type_support.c
-- Up-to-date: /home/pipeline-vm/fsfeup/autonomous-systems/install/custom_interfaces/include/custom_interfaces/custom_interfaces/msg/detail/bounding_box__rosidl_typesupport_introspection_c.h
-- Up-to-date: /home/pipeline-vm/fsfeup/autonomous-systems/install/custom_interfaces/include/custom_interfaces/custom_interfaces/msg/detail/bamocar_errors__type_support.c
-- Up-to-date: /home/pipeline-vm/fsfeup/autonomous-systems/install/custom_interfaces/include/custom_interfaces/custom_interfaces/msg/detail/battery_state__type_support.c
-- Up-to-date: /home/pipeline-vm/fsfeup/autonomous-systems/install/custom_interfaces/include/custom_interfaces/custom_interfaces/msg/detail/steering_angle__rosidl_typesupport_introspection_c.h
-- Up-to-date: /home/pipeline-vm/fsfeup/autonomous-systems/install/custom_interfaces/include/custom_interfaces/custom_interfaces/msg/detail/imu_acceleration__type_support.c
-- Up-to-date: /home/pipeline-vm/fsfeup/autonomous-systems/install/custom_interfaces/include/custom_interfaces/custom_interfaces/msg/detail/cone_array__rosidl_typesupport_introspection_c.h
-- Up-to-date: /home/pipeline-vm/fsfeup/autonomous-systems/install/custom_interfaces/include/custom_interfaces/custom_interfaces/msg/detail/point2d__type_support.c
-- Up-to-date: /home/pipeline-vm/fsfeup/autonomous-systems/install/custom_interfaces/include/custom_interfaces/custom_interfaces/msg/detail/path_point_array__rosidl_typesupport_introspection_c.h
-- Up-to-date: /home/pipeline-vm/fsfeup/autonomous-systems/install/custom_interfaces/include/custom_interfaces/custom_interfaces/msg/detail/process_usage__type_support.c
-- Up-to-date: /home/pipeline-vm/fsfeup/autonomous-systems/install/custom_interfaces/include/custom_interfaces/custom_interfaces/msg/detail/control_statistics__type_support.c
-- Up-to-date: /home/pipeline-vm/fsfeup/autonomous-systems/install/custom_interfaces/include/custom_interfaces/custom_interfaces/msg/detail/perception_parameters__rosidl_typesupport_introspection_c.h
-- Up-to-date: /home/pipeline-vm/fsfeup/autonomous-systems/install/custom_interfaces/include/custom_interfaces/custom_interfaces/msg/detail/control_parameters__type_support.c
-- Up-to-date: /home/pipeline-vm/fsfeup/autonomous-systems/install/custom_interfaces/include/custom_interfaces/custom_interfaces/msg/detail/battery_state__rosidl_typesupport_introspection_c.h
-- Up-to-date: /home/pipeline-vm/fsfeup/autonomous-systems/install/custom_interfaces/include/custom_interfaces/custom_interfaces/msg/detail/path_point_array__type_support.c
-- Up-to-date: /home/pipeline-vm/fsfeup/autonomous-systems/install/custom_interfaces/include/custom_interfaces/custom_interfaces/msg/detail/pose__rosidl_typesupport_introspection_c.h
-- Up-to-date: /home/pipeline-vm/fsfeup/autonomous-systems/install/custom_interfaces/include/custom_interfaces/custom_interfaces/msg/detail/lap_current__rosidl_typesupport_introspection_c.h
-- Up-to-date: /home/pipeline-vm/fsfeup/autonomous-systems/install/custom_interfaces/include/custom_interfaces/custom_interfaces/msg/detail/cone__type_support.c
-- Up-to-date: /home/pipeline-vm/fsfeup/autonomous-systems/install/custom_interfaces/include/custom_interfaces/custom_interfaces/msg/detail/steering_angle__type_support.c
-- Up-to-date: /home/pipeline-vm/fsfeup/autonomous-systems/install/custom_interfaces/include/custom_interfaces/custom_interfaces/msg/detail/imu_data__type_support.c
-- Up-to-date: /home/pipeline-vm/fsfeup/autonomous-systems/install/custom_interfaces/include/custom_interfaces/custom_interfaces/msg/detail/imu_acceleration__rosidl_typesupport_introspection_c.h
-- Up-to-date: /home/pipeline-vm/fsfeup/autonomous-systems/install/custom_interfaces/include/custom_interfaces/custom_interfaces/msg/detail/temperature__rosidl_typesupport_introspection_c.h
-- Up-to-date: /home/pipeline-vm/fsfeup/autonomous-systems/install/custom_interfaces/include/custom_interfaces/custom_interfaces/msg/detail/data_log_info1__rosidl_typesupport_introspection_c.h
-- Up-to-date: /home/pipeline-vm/fsfeup/autonomous-systems/install/custom_interfaces/include/custom_interfaces/custom_interfaces/msg/detail/imu__rosidl_typesupport_introspection_c.h
-- Up-to-date: /home/pipeline-vm/fsfeup/autonomous-systems/install/custom_interfaces/include/custom_interfaces/custom_interfaces/msg/detail/data_log_info2__type_support.c
-- Up-to-date: /home/pipeline-vm/fsfeup/autonomous-systems/install/custom_interfaces/include/custom_interfaces/custom_interfaces/msg/detail/perception_output__rosidl_typesupport_introspection_c.h
-- Up-to-date: /home/pipeline-vm/fsfeup/autonomous-systems/install/custom_interfaces/include/custom_interfaces/custom_interfaces/msg/detail/process_usage__rosidl_typesupport_introspection_c.h
-- Up-to-date: /home/pipeline-vm/fsfeup/autonomous-systems/install/custom_interfaces/include/custom_interfaces/custom_interfaces/msg/detail/perception_output__type_support.c
-- Up-to-date: /home/pipeline-vm/fsfeup/autonomous-systems/install/custom_interfaces/include/custom_interfaces/custom_interfaces/msg/detail/bms_errors__type_support.c
-- Up-to-date: /home/pipeline-vm/fsfeup/autonomous-systems/install/custom_interfaces/include/custom_interfaces/custom_interfaces/msg/detail/path_point__rosidl_typesupport_introspection_c.h
-- Up-to-date: /home/pipeline-vm/fsfeup/autonomous-systems/install/custom_interfaces/include/custom_interfaces/custom_interfaces/msg/detail/planning_parameters__rosidl_typesupport_introspection_c.h
-- Up-to-date: /home/pipeline-vm/fsfeup/autonomous-systems/install/custom_interfaces/include/custom_interfaces/custom_interfaces/msg/detail/point_array__rosidl_typesupport_introspection_c.h
-- Up-to-date: /home/pipeline-vm/fsfeup/autonomous-systems/install/custom_interfaces/include/custom_interfaces/custom_interfaces/msg/detail/cells_temps__rosidl_typesupport_introspection_c.h
-- Up-to-date: /home/pipeline-vm/fsfeup/autonomous-systems/install/custom_interfaces/include/custom_interfaces/custom_interfaces/msg/detail/operational_status__rosidl_typesupport_introspection_c.h
-- Up-to-date: /home/pipeline-vm/fsfeup/autonomous-systems/install/custom_interfaces/include/custom_interfaces/custom_interfaces/msg/detail/velocity_estimation_parameters__type_support.c
-- Up-to-date: /home/pipeline-vm/fsfeup/autonomous-systems/install/custom_interfaces/include/custom_interfaces/custom_interfaces/msg/detail/vehicle_state_vector__rosidl_typesupport_introspection_c.h
-- Up-to-date: /home/pipeline-vm/fsfeup/autonomous-systems/install/custom_interfaces/include/custom_interfaces/custom_interfaces/msg/detail/imu_data__rosidl_typesupport_introspection_c.h
-- Up-to-date: /home/pipeline-vm/fsfeup/autonomous-systems/install/custom_interfaces/include/custom_interfaces/custom_interfaces/msg/detail/lap_summary__rosidl_typesupport_introspection_c.h
-- Up-to-date: /home/pipeline-vm/fsfeup/autonomous-systems/install/custom_interfaces/include/custom_interfaces/custom_interfaces/msg/detail/velocity_estimation_parameters__rosidl_typesupport_introspection_c.h
-- Up-to-date: /home/pipeline-vm/fsfeup/autonomous-systems/install/custom_interfaces/include/custom_interfaces/custom_interfaces/msg/detail/gps__rosidl_typesupport_introspection_c.h
-- Up-to-date: /home/pipeline-vm/fsfeup/autonomous-systems/install/custom_interfaces/include/custom_interfaces/custom_interfaces/msg/detail/bounding_boxes__rosidl_typesupport_introspection_c.h
-- Up-to-date: /home/pipeline-vm/fsfeup/autonomous-systems/install/custom_interfaces/include/custom_interfaces/custom_interfaces/msg/detail/execution_times__type_support.c
-- Up-to-date: /home/pipeline-vm/fsfeup/autonomous-systems/install/custom_interfaces/include/custom_interfaces/custom_interfaces/msg/detail/cone__rosidl_typesupport_introspection_c.h
-- Up-to-date: /home/pipeline-vm/fsfeup/autonomous-systems/install/custom_interfaces/include/custom_interfaces/custom_interfaces/msg/detail/yaw_pitch_roll__rosidl_typesupport_introspection_c.h
-- Up-to-date: /home/pipeline-vm/fsfeup/autonomous-systems/install/custom_interfaces/include/custom_interfaces/custom_interfaces/msg/detail/bounding_boxes__type_support.c
-- Up-to-date: /home/pipeline-vm/fsfeup/autonomous-systems/install/custom_interfaces/include/custom_interfaces/custom_interfaces/msg/detail/slam_parameters__rosidl_typesupport_introspection_c.h
-- Up-to-date: /home/pipeline-vm/fsfeup/autonomous-systems/install/custom_interfaces/include/custom_interfaces/custom_interfaces/msg/detail/hydraulic_line_pressure__rosidl_typesupport_introspection_c.h
-- Up-to-date: /home/pipeline-vm/fsfeup/autonomous-systems/install/custom_interfaces/include/custom_interfaces/custom_interfaces/msg/detail/aero_forces__rosidl_typesupport_introspection_c.h
-- Up-to-date: /home/pipeline-vm/fsfeup/autonomous-systems/install/custom_interfaces/include/custom_interfaces/custom_interfaces/msg/detail/vcu__type_support.c
-- Up-to-date: /home/pipeline-vm/fsfeup/autonomous-systems/install/custom_interfaces/include/custom_interfaces/custom_interfaces/msg/detail/operational_status__type_support.c
-- Up-to-date: /home/pipeline-vm/fsfeup/autonomous-systems/install/custom_interfaces/include/custom_interfaces/custom_interfaces/msg/detail/vehicle_state__rosidl_typesupport_introspection_c.h
-- Up-to-date: /home/pipeline-vm/fsfeup/autonomous-systems/install/custom_interfaces/include/custom_interfaces/custom_interfaces/msg/detail/yaw_pitch_roll__type_support.c
-- Up-to-date: /home/pipeline-vm/fsfeup/autonomous-systems/install/custom_interfaces/include/custom_interfaces/custom_interfaces/msg/detail/previous_control_command__type_support.c
-- Up-to-date: /home/pipeline-vm/fsfeup/autonomous-systems/install/custom_interfaces/include/custom_interfaces/custom_interfaces/msg/detail/lap_current__type_support.c
-- Up-to-date: /home/pipeline-vm/fsfeup/autonomous-systems/install/custom_interfaces/include/custom_interfaces/custom_interfaces/msg/detail/data_log_info1__type_support.c
-- Up-to-date: /home/pipeline-vm/fsfeup/autonomous-systems/install/custom_interfaces/include/custom_interfaces/custom_interfaces/msg/detail/vcu__rosidl_typesupport_introspection_c.h
-- Up-to-date: /home/pipeline-vm/fsfeup/autonomous-systems/install/custom_interfaces/include/custom_interfaces/custom_interfaces/msg/detail/motor_state__type_support.c
-- Up-to-date: /home/pipeline-vm/fsfeup/autonomous-systems/install/custom_interfaces/include/custom_interfaces/custom_interfaces/msg/detail/can_statistics__type_support.c
-- Up-to-date: /home/pipeline-vm/fsfeup/autonomous-systems/install/custom_interfaces/include/custom_interfaces/custom_interfaces/msg/detail/vcu_command__rosidl_typesupport_introspection_c.h
-- Up-to-date: /home/pipeline-vm/fsfeup/autonomous-systems/install/custom_interfaces/include/custom_interfaces/custom_interfaces/msg/detail/vcu_command__type_support.c
-- Up-to-date: /home/pipeline-vm/fsfeup/autonomous-systems/install/custom_interfaces/include/custom_interfaces/custom_interfaces/msg/detail/velocities__type_support.c
-- Up-to-date: /home/pipeline-vm/fsfeup/autonomous-systems/install/custom_interfaces/include/custom_interfaces/custom_interfaces/msg/detail/vehicle_state_vector__type_support.c
-- Up-to-date: /home/pipeline-vm/fsfeup/autonomous-systems/install/custom_interfaces/include/custom_interfaces/custom_interfaces/msg/detail/lap_statistics__type_support.c
-- Up-to-date: /home/pipeline-vm/fsfeup/autonomous-systems/install/custom_interfaces/include/custom_interfaces/custom_interfaces/msg/detail/bamocar_errors__rosidl_typesupport_introspection_c.h
-- Up-to-date: /home/pipeline-vm/fsfeup/autonomous-systems/install/custom_interfaces/include/custom_interfaces/custom_interfaces/msg/detail/tire_forces__rosidl_typesupport_introspection_c.h
-- Up-to-date: /home/pipeline-vm/fsfeup/autonomous-systems/install/custom_interfaces/include/custom_interfaces/custom_interfaces/msg/detail/process_usage_array__type_support.c
-- Up-to-date: /home/pipeline-vm/fsfeup/autonomous-systems/install/custom_interfaces/lib/libcustom_interfaces__rosidl_typesupport_introspection_c.so
-- Up-to-date: /home/pipeline-vm/fsfeup/autonomous-systems/install/custom_interfaces/lib/libcustom_interfaces__rosidl_typesupport_c.so
-- Up-to-date: /home/pipeline-vm/fsfeup/autonomous-systems/install/custom_interfaces/include/custom_interfaces/custom_interfaces
-- Up-to-date: /home/pipeline-vm/fsfeup/autonomous-systems/install/custom_interfaces/include/custom_interfaces/custom_interfaces/msg
-- Up-to-date: /home/pipeline-vm/fsfeup/autonomous-systems/install/custom_interfaces/include/custom_interfaces/custom_interfaces/msg/lap_current.hpp
-- Up-to-date: /home/pipeline-vm/fsfeup/autonomous-systems/install/custom_interfaces/include/custom_interfaces/custom_interfaces/msg/vcu_command.hpp
-- Up-to-date: /home/pipeline-vm/fsfeup/autonomous-systems/install/custom_interfaces/include/custom_interfaces/custom_interfaces/msg/battery_state.hpp
-- Up-to-date: /home/pipeline-vm/fsfeup/autonomous-systems/install/custom_interfaces/include/custom_interfaces/custom_interfaces/msg/cells_temps.hpp
-- Up-to-date: /home/pipeline-vm/fsfeup/autonomous-systems/install/custom_interfaces/include/custom_interfaces/custom_interfaces/msg/can_statistics.hpp
-- Up-to-date: /home/pipeline-vm/fsfeup/autonomous-systems/install/custom_interfaces/include/custom_interfaces/custom_interfaces/msg/control_command.hpp
-- Up-to-date: /home/pipeline-vm/fsfeup/autonomous-systems/install/custom_interfaces/include/custom_interfaces/custom_interfaces/msg/imu_data.hpp
-- Up-to-date: /home/pipeline-vm/fsfeup/autonomous-systems/install/custom_interfaces/include/custom_interfaces/custom_interfaces/msg/wheel_rpm.hpp
-- Up-to-date: /home/pipeline-vm/fsfeup/autonomous-systems/install/custom_interfaces/include/custom_interfaces/custom_interfaces/msg/imu.hpp
-- Up-to-date: /home/pipeline-vm/fsfeup/autonomous-systems/install/custom_interfaces/include/custom_interfaces/custom_interfaces/msg/velocities.hpp
-- Up-to-date: /home/pipeline-vm/fsfeup/autonomous-systems/install/custom_interfaces/include/custom_interfaces/custom_interfaces/msg/tire_forces.hpp
-- Up-to-date: /home/pipeline-vm/fsfeup/autonomous-systems/install/custom_interfaces/include/custom_interfaces/custom_interfaces/msg/previous_control_command.hpp
-- Up-to-date: /home/pipeline-vm/fsfeup/autonomous-systems/install/custom_interfaces/include/custom_interfaces/custom_interfaces/msg/process_usage_array.hpp
-- Up-to-date: /home/pipeline-vm/fsfeup/autonomous-systems/install/custom_interfaces/include/custom_interfaces/custom_interfaces/msg/perception_output.hpp
-- Up-to-date: /home/pipeline-vm/fsfeup/autonomous-systems/install/custom_interfaces/include/custom_interfaces/custom_interfaces/msg/motor_state.hpp
-- Up-to-date: /home/pipeline-vm/fsfeup/autonomous-systems/install/custom_interfaces/include/custom_interfaces/custom_interfaces/msg/bounding_box.hpp
-- Up-to-date: /home/pipeline-vm/fsfeup/autonomous-systems/install/custom_interfaces/include/custom_interfaces/custom_interfaces/msg/operational_status.hpp
-- Up-to-date: /home/pipeline-vm/fsfeup/autonomous-systems/install/custom_interfaces/include/custom_interfaces/custom_interfaces/msg/path_point.hpp
-- Up-to-date: /home/pipeline-vm/fsfeup/autonomous-systems/install/custom_interfaces/include/custom_interfaces/custom_interfaces/msg/perception_parameters.hpp
-- Up-to-date: /home/pipeline-vm/fsfeup/autonomous-systems/install/custom_interfaces/include/custom_interfaces/custom_interfaces/msg/cone_array.hpp
-- Up-to-date: /home/pipeline-vm/fsfeup/autonomous-systems/install/custom_interfaces/include/custom_interfaces/custom_interfaces/msg/rosidl_generator_cpp__visibility_control.hpp
-- Up-to-date: /home/pipeline-vm/fsfeup/autonomous-systems/install/custom_interfaces/include/custom_interfaces/custom_interfaces/msg/point2d.hpp
-- Up-to-date: /home/pipeline-vm/fsfeup/autonomous-systems/install/custom_interfaces/include/custom_interfaces/custom_interfaces/msg/bamocar_errors.hpp
-- Up-to-date: /home/pipeline-vm/fsfeup/autonomous-systems/install/custom_interfaces/include/custom_interfaces/custom_interfaces/msg/slam_parameters.hpp
-- Up-to-date: /home/pipeline-vm/fsfeup/autonomous-systems/install/custom_interfaces/include/custom_interfaces/custom_interfaces/msg/control_statistics.hpp
-- Up-to-date: /home/pipeline-vm/fsfeup/autonomous-systems/install/custom_interfaces/include/custom_interfaces/custom_interfaces/msg/wheel_scalars.hpp
-- Up-to-date: /home/pipeline-vm/fsfeup/autonomous-systems/install/custom_interfaces/include/custom_interfaces/custom_interfaces/msg/data_log_info1.hpp
-- Up-to-date: /home/pipeline-vm/fsfeup/autonomous-systems/install/custom_interfaces/include/custom_interfaces/custom_interfaces/msg/pose.hpp
-- Up-to-date: /home/pipeline-vm/fsfeup/autonomous-systems/install/custom_interfaces/include/custom_interfaces/custom_interfaces/msg/lap_statistics.hpp
-- Up-to-date: /home/pipeline-vm/fsfeup/autonomous-systems/install/custom_interfaces/include/custom_interfaces/custom_interfaces/msg/execution_times.hpp
-- Up-to-date: /home/pipeline-vm/fsfeup/autonomous-systems/install/custom_interfaces/include/custom_interfaces/custom_interfaces/msg/vehicle_state_vector.hpp
-- Up-to-date: /home/pipeline-vm/fsfeup/autonomous-systems/install/custom_interfaces/include/custom_interfaces/custom_interfaces/msg/bms_errors.hpp
-- Up-to-date: /home/pipeline-vm/fsfeup/autonomous-systems/install/custom_interfaces/include/custom_interfaces/custom_interfaces/msg/steering_angle.hpp
-- Up-to-date: /home/pipeline-vm/fsfeup/autonomous-systems/install/custom_interfaces/include/custom_interfaces/custom_interfaces/msg/cone.hpp
-- Up-to-date: /home/pipeline-vm/fsfeup/autonomous-systems/install/custom_interfaces/include/custom_interfaces/custom_interfaces/msg/data_log_info2.hpp
-- Up-to-date: /home/pipeline-vm/fsfeup/autonomous-systems/install/custom_interfaces/include/custom_interfaces/custom_interfaces/msg/path_point_array.hpp
-- Up-to-date: /home/pipeline-vm/fsfeup/autonomous-systems/install/custom_interfaces/include/custom_interfaces/custom_interfaces/msg/planning_parameters.hpp
-- Up-to-date: /home/pipeline-vm/fsfeup/autonomous-systems/install/custom_interfaces/include/custom_interfaces/custom_interfaces/msg/point_array.hpp
-- Up-to-date: /home/pipeline-vm/fsfeup/autonomous-systems/install/custom_interfaces/include/custom_interfaces/custom_interfaces/msg/imu_acceleration.hpp
-- Up-to-date: /home/pipeline-vm/fsfeup/autonomous-systems/install/custom_interfaces/include/custom_interfaces/custom_interfaces/msg/process_usage.hpp
-- Up-to-date: /home/pipeline-vm/fsfeup/autonomous-systems/install/custom_interfaces/include/custom_interfaces/custom_interfaces/msg/aero_forces.hpp
-- Up-to-date: /home/pipeline-vm/fsfeup/autonomous-systems/install/custom_interfaces/include/custom_interfaces/custom_interfaces/msg/hydraulic_line_pressure.hpp
-- Up-to-date: /home/pipeline-vm/fsfeup/autonomous-systems/install/custom_interfaces/include/custom_interfaces/custom_interfaces/msg/yaw_pitch_roll.hpp
-- Up-to-date: /home/pipeline-vm/fsfeup/autonomous-systems/install/custom_interfaces/include/custom_interfaces/custom_interfaces/msg/control_parameters.hpp
-- Up-to-date: /home/pipeline-vm/fsfeup/autonomous-systems/install/custom_interfaces/include/custom_interfaces/custom_interfaces/msg/detail
-- Up-to-date: /home/pipeline-vm/fsfeup/autonomous-systems/install/custom_interfaces/include/custom_interfaces/custom_interfaces/msg/detail/bamocar_errors__type_support.hpp
-- Up-to-date: /home/pipeline-vm/fsfeup/autonomous-systems/install/custom_interfaces/include/custom_interfaces/custom_interfaces/msg/detail/data_log_info2__builder.hpp
-- Up-to-date: /home/pipeline-vm/fsfeup/autonomous-systems/install/custom_interfaces/include/custom_interfaces/custom_interfaces/msg/detail/imu_acceleration__builder.hpp
-- Up-to-date: /home/pipeline-vm/fsfeup/autonomous-systems/install/custom_interfaces/include/custom_interfaces/custom_interfaces/msg/detail/point_array__type_support.hpp
-- Up-to-date: /home/pipeline-vm/fsfeup/autonomous-systems/install/custom_interfaces/include/custom_interfaces/custom_interfaces/msg/detail/control_parameters__builder.hpp
-- Up-to-date: /home/pipeline-vm/fsfeup/autonomous-systems/install/custom_interfaces/include/custom_interfaces/custom_interfaces/msg/detail/battery_state__traits.hpp
-- Up-to-date: /home/pipeline-vm/fsfeup/autonomous-systems/install/custom_interfaces/include/custom_interfaces/custom_interfaces/msg/detail/motor_state__traits.hpp
-- Up-to-date: /home/pipeline-vm/fsfeup/autonomous-systems/install/custom_interfaces/include/custom_interfaces/custom_interfaces/msg/detail/motor_state__builder.hpp
-- Up-to-date: /home/pipeline-vm/fsfeup/autonomous-systems/install/custom_interfaces/include/custom_interfaces/custom_interfaces/msg/detail/tire_forces__traits.hpp
-- Up-to-date: /home/pipeline-vm/fsfeup/autonomous-systems/install/custom_interfaces/include/custom_interfaces/custom_interfaces/msg/detail/pose__traits.hpp
-- Up-to-date: /home/pipeline-vm/fsfeup/autonomous-systems/install/custom_interfaces/include/custom_interfaces/custom_interfaces/msg/detail/lap_summary__builder.hpp
-- Up-to-date: /home/pipeline-vm/fsfeup/autonomous-systems/install/custom_interfaces/include/custom_interfaces/custom_interfaces/msg/detail/tire_forces__type_support.hpp
-- Up-to-date: /home/pipeline-vm/fsfeup/autonomous-systems/install/custom_interfaces/include/custom_interfaces/custom_interfaces/msg/detail/wheel_scalars__type_support.hpp
-- Up-to-date: /home/pipeline-vm/fsfeup/autonomous-systems/install/custom_interfaces/include/custom_interfaces/custom_interfaces/msg/detail/velocities__type_support.hpp
-- Up-to-date: /home/pipeline-vm/fsfeup/autonomous-systems/install/custom_interfaces/include/custom_interfaces/custom_interfaces/msg/detail/process_usage__builder.hpp
-- Up-to-date: /home/pipeline-vm/fsfeup/autonomous-systems/install/custom_interfaces/include/custom_interfaces/custom_interfaces/msg/detail/tire_forces__builder.hpp
-- Up-to-date: /home/pipeline-vm/fsfeup/autonomous-systems/install/custom_interfaces/include/custom_interfaces/custom_interfaces/msg/detail/data_log_info2__traits.hpp
-- Up-to-date: /home/pipeline-vm/fsfeup/autonomous-systems/install/custom_interfaces/include/custom_interfaces/custom_interfaces/msg/detail/imu__builder.hpp
-- Up-to-date: /home/pipeline-vm/fsfeup/autonomous-systems/install/custom_interfaces/include/custom_interfaces/custom_interfaces/msg/detail/previous_control_command__type_support.hpp
-- Up-to-date: /home/pipeline-vm/fsfeup/autonomous-systems/install/custom_interfaces/include/custom_interfaces/custom_interfaces/msg/detail/vcu_command__traits.hpp
-- Up-to-date: /home/pipeline-vm/fsfeup/autonomous-systems/install/custom_interfaces/include/custom_interfaces/custom_interfaces/msg/detail/path_point_array__struct.hpp
-- Up-to-date: /home/pipeline-vm/fsfeup/autonomous-systems/install/custom_interfaces/include/custom_interfaces/custom_interfaces/msg/detail/imu__type_support.hpp
-- Up-to-date: /home/pipeline-vm/fsfeup/autonomous-systems/install/custom_interfaces/include/custom_interfaces/custom_interfaces/msg/detail/planning_parameters__struct.hpp
-- Up-to-date: /home/pipeline-vm/fsfeup/autonomous-systems/install/custom_interfaces/include/custom_interfaces/custom_interfaces/msg/detail/temperature__type_support.hpp
-- Up-to-date: /home/pipeline-vm/fsfeup/autonomous-systems/install/custom_interfaces/include/custom_interfaces/custom_interfaces/msg/detail/lap_summary__type_support.hpp
-- Up-to-date: /home/pipeline-vm/fsfeup/autonomous-systems/install/custom_interfaces/include/custom_interfaces/custom_interfaces/msg/detail/path_point_array__traits.hpp
-- Up-to-date: /home/pipeline-vm/fsfeup/autonomous-systems/install/custom_interfaces/include/custom_interfaces/custom_interfaces/msg/detail/process_usage_array__traits.hpp
-- Up-to-date: /home/pipeline-vm/fsfeup/autonomous-systems/install/custom_interfaces/include/custom_interfaces/custom_interfaces/msg/detail/wheel_scalars__traits.hpp
-- Up-to-date: /home/pipeline-vm/fsfeup/autonomous-systems/install/custom_interfaces/include/custom_interfaces/custom_interfaces/msg/detail/vehicle_state_vector__traits.hpp
-- Up-to-date: /home/pipeline-vm/fsfeup/autonomous-systems/install/custom_interfaces/include/custom_interfaces/custom_interfaces/msg/detail/yaw_pitch_roll__struct.hpp
-- Up-to-date: /home/pipeline-vm/fsfeup/autonomous-systems/install/custom_interfaces/include/custom_interfaces/custom_interfaces/msg/detail/perception_output__struct.hpp
-- Up-to-date: /home/pipeline-vm/fsfeup/autonomous-systems/install/custom_interfaces/include/custom_interfaces/custom_interfaces/msg/detail/execution_times__traits.hpp
-- Up-to-date: /home/pipeline-vm/fsfeup/autonomous-systems/install/custom_interfaces/include/custom_interfaces/custom_interfaces/msg/detail/yaw_pitch_roll__builder.hpp
-- Up-to-date: /home/pipeline-vm/fsfeup/autonomous-systems/install/custom_interfaces/include/custom_interfaces/custom_interfaces/msg/detail/data_log_info1__struct.hpp
-- Up-to-date: /home/pipeline-vm/fsfeup/autonomous-systems/install/custom_interfaces/include/custom_interfaces/custom_interfaces/msg/detail/previous_control_command__traits.hpp
-- Up-to-date: /home/pipeline-vm/fsfeup/autonomous-systems/install/custom_interfaces/include/custom_interfaces/custom_interfaces/msg/detail/velocity_estimation_parameters__builder.hpp
-- Up-to-date: /home/pipeline-vm/fsfeup/autonomous-systems/install/custom_interfaces/include/custom_interfaces/custom_interfaces/msg/detail/perception_parameters__builder.hpp
-- Up-to-date: /home/pipeline-vm/fsfeup/autonomous-systems/install/custom_interfaces/include/custom_interfaces/custom_interfaces/msg/detail/aero_forces__struct.hpp
-- Up-to-date: /home/pipeline-vm/fsfeup/autonomous-systems/install/custom_interfaces/include/custom_interfaces/custom_interfaces/msg/detail/process_usage_array__builder.hpp
-- Up-to-date: /home/pipeline-vm/fsfeup/autonomous-systems/install/custom_interfaces/include/custom_interfaces/custom_interfaces/msg/detail/point2d__struct.hpp
-- Up-to-date: /home/pipeline-vm/fsfeup/autonomous-systems/install/custom_interfaces/include/custom_interfaces/custom_interfaces/msg/detail/perception_output__traits.hpp
-- Up-to-date: /home/pipeline-vm/fsfeup/autonomous-systems/install/custom_interfaces/include/custom_interfaces/custom_interfaces/msg/detail/pose__struct.hpp
-- Up-to-date: /home/pipeline-vm/fsfeup/autonomous-systems/install/custom_interfaces/include/custom_interfaces/custom_interfaces/msg/detail/cone_array__builder.hpp
-- Up-to-date: /home/pipeline-vm/fsfeup/autonomous-systems/install/custom_interfaces/include/custom_interfaces/custom_interfaces/msg/detail/planning_parameters__traits.hpp
-- Up-to-date: /home/pipeline-vm/fsfeup/autonomous-systems/install/custom_interfaces/include/custom_interfaces/custom_interfaces/msg/detail/vehicle_state_vector__builder.hpp
-- Up-to-date: /home/pipeline-vm/fsfeup/autonomous-systems/install/custom_interfaces/include/custom_interfaces/custom_interfaces/msg/detail/hydraulic_line_pressure__builder.hpp
-- Up-to-date: /home/pipeline-vm/fsfeup/autonomous-systems/install/custom_interfaces/include/custom_interfaces/custom_interfaces/msg/detail/control_statistics__builder.hpp
-- Up-to-date: /home/pipeline-vm/fsfeup/autonomous-systems/install/custom_interfaces/include/custom_interfaces/custom_interfaces/msg/detail/velocities__struct.hpp
-- Up-to-date: /home/pipeline-vm/fsfeup/autonomous-systems/install/custom_interfaces/include/custom_interfaces/custom_interfaces/msg/detail/gps__builder.hpp
-- Up-to-date: /home/pipeline-vm/fsfeup/autonomous-systems/install/custom_interfaces/include/custom_interfaces/custom_interfaces/msg/detail/control_statistics__struct.hpp
-- Up-to-date: /home/pipeline-vm/fsfeup/autonomous-systems/install/custom_interfaces/include/custom_interfaces/custom_interfaces/msg/detail/wheel_rpm__builder.hpp
-- Up-to-date: /home/pipeline-vm/fsfeup/autonomous-systems/install/custom_interfaces/include/custom_interfaces/custom_interfaces/msg/detail/cells_temps__traits.hpp
-- Up-to-date: /home/pipeline-vm/fsfeup/autonomous-systems/install/custom_interfaces/include/custom_interfaces/custom_interfaces/msg/detail/operational_status__builder.hpp
-- Up-to-date: /home/pipeline-vm/fsfeup/autonomous-systems/install/custom_interfaces/include/custom_interfaces/custom_interfaces/msg/detail/vcu_command__type_support.hpp
-- Up-to-date: /home/pipeline-vm/fsfeup/autonomous-systems/install/custom_interfaces/include/custom_interfaces/custom_interfaces/msg/detail/vcu__struct.hpp
-- Up-to-date: /home/pipeline-vm/fsfeup/autonomous-systems/install/custom_interfaces/include/custom_interfaces/custom_interfaces/msg/detail/imu_acceleration__type_support.hpp
-- Up-to-date: /home/pipeline-vm/fsfeup/autonomous-systems/install/custom_interfaces/include/custom_interfaces/custom_interfaces/msg/detail/vehicle_state__builder.hpp
-- Up-to-date: /home/pipeline-vm/fsfeup/autonomous-systems/install/custom_interfaces/include/custom_interfaces/custom_interfaces/msg/detail/vcu_command__struct.hpp
-- Up-to-date: /home/pipeline-vm/fsfeup/autonomous-systems/install/custom_interfaces/include/custom_interfaces/custom_interfaces/msg/detail/control_command__traits.hpp
-- Up-to-date: /home/pipeline-vm/fsfeup/autonomous-systems/install/custom_interfaces/include/custom_interfaces/custom_interfaces/msg/detail/vcu_command__builder.hpp
-- Up-to-date: /home/pipeline-vm/fsfeup/autonomous-systems/install/custom_interfaces/include/custom_interfaces/custom_interfaces/msg/detail/battery_state__struct.hpp
-- Up-to-date: /home/pipeline-vm/fsfeup/autonomous-systems/install/custom_interfaces/include/custom_interfaces/custom_interfaces/msg/detail/bounding_box__struct.hpp
-- Up-to-date: /home/pipeline-vm/fsfeup/autonomous-systems/install/custom_interfaces/include/custom_interfaces/custom_interfaces/msg/detail/wheel_scalars__builder.hpp
-- Up-to-date: /home/pipeline-vm/fsfeup/autonomous-systems/install/custom_interfaces/include/custom_interfaces/custom_interfaces/msg/detail/operational_status__type_support.hpp
-- Up-to-date: /home/pipeline-vm/fsfeup/autonomous-systems/install/custom_interfaces/include/custom_interfaces/custom_interfaces/msg/detail/perception_output__type_support.hpp
-- Up-to-date: /home/pipeline-vm/fsfeup/autonomous-systems/install/custom_interfaces/include/custom_interfaces/custom_interfaces/msg/detail/can_statistics__traits.hpp
-- Up-to-date: /home/pipeline-vm/fsfeup/autonomous-systems/install/custom_interfaces/include/custom_interfaces/custom_interfaces/msg/detail/temperature__builder.hpp
-- Up-to-date: /home/pipeline-vm/fsfeup/autonomous-systems/install/custom_interfaces/include/custom_interfaces/custom_interfaces/msg/detail/lap_current__traits.hpp
-- Up-to-date: /home/pipeline-vm/fsfeup/autonomous-systems/install/custom_interfaces/include/custom_interfaces/custom_interfaces/msg/detail/data_log_info2__type_support.hpp
-- Up-to-date: /home/pipeline-vm/fsfeup/autonomous-systems/install/custom_interfaces/include/custom_interfaces/custom_interfaces/msg/detail/path_point_array__type_support.hpp
-- Up-to-date: /home/pipeline-vm/fsfeup/autonomous-systems/install/custom_interfaces/include/custom_interfaces/custom_interfaces/msg/detail/planning_parameters__type_support.hpp
-- Up-to-date: /home/pipeline-vm/fsfeup/autonomous-systems/install/custom_interfaces/include/custom_interfaces/custom_interfaces/msg/detail/bms_errors__struct.hpp
-- Up-to-date: /home/pipeline-vm/fsfeup/autonomous-systems/install/custom_interfaces/include/custom_interfaces/custom_interfaces/msg/detail/velocity_estimation_parameters__type_support.hpp
-- Up-to-date: /home/pipeline-vm/fsfeup/autonomous-systems/install/custom_interfaces/include/custom_interfaces/custom_interfaces/msg/detail/control_statistics__type_support.hpp
-- Up-to-date: /home/pipeline-vm/fsfeup/autonomous-systems/install/custom_interfaces/include/custom_interfaces/custom_interfaces/msg/detail/imu__traits.hpp
-- Up-to-date: /home/pipeline-vm/fsfeup/autonomous-systems/install/custom_interfaces/include/custom_interfaces/custom_interfaces/msg/detail/perception_parameters__traits.hpp
-- Up-to-date: /home/pipeline-vm/fsfeup/autonomous-systems/install/custom_interfaces/include/custom_interfaces/custom_interfaces/msg/detail/lap_summary__traits.hpp
-- Up-to-date: /home/pipeline-vm/fsfeup/autonomous-systems/install/custom_interfaces/include/custom_interfaces/custom_interfaces/msg/detail/steering_angle__builder.hpp
-- Up-to-date: /home/pipeline-vm/fsfeup/autonomous-systems/install/custom_interfaces/include/custom_interfaces/custom_interfaces/msg/detail/path_point__struct.hpp
-- Up-to-date: /home/pipeline-vm/fsfeup/autonomous-systems/install/custom_interfaces/include/custom_interfaces/custom_interfaces/msg/detail/gps__type_support.hpp
-- Up-to-date: /home/pipeline-vm/fsfeup/autonomous-systems/install/custom_interfaces/include/custom_interfaces/custom_interfaces/msg/detail/lap_statistics__traits.hpp
-- Up-to-date: /home/pipeline-vm/fsfeup/autonomous-systems/install/custom_interfaces/include/custom_interfaces/custom_interfaces/msg/detail/tire_forces__struct.hpp
-- Up-to-date: /home/pipeline-vm/fsfeup/autonomous-systems/install/custom_interfaces/include/custom_interfaces/custom_interfaces/msg/detail/imu__struct.hpp
-- Up-to-date: /home/pipeline-vm/fsfeup/autonomous-systems/install/custom_interfaces/include/custom_interfaces/custom_interfaces/msg/detail/imu_acceleration__struct.hpp
-- Up-to-date: /home/pipeline-vm/fsfeup/autonomous-systems/install/custom_interfaces/include/custom_interfaces/custom_interfaces/msg/detail/bounding_boxes__type_support.hpp
-- Up-to-date: /home/pipeline-vm/fsfeup/autonomous-systems/install/custom_interfaces/include/custom_interfaces/custom_interfaces/msg/detail/motor_state__struct.hpp
-- Up-to-date: /home/pipeline-vm/fsfeup/autonomous-systems/install/custom_interfaces/include/custom_interfaces/custom_interfaces/msg/detail/bms_errors__traits.hpp
-- Up-to-date: /home/pipeline-vm/fsfeup/autonomous-systems/install/custom_interfaces/include/custom_interfaces/custom_interfaces/msg/detail/bamocar_errors__builder.hpp
-- Up-to-date: /home/pipeline-vm/fsfeup/autonomous-systems/install/custom_interfaces/include/custom_interfaces/custom_interfaces/msg/detail/can_statistics__type_support.hpp
-- Up-to-date: /home/pipeline-vm/fsfeup/autonomous-systems/install/custom_interfaces/include/custom_interfaces/custom_interfaces/msg/detail/wheel_rpm__struct.hpp
-- Up-to-date: /home/pipeline-vm/fsfeup/autonomous-systems/install/custom_interfaces/include/custom_interfaces/custom_interfaces/msg/detail/steering_angle__type_support.hpp
-- Up-to-date: /home/pipeline-vm/fsfeup/autonomous-systems/install/custom_interfaces/include/custom_interfaces/custom_interfaces/msg/detail/slam_parameters__type_support.hpp
-- Up-to-date: /home/pipeline-vm/fsfeup/autonomous-systems/install/custom_interfaces/include/custom_interfaces/custom_interfaces/msg/detail/lap_current__type_support.hpp
-- Up-to-date: /home/pipeline-vm/fsfeup/autonomous-systems/install/custom_interfaces/include/custom_interfaces/custom_interfaces/msg/detail/imu_acceleration__traits.hpp
-- Up-to-date: /home/pipeline-vm/fsfeup/autonomous-systems/install/custom_interfaces/include/custom_interfaces/custom_interfaces/msg/detail/cone_array__type_support.hpp
-- Up-to-date: /home/pipeline-vm/fsfeup/autonomous-systems/install/custom_interfaces/include/custom_interfaces/custom_interfaces/msg/detail/bounding_box__type_support.hpp
-- Up-to-date: /home/pipeline-vm/fsfeup/autonomous-systems/install/custom_interfaces/include/custom_interfaces/custom_interfaces/msg/detail/lap_statistics__struct.hpp
-- Up-to-date: /home/pipeline-vm/fsfeup/autonomous-systems/install/custom_interfaces/include/custom_interfaces/custom_interfaces/msg/detail/cone__struct.hpp
-- Up-to-date: /home/pipeline-vm/fsfeup/autonomous-systems/install/custom_interfaces/include/custom_interfaces/custom_interfaces/msg/detail/cells_temps__struct.hpp
-- Up-to-date: /home/pipeline-vm/fsfeup/autonomous-systems/install/custom_interfaces/include/custom_interfaces/custom_interfaces/msg/detail/velocities__traits.hpp
-- Up-to-date: /home/pipeline-vm/fsfeup/autonomous-systems/install/custom_interfaces/include/custom_interfaces/custom_interfaces/msg/detail/yaw_pitch_roll__traits.hpp
-- Up-to-date: /home/pipeline-vm/fsfeup/autonomous-systems/install/custom_interfaces/include/custom_interfaces/custom_interfaces/msg/detail/cone_array__traits.hpp
-- Up-to-date: /home/pipeline-vm/fsfeup/autonomous-systems/install/custom_interfaces/include/custom_interfaces/custom_interfaces/msg/detail/wheel_rpm__type_support.hpp
-- Up-to-date: /home/pipeline-vm/fsfeup/autonomous-systems/install/custom_interfaces/include/custom_interfaces/custom_interfaces/msg/detail/velocities__builder.hpp
-- Up-to-date: /home/pipeline-vm/fsfeup/autonomous-systems/install/custom_interfaces/include/custom_interfaces/custom_interfaces/msg/detail/point_array__builder.hpp
-- Up-to-date: /home/pipeline-vm/fsfeup/autonomous-systems/install/custom_interfaces/include/custom_interfaces/custom_interfaces/msg/detail/imu_data__type_support.hpp
-- Up-to-date: /home/pipeline-vm/fsfeup/autonomous-systems/install/custom_interfaces/include/custom_interfaces/custom_interfaces/msg/detail/point_array__struct.hpp
-- Up-to-date: /home/pipeline-vm/fsfeup/autonomous-systems/install/custom_interfaces/include/custom_interfaces/custom_interfaces/msg/detail/battery_state__builder.hpp
-- Up-to-date: /home/pipeline-vm/fsfeup/autonomous-systems/install/custom_interfaces/include/custom_interfaces/custom_interfaces/msg/detail/battery_state__type_support.hpp
-- Up-to-date: /home/pipeline-vm/fsfeup/autonomous-systems/install/custom_interfaces/include/custom_interfaces/custom_interfaces/msg/detail/bms_errors__type_support.hpp
-- Up-to-date: /home/pipeline-vm/fsfeup/autonomous-systems/install/custom_interfaces/include/custom_interfaces/custom_interfaces/msg/detail/cone__type_support.hpp
-- Up-to-date: /home/pipeline-vm/fsfeup/autonomous-systems/install/custom_interfaces/include/custom_interfaces/custom_interfaces/msg/detail/temperature__traits.hpp
-- Up-to-date: /home/pipeline-vm/fsfeup/autonomous-systems/install/custom_interfaces/include/custom_interfaces/custom_interfaces/msg/detail/perception_output__builder.hpp
-- Up-to-date: /home/pipeline-vm/fsfeup/autonomous-systems/install/custom_interfaces/include/custom_interfaces/custom_interfaces/msg/detail/aero_forces__builder.hpp
-- Up-to-date: /home/pipeline-vm/fsfeup/autonomous-systems/install/custom_interfaces/include/custom_interfaces/custom_interfaces/msg/detail/imu_data__struct.hpp
-- Up-to-date: /home/pipeline-vm/fsfeup/autonomous-systems/install/custom_interfaces/include/custom_interfaces/custom_interfaces/msg/detail/control_command__struct.hpp
-- Up-to-date: /home/pipeline-vm/fsfeup/autonomous-systems/install/custom_interfaces/include/custom_interfaces/custom_interfaces/msg/detail/previous_control_command__builder.hpp
-- Up-to-date: /home/pipeline-vm/fsfeup/autonomous-systems/install/custom_interfaces/include/custom_interfaces/custom_interfaces/msg/detail/lap_current__struct.hpp
-- Up-to-date: /home/pipeline-vm/fsfeup/autonomous-systems/install/custom_interfaces/include/custom_interfaces/custom_interfaces/msg/detail/bounding_boxes__builder.hpp
-- Up-to-date: /home/pipeline-vm/fsfeup/autonomous-systems/install/custom_interfaces/include/custom_interfaces/custom_interfaces/msg/detail/gps__traits.hpp
-- Up-to-date: /home/pipeline-vm/fsfeup/autonomous-systems/install/custom_interfaces/include/custom_interfaces/custom_interfaces/msg/detail/steering_angle__traits.hpp
-- Up-to-date: /home/pipeline-vm/fsfeup/autonomous-systems/install/custom_interfaces/include/custom_interfaces/custom_interfaces/msg/detail/aero_forces__type_support.hpp
-- Up-to-date: /home/pipeline-vm/fsfeup/autonomous-systems/install/custom_interfaces/include/custom_interfaces/custom_interfaces/msg/detail/process_usage_array__type_support.hpp
-- Up-to-date: /home/pipeline-vm/fsfeup/autonomous-systems/install/custom_interfaces/include/custom_interfaces/custom_interfaces/msg/detail/process_usage__traits.hpp
-- Up-to-date: /home/pipeline-vm/fsfeup/autonomous-systems/install/custom_interfaces/include/custom_interfaces/custom_interfaces/msg/detail/pose__builder.hpp
-- Up-to-date: /home/pipeline-vm/fsfeup/autonomous-systems/install/custom_interfaces/include/custom_interfaces/custom_interfaces/msg/detail/planning_parameters__builder.hpp
-- Up-to-date: /home/pipeline-vm/fsfeup/autonomous-systems/install/custom_interfaces/include/custom_interfaces/custom_interfaces/msg/detail/bamocar_errors__traits.hpp
-- Up-to-date: /home/pipeline-vm/fsfeup/autonomous-systems/install/custom_interfaces/include/custom_interfaces/custom_interfaces/msg/detail/control_parameters__traits.hpp
-- Up-to-date: /home/pipeline-vm/fsfeup/autonomous-systems/install/custom_interfaces/include/custom_interfaces/custom_interfaces/msg/detail/vehicle_state__type_support.hpp
-- Up-to-date: /home/pipeline-vm/fsfeup/autonomous-systems/install/custom_interfaces/include/custom_interfaces/custom_interfaces/msg/detail/lap_statistics__builder.hpp
-- Up-to-date: /home/pipeline-vm/fsfeup/autonomous-systems/install/custom_interfaces/include/custom_interfaces/custom_interfaces/msg/detail/data_log_info1__builder.hpp
-- Up-to-date: /home/pipeline-vm/fsfeup/autonomous-systems/install/custom_interfaces/include/custom_interfaces/custom_interfaces/msg/detail/slam_parameters__traits.hpp
-- Up-to-date: /home/pipeline-vm/fsfeup/autonomous-systems/install/custom_interfaces/include/custom_interfaces/custom_interfaces/msg/detail/vehicle_state_vector__type_support.hpp
-- Up-to-date: /home/pipeline-vm/fsfeup/autonomous-systems/install/custom_interfaces/include/custom_interfaces/custom_interfaces/msg/detail/path_point__type_support.hpp
-- Up-to-date: /home/pipeline-vm/fsfeup/autonomous-systems/install/custom_interfaces/include/custom_interfaces/custom_interfaces/msg/detail/previous_control_command__struct.hpp
-- Up-to-date: /home/pipeline-vm/fsfeup/autonomous-systems/install/custom_interfaces/include/custom_interfaces/custom_interfaces/msg/detail/cone__traits.hpp
-- Up-to-date: /home/pipeline-vm/fsfeup/autonomous-systems/install/custom_interfaces/include/custom_interfaces/custom_interfaces/msg/detail/point_array__traits.hpp
-- Up-to-date: /home/pipeline-vm/fsfeup/autonomous-systems/install/custom_interfaces/include/custom_interfaces/custom_interfaces/msg/detail/control_statistics__traits.hpp
-- Up-to-date: /home/pipeline-vm/fsfeup/autonomous-systems/install/custom_interfaces/include/custom_interfaces/custom_interfaces/msg/detail/hydraulic_line_pressure__struct.hpp
-- Up-to-date: /home/pipeline-vm/fsfeup/autonomous-systems/install/custom_interfaces/include/custom_interfaces/custom_interfaces/msg/detail/bms_errors__builder.hpp
-- Up-to-date: /home/pipeline-vm/fsfeup/autonomous-systems/install/custom_interfaces/include/custom_interfaces/custom_interfaces/msg/detail/operational_status__struct.hpp
-- Up-to-date: /home/pipeline-vm/fsfeup/autonomous-systems/install/custom_interfaces/include/custom_interfaces/custom_interfaces/msg/detail/bamocar_errors__struct.hpp
-- Up-to-date: /home/pipeline-vm/fsfeup/autonomous-systems/install/custom_interfaces/include/custom_interfaces/custom_interfaces/msg/detail/execution_times__type_support.hpp
-- Up-to-date: /home/pipeline-vm/fsfeup/autonomous-systems/install/custom_interfaces/include/custom_interfaces/custom_interfaces/msg/detail/can_statistics__struct.hpp
-- Up-to-date: /home/pipeline-vm/fsfeup/autonomous-systems/install/custom_interfaces/include/custom_interfaces/custom_interfaces/msg/detail/bounding_boxes__traits.hpp
-- Up-to-date: /home/pipeline-vm/fsfeup/autonomous-systems/install/custom_interfaces/include/custom_interfaces/custom_interfaces/msg/detail/data_log_info2__struct.hpp
-- Up-to-date: /home/pipeline-vm/fsfeup/autonomous-systems/install/custom_interfaces/include/custom_interfaces/custom_interfaces/msg/detail/execution_times__builder.hpp
-- Up-to-date: /home/pipeline-vm/fsfeup/autonomous-systems/install/custom_interfaces/include/custom_interfaces/custom_interfaces/msg/detail/cone__builder.hpp
-- Up-to-date: /home/pipeline-vm/fsfeup/autonomous-systems/install/custom_interfaces/include/custom_interfaces/custom_interfaces/msg/detail/perception_parameters__struct.hpp
-- Up-to-date: /home/pipeline-vm/fsfeup/autonomous-systems/install/custom_interfaces/include/custom_interfaces/custom_interfaces/msg/detail/slam_parameters__builder.hpp
-- Up-to-date: /home/pipeline-vm/fsfeup/autonomous-systems/install/custom_interfaces/include/custom_interfaces/custom_interfaces/msg/detail/imu_data__traits.hpp
-- Up-to-date: /home/pipeline-vm/fsfeup/autonomous-systems/install/custom_interfaces/include/custom_interfaces/custom_interfaces/msg/detail/steering_angle__struct.hpp
-- Up-to-date: /home/pipeline-vm/fsfeup/autonomous-systems/install/custom_interfaces/include/custom_interfaces/custom_interfaces/msg/detail/vehicle_state__traits.hpp
-- Up-to-date: /home/pipeline-vm/fsfeup/autonomous-systems/install/custom_interfaces/include/custom_interfaces/custom_interfaces/msg/detail/wheel_rpm__traits.hpp
-- Up-to-date: /home/pipeline-vm/fsfeup/autonomous-systems/install/custom_interfaces/include/custom_interfaces/custom_interfaces/msg/detail/vcu__builder.hpp
-- Up-to-date: /home/pipeline-vm/fsfeup/autonomous-systems/install/custom_interfaces/include/custom_interfaces/custom_interfaces/msg/detail/hydraulic_line_pressure__traits.hpp
-- Up-to-date: /home/pipeline-vm/fsfeup/autonomous-systems/install/custom_interfaces/include/custom_interfaces/custom_interfaces/msg/detail/motor_state__type_support.hpp
-- Up-to-date: /home/pipeline-vm/fsfeup/autonomous-systems/install/custom_interfaces/include/custom_interfaces/custom_interfaces/msg/detail/cells_temps__type_support.hpp
-- Up-to-date: /home/pipeline-vm/fsfeup/autonomous-systems/install/custom_interfaces/include/custom_interfaces/custom_interfaces/msg/detail/data_log_info1__traits.hpp
-- Up-to-date: /home/pipeline-vm/fsfeup/autonomous-systems/install/custom_interfaces/include/custom_interfaces/custom_interfaces/msg/detail/control_command__builder.hpp
-- Up-to-date: /home/pipeline-vm/fsfeup/autonomous-systems/install/custom_interfaces/include/custom_interfaces/custom_interfaces/msg/detail/hydraulic_line_pressure__type_support.hpp
-- Up-to-date: /home/pipeline-vm/fsfeup/autonomous-systems/install/custom_interfaces/include/custom_interfaces/custom_interfaces/msg/detail/cells_temps__builder.hpp
-- Up-to-date: /home/pipeline-vm/fsfeup/autonomous-systems/install/custom_interfaces/include/custom_interfaces/custom_interfaces/msg/detail/point2d__traits.hpp
-- Up-to-date: /home/pipeline-vm/fsfeup/autonomous-systems/install/custom_interfaces/include/custom_interfaces/custom_interfaces/msg/detail/control_parameters__type_support.hpp
-- Up-to-date: /home/pipeline-vm/fsfeup/autonomous-systems/install/custom_interfaces/include/custom_interfaces/custom_interfaces/msg/detail/bounding_boxes__struct.hpp
-- Up-to-date: /home/pipeline-vm/fsfeup/autonomous-systems/install/custom_interfaces/include/custom_interfaces/custom_interfaces/msg/detail/vcu__traits.hpp
-- Up-to-date: /home/pipeline-vm/fsfeup/autonomous-systems/install/custom_interfaces/include/custom_interfaces/custom_interfaces/msg/detail/vehicle_state__struct.hpp
-- Up-to-date: /home/pipeline-vm/fsfeup/autonomous-systems/install/custom_interfaces/include/custom_interfaces/custom_interfaces/msg/detail/vcu__type_support.hpp
-- Up-to-date: /home/pipeline-vm/fsfeup/autonomous-systems/install/custom_interfaces/include/custom_interfaces/custom_interfaces/msg/detail/control_parameters__struct.hpp
-- Up-to-date: /home/pipeline-vm/fsfeup/autonomous-systems/install/custom_interfaces/include/custom_interfaces/custom_interfaces/msg/detail/pose__type_support.hpp
-- Up-to-date: /home/pipeline-vm/fsfeup/autonomous-systems/install/custom_interfaces/include/custom_interfaces/custom_interfaces/msg/detail/velocity_estimation_parameters__struct.hpp
-- Up-to-date: /home/pipeline-vm/fsfeup/autonomous-systems/install/custom_interfaces/include/custom_interfaces/custom_interfaces/msg/detail/yaw_pitch_roll__type_support.hpp
-- Up-to-date: /home/pipeline-vm/fsfeup/autonomous-systems/install/custom_interfaces/include/custom_interfaces/custom_interfaces/msg/detail/data_log_info1__type_support.hpp
-- Up-to-date: /home/pipeline-vm/fsfeup/autonomous-systems/install/custom_interfaces/include/custom_interfaces/custom_interfaces/msg/detail/imu_data__builder.hpp
-- Up-to-date: /home/pipeline-vm/fsfeup/autonomous-systems/install/custom_interfaces/include/custom_interfaces/custom_interfaces/msg/detail/control_command__type_support.hpp
-- Up-to-date: /home/pipeline-vm/fsfeup/autonomous-systems/install/custom_interfaces/include/custom_interfaces/custom_interfaces/msg/detail/execution_times__struct.hpp
-- Up-to-date: /home/pipeline-vm/fsfeup/autonomous-systems/install/custom_interfaces/include/custom_interfaces/custom_interfaces/msg/detail/aero_forces__traits.hpp
-- Up-to-date: /home/pipeline-vm/fsfeup/autonomous-systems/install/custom_interfaces/include/custom_interfaces/custom_interfaces/msg/detail/lap_summary__struct.hpp
-- Up-to-date: /home/pipeline-vm/fsfeup/autonomous-systems/install/custom_interfaces/include/custom_interfaces/custom_interfaces/msg/detail/point2d__builder.hpp
-- Up-to-date: /home/pipeline-vm/fsfeup/autonomous-systems/install/custom_interfaces/include/custom_interfaces/custom_interfaces/msg/detail/path_point_array__builder.hpp
-- Up-to-date: /home/pipeline-vm/fsfeup/autonomous-systems/install/custom_interfaces/include/custom_interfaces/custom_interfaces/msg/detail/process_usage__struct.hpp
-- Up-to-date: /home/pipeline-vm/fsfeup/autonomous-systems/install/custom_interfaces/include/custom_interfaces/custom_interfaces/msg/detail/bounding_box__traits.hpp
-- Up-to-date: /home/pipeline-vm/fsfeup/autonomous-systems/install/custom_interfaces/include/custom_interfaces/custom_interfaces/msg/detail/point2d__type_support.hpp
-- Up-to-date: /home/pipeline-vm/fsfeup/autonomous-systems/install/custom_interfaces/include/custom_interfaces/custom_interfaces/msg/detail/path_point__traits.hpp
-- Up-to-date: /home/pipeline-vm/fsfeup/autonomous-systems/install/custom_interfaces/include/custom_interfaces/custom_interfaces/msg/detail/vehicle_state_vector__struct.hpp
-- Up-to-date: /home/pipeline-vm/fsfeup/autonomous-systems/install/custom_interfaces/include/custom_interfaces/custom_interfaces/msg/detail/velocity_estimation_parameters__traits.hpp
-- Up-to-date: /home/pipeline-vm/fsfeup/autonomous-systems/install/custom_interfaces/include/custom_interfaces/custom_interfaces/msg/detail/bounding_box__builder.hpp
-- Up-to-date: /home/pipeline-vm/fsfeup/autonomous-systems/install/custom_interfaces/include/custom_interfaces/custom_interfaces/msg/detail/operational_status__traits.hpp
-- Up-to-date: /home/pipeline-vm/fsfeup/autonomous-systems/install/custom_interfaces/include/custom_interfaces/custom_interfaces/msg/detail/path_point__builder.hpp
-- Up-to-date: /home/pipeline-vm/fsfeup/autonomous-systems/install/custom_interfaces/include/custom_interfaces/custom_interfaces/msg/detail/lap_current__builder.hpp
-- Up-to-date: /home/pipeline-vm/fsfeup/autonomous-systems/install/custom_interfaces/include/custom_interfaces/custom_interfaces/msg/detail/temperature__struct.hpp
-- Up-to-date: /home/pipeline-vm/fsfeup/autonomous-systems/install/custom_interfaces/include/custom_interfaces/custom_interfaces/msg/detail/process_usage__type_support.hpp
-- Up-to-date: /home/pipeline-vm/fsfeup/autonomous-systems/install/custom_interfaces/include/custom_interfaces/custom_interfaces/msg/detail/can_statistics__builder.hpp
-- Up-to-date: /home/pipeline-vm/fsfeup/autonomous-systems/install/custom_interfaces/include/custom_interfaces/custom_interfaces/msg/detail/perception_parameters__type_support.hpp
-- Up-to-date: /home/pipeline-vm/fsfeup/autonomous-systems/install/custom_interfaces/include/custom_interfaces/custom_interfaces/msg/detail/slam_parameters__struct.hpp
-- Up-to-date: /home/pipeline-vm/fsfeup/autonomous-systems/install/custom_interfaces/include/custom_interfaces/custom_interfaces/msg/detail/process_usage_array__struct.hpp
-- Up-to-date: /home/pipeline-vm/fsfeup/autonomous-systems/install/custom_interfaces/include/custom_interfaces/custom_interfaces/msg/detail/lap_statistics__type_support.hpp
-- Up-to-date: /home/pipeline-vm/fsfeup/autonomous-systems/install/custom_interfaces/include/custom_interfaces/custom_interfaces/msg/detail/wheel_scalars__struct.hpp
-- Up-to-date: /home/pipeline-vm/fsfeup/autonomous-systems/install/custom_interfaces/include/custom_interfaces/custom_interfaces/msg/detail/gps__struct.hpp
-- Up-to-date: /home/pipeline-vm/fsfeup/autonomous-systems/install/custom_interfaces/include/custom_interfaces/custom_interfaces/msg/detail/cone_array__struct.hpp
-- Up-to-date: /home/pipeline-vm/fsfeup/autonomous-systems/install/custom_interfaces/include/custom_interfaces/custom_interfaces/msg/vehicle_state.hpp
-- Up-to-date: /home/pipeline-vm/fsfeup/autonomous-systems/install/custom_interfaces/include/custom_interfaces/custom_interfaces/msg/bounding_boxes.hpp
-- Up-to-date: /home/pipeline-vm/fsfeup/autonomous-systems/install/custom_interfaces/include/custom_interfaces/custom_interfaces/msg/vcu.hpp
-- Up-to-date: /home/pipeline-vm/fsfeup/autonomous-systems/install/custom_interfaces/include/custom_interfaces/custom_interfaces/msg/gps.hpp
-- Up-to-date: /home/pipeline-vm/fsfeup/autonomous-systems/install/custom_interfaces/include/custom_interfaces/custom_interfaces/msg/temperature.hpp
-- Up-to-date: /home/pipeline-vm/fsfeup/autonomous-systems/install/custom_interfaces/include/custom_interfaces/custom_interfaces/msg/lap_summary.hpp
-- Up-to-date: /home/pipeline-vm/fsfeup/autonomous-systems/install/custom_interfaces/include/custom_interfaces/custom_interfaces/msg/velocity_estimation_parameters.hpp
-- Up-to-date: /home/pipeline-vm/fsfeup/autonomous-systems/install/custom_interfaces/include/custom_interfaces/custom_interfaces
-- Up-to-date: /home/pipeline-vm/fsfeup/autonomous-systems/install/custom_interfaces/include/custom_interfaces/custom_interfaces/msg
-- Up-to-date: /home/pipeline-vm/fsfeup/autonomous-systems/install/custom_interfaces/include/custom_interfaces/custom_interfaces/msg/detail
-- Up-to-date: /home/pipeline-vm/fsfeup/autonomous-systems/install/custom_interfaces/include/custom_interfaces/custom_interfaces/msg/detail/execution_times__rosidl_typesupport_fastrtps_cpp.hpp
-- Up-to-date: /home/pipeline-vm/fsfeup/autonomous-systems/install/custom_interfaces/include/custom_interfaces/custom_interfaces/msg/detail/aero_forces__rosidl_typesupport_fastrtps_cpp.hpp
-- Up-to-date: /home/pipeline-vm/fsfeup/autonomous-systems/install/custom_interfaces/include/custom_interfaces/custom_interfaces/msg/detail/previous_control_command__rosidl_typesupport_fastrtps_cpp.hpp
-- Up-to-date: /home/pipeline-vm/fsfeup/autonomous-systems/install/custom_interfaces/include/custom_interfaces/custom_interfaces/msg/detail/vcu_command__rosidl_typesupport_fastrtps_cpp.hpp
-- Up-to-date: /home/pipeline-vm/fsfeup/autonomous-systems/install/custom_interfaces/include/custom_interfaces/custom_interfaces/msg/detail/point2d__rosidl_typesupport_fastrtps_cpp.hpp
-- Up-to-date: /home/pipeline-vm/fsfeup/autonomous-systems/install/custom_interfaces/include/custom_interfaces/custom_interfaces/msg/detail/cells_temps__rosidl_typesupport_fastrtps_cpp.hpp
-- Up-to-date: /home/pipeline-vm/fsfeup/autonomous-systems/install/custom_interfaces/include/custom_interfaces/custom_interfaces/msg/detail/data_log_info1__rosidl_typesupport_fastrtps_cpp.hpp
-- Up-to-date: /home/pipeline-vm/fsfeup/autonomous-systems/install/custom_interfaces/include/custom_interfaces/custom_interfaces/msg/detail/bamocar_errors__rosidl_typesupport_fastrtps_cpp.hpp
-- Up-to-date: /home/pipeline-vm/fsfeup/autonomous-systems/install/custom_interfaces/include/custom_interfaces/custom_interfaces/msg/detail/vehicle_state_vector__rosidl_typesupport_fastrtps_cpp.hpp
-- Up-to-date: /home/pipeline-vm/fsfeup/autonomous-systems/install/custom_interfaces/include/custom_interfaces/custom_interfaces/msg/detail/pose__rosidl_typesupport_fastrtps_cpp.hpp
-- Up-to-date: /home/pipeline-vm/fsfeup/autonomous-systems/install/custom_interfaces/include/custom_interfaces/custom_interfaces/msg/detail/bms_errors__rosidl_typesupport_fastrtps_cpp.hpp
-- Up-to-date: /home/pipeline-vm/fsfeup/autonomous-systems/install/custom_interfaces/include/custom_interfaces/custom_interfaces/msg/detail/planning_parameters__rosidl_typesupport_fastrtps_cpp.hpp
-- Up-to-date: /home/pipeline-vm/fsfeup/autonomous-systems/install/custom_interfaces/include/custom_interfaces/custom_interfaces/msg/detail/yaw_pitch_roll__rosidl_typesupport_fastrtps_cpp.hpp
-- Up-to-date: /home/pipeline-vm/fsfeup/autonomous-systems/install/custom_interfaces/include/custom_interfaces/custom_interfaces/msg/detail/control_statistics__rosidl_typesupport_fastrtps_cpp.hpp
-- Up-to-date: /home/pipeline-vm/fsfeup/autonomous-systems/install/custom_interfaces/include/custom_interfaces/custom_interfaces/msg/detail/temperature__rosidl_typesupport_fastrtps_cpp.hpp
-- Up-to-date: /home/pipeline-vm/fsfeup/autonomous-systems/install/custom_interfaces/include/custom_interfaces/custom_interfaces/msg/detail/vehicle_state__rosidl_typesupport_fastrtps_cpp.hpp
-- Up-to-date: /home/pipeline-vm/fsfeup/autonomous-systems/install/custom_interfaces/include/custom_interfaces/custom_interfaces/msg/detail/gps__rosidl_typesupport_fastrtps_cpp.hpp
-- Up-to-date: /home/pipeline-vm/fsfeup/autonomous-systems/install/custom_interfaces/include/custom_interfaces/custom_interfaces/msg/detail/control_parameters__rosidl_typesupport_fastrtps_cpp.hpp
-- Up-to-date: /home/pipeline-vm/fsfeup/autonomous-systems/install/custom_interfaces/include/custom_interfaces/custom_interfaces/msg/detail/can_statistics__rosidl_typesupport_fastrtps_cpp.hpp
-- Up-to-date: /home/pipeline-vm/fsfeup/autonomous-systems/install/custom_interfaces/include/custom_interfaces/custom_interfaces/msg/detail/path_point__rosidl_typesupport_fastrtps_cpp.hpp
-- Up-to-date: /home/pipeline-vm/fsfeup/autonomous-systems/install/custom_interfaces/include/custom_interfaces/custom_interfaces/msg/detail/lap_statistics__rosidl_typesupport_fastrtps_cpp.hpp
-- Up-to-date: /home/pipeline-vm/fsfeup/autonomous-systems/install/custom_interfaces/include/custom_interfaces/custom_interfaces/msg/detail/lap_summary__rosidl_typesupport_fastrtps_cpp.hpp
-- Up-to-date: /home/pipeline-vm/fsfeup/autonomous-systems/install/custom_interfaces/include/custom_interfaces/custom_interfaces/msg/detail/wheel_rpm__rosidl_typesupport_fastrtps_cpp.hpp
-- Up-to-date: /home/pipeline-vm/fsfeup/autonomous-systems/install/custom_interfaces/include/custom_interfaces/custom_interfaces/msg/detail/process_usage__rosidl_typesupport_fastrtps_cpp.hpp
-- Up-to-date: /home/pipeline-vm/fsfeup/autonomous-systems/install/custom_interfaces/include/custom_interfaces/custom_interfaces/msg/detail/bounding_boxes__rosidl_typesupport_fastrtps_cpp.hpp
-- Up-to-date: /home/pipeline-vm/fsfeup/autonomous-systems/install/custom_interfaces/include/custom_interfaces/custom_interfaces/msg/detail/dds_fastrtps
-- Up-to-date: /home/pipeline-vm/fsfeup/autonomous-systems/install/custom_interfaces/include/custom_interfaces/custom_interfaces/msg/detail/process_usage_array__rosidl_typesupport_fastrtps_cpp.hpp
-- Up-to-date: /home/pipeline-vm/fsfeup/autonomous-systems/install/custom_interfaces/include/custom_interfaces/custom_interfaces/msg/detail/wheel_scalars__rosidl_typesupport_fastrtps_cpp.hpp
-- Up-to-date: /home/pipeline-vm/fsfeup/autonomous-systems/install/custom_interfaces/include/custom_interfaces/custom_interfaces/msg/detail/cone__rosidl_typesupport_fastrtps_cpp.hpp
-- Up-to-date: /home/pipeline-vm/fsfeup/autonomous-systems/install/custom_interfaces/include/custom_interfaces/custom_interfaces/msg/detail/motor_state__rosidl_typesupport_fastrtps_cpp.hpp
-- Up-to-date: /home/pipeline-vm/fsfeup/autonomous-systems/install/custom_interfaces/include/custom_interfaces/custom_interfaces/msg/detail/velocities__rosidl_typesupport_fastrtps_cpp.hpp
-- Up-to-date: /home/pipeline-vm/fsfeup/autonomous-systems/install/custom_interfaces/include/custom_interfaces/custom_interfaces/msg/detail/vcu__rosidl_typesupport_fastrtps_cpp.hpp
-- Up-to-date: /home/pipeline-vm/fsfeup/autonomous-systems/install/custom_interfaces/include/custom_interfaces/custom_interfaces/msg/detail/imu_acceleration__rosidl_typesupport_fastrtps_cpp.hpp
-- Up-to-date: /home/pipeline-vm/fsfeup/autonomous-systems/install/custom_interfaces/include/custom_interfaces/custom_interfaces/msg/detail/hydraulic_line_pressure__rosidl_typesupport_fastrtps_cpp.hpp
-- Up-to-date: /home/pipeline-vm/fsfeup/autonomous-systems/install/custom_interfaces/include/custom_interfaces/custom_interfaces/msg/detail/bounding_box__rosidl_typesupport_fastrtps_cpp.hpp
-- Up-to-date: /home/pipeline-vm/fsfeup/autonomous-systems/install/custom_interfaces/include/custom_interfaces/custom_interfaces/msg/detail/operational_status__rosidl_typesupport_fastrtps_cpp.hpp
-- Up-to-date: /home/pipeline-vm/fsfeup/autonomous-systems/install/custom_interfaces/include/custom_interfaces/custom_interfaces/msg/detail/cone_array__rosidl_typesupport_fastrtps_cpp.hpp
-- Up-to-date: /home/pipeline-vm/fsfeup/autonomous-systems/install/custom_interfaces/include/custom_interfaces/custom_interfaces/msg/detail/steering_angle__rosidl_typesupport_fastrtps_cpp.hpp
-- Up-to-date: /home/pipeline-vm/fsfeup/autonomous-systems/install/custom_interfaces/include/custom_interfaces/custom_interfaces/msg/detail/perception_parameters__rosidl_typesupport_fastrtps_cpp.hpp
-- Up-to-date: /home/pipeline-vm/fsfeup/autonomous-systems/install/custom_interfaces/include/custom_interfaces/custom_interfaces/msg/detail/point_array__rosidl_typesupport_fastrtps_cpp.hpp
-- Up-to-date: /home/pipeline-vm/fsfeup/autonomous-systems/install/custom_interfaces/include/custom_interfaces/custom_interfaces/msg/detail/battery_state__rosidl_typesupport_fastrtps_cpp.hpp
-- Up-to-date: /home/pipeline-vm/fsfeup/autonomous-systems/install/custom_interfaces/include/custom_interfaces/custom_interfaces/msg/detail/lap_current__rosidl_typesupport_fastrtps_cpp.hpp
-- Up-to-date: /home/pipeline-vm/fsfeup/autonomous-systems/install/custom_interfaces/include/custom_interfaces/custom_interfaces/msg/detail/control_command__rosidl_typesupport_fastrtps_cpp.hpp
-- Up-to-date: /home/pipeline-vm/fsfeup/autonomous-systems/install/custom_interfaces/include/custom_interfaces/custom_interfaces/msg/detail/imu__rosidl_typesupport_fastrtps_cpp.hpp
-- Up-to-date: /home/pipeline-vm/fsfeup/autonomous-systems/install/custom_interfaces/include/custom_interfaces/custom_interfaces/msg/detail/slam_parameters__rosidl_typesupport_fastrtps_cpp.hpp
-- Up-to-date: /home/pipeline-vm/fsfeup/autonomous-systems/install/custom_interfaces/include/custom_interfaces/custom_interfaces/msg/detail/tire_forces__rosidl_typesupport_fastrtps_cpp.hpp
-- Up-to-date: /home/pipeline-vm/fsfeup/autonomous-systems/install/custom_interfaces/include/custom_interfaces/custom_interfaces/msg/detail/velocity_estimation_parameters__rosidl_typesupport_fastrtps_cpp.hpp
-- Up-to-date: /home/pipeline-vm/fsfeup/autonomous-systems/install/custom_interfaces/include/custom_interfaces/custom_interfaces/msg/detail/perception_output__rosidl_typesupport_fastrtps_cpp.hpp
-- Up-to-date: /home/pipeline-vm/fsfeup/autonomous-systems/install/custom_interfaces/include/custom_interfaces/custom_interfaces/msg/detail/data_log_info2__rosidl_typesupport_fastrtps_cpp.hpp
-- Up-to-date: /home/pipeline-vm/fsfeup/autonomous-systems/install/custom_interfaces/include/custom_interfaces/custom_interfaces/msg/detail/path_point_array__rosidl_typesupport_fastrtps_cpp.hpp
-- Up-to-date: /home/pipeline-vm/fsfeup/autonomous-systems/install/custom_interfaces/include/custom_interfaces/custom_interfaces/msg/detail/imu_data__rosidl_typesupport_fastrtps_cpp.hpp
-- Up-to-date: /home/pipeline-vm/fsfeup/autonomous-systems/install/custom_interfaces/include/custom_interfaces/custom_interfaces/msg/rosidl_typesupport_fastrtps_cpp__visibility_control.h
-- Up-to-date: /home/pipeline-vm/fsfeup/autonomous-systems/install/custom_interfaces/lib/libcustom_interfaces__rosidl_typesupport_fastrtps_cpp.so
-- Up-to-date: /home/pipeline-vm/fsfeup/autonomous-systems/install/custom_interfaces/include/custom_interfaces/custom_interfaces
-- Up-to-date: /home/pipeline-vm/fsfeup/autonomous-systems/install/custom_interfaces/include/custom_interfaces/custom_interfaces/msg
-- Up-to-date: /home/pipeline-vm/fsfeup/autonomous-systems/install/custom_interfaces/include/custom_interfaces/custom_interfaces/msg/detail
-- Up-to-date: /home/pipeline-vm/fsfeup/autonomous-systems/install/custom_interfaces/include/custom_interfaces/custom_interfaces/msg/detail/previous_control_command__type_support.cpp
-- Up-to-date: /home/pipeline-vm/fsfeup/autonomous-systems/install/custom_interfaces/include/custom_interfaces/custom_interfaces/msg/detail/vehicle_state_vector__rosidl_typesupport_introspection_cpp.hpp
-- Up-to-date: /home/pipeline-vm/fsfeup/autonomous-systems/install/custom_interfaces/include/custom_interfaces/custom_interfaces/msg/detail/can_statistics__rosidl_typesupport_introspection_cpp.hpp
-- Up-to-date: /home/pipeline-vm/fsfeup/autonomous-systems/install/custom_interfaces/include/custom_interfaces/custom_interfaces/msg/detail/hydraulic_line_pressure__type_support.cpp
-- Up-to-date: /home/pipeline-vm/fsfeup/autonomous-systems/install/custom_interfaces/include/custom_interfaces/custom_interfaces/msg/detail/pose__type_support.cpp
-- Up-to-date: /home/pipeline-vm/fsfeup/autonomous-systems/install/custom_interfaces/include/custom_interfaces/custom_interfaces/msg/detail/data_log_info1__rosidl_typesupport_introspection_cpp.hpp
-- Up-to-date: /home/pipeline-vm/fsfeup/autonomous-systems/install/custom_interfaces/include/custom_interfaces/custom_interfaces/msg/detail/execution_times__rosidl_typesupport_introspection_cpp.hpp
-- Up-to-date: /home/pipeline-vm/fsfeup/autonomous-systems/install/custom_interfaces/include/custom_interfaces/custom_interfaces/msg/detail/vehicle_state__type_support.cpp
-- Up-to-date: /home/pipeline-vm/fsfeup/autonomous-systems/install/custom_interfaces/include/custom_interfaces/custom_interfaces/msg/detail/slam_parameters__type_support.cpp
-- Up-to-date: /home/pipeline-vm/fsfeup/autonomous-systems/install/custom_interfaces/include/custom_interfaces/custom_interfaces/msg/detail/vehicle_state_vector__type_support.cpp
-- Up-to-date: /home/pipeline-vm/fsfeup/autonomous-systems/install/custom_interfaces/include/custom_interfaces/custom_interfaces/msg/detail/data_log_info2__rosidl_typesupport_introspection_cpp.hpp
-- Up-to-date: /home/pipeline-vm/fsfeup/autonomous-systems/install/custom_interfaces/include/custom_interfaces/custom_interfaces/msg/detail/data_log_info2__type_support.cpp
-- Up-to-date: /home/pipeline-vm/fsfeup/autonomous-systems/install/custom_interfaces/include/custom_interfaces/custom_interfaces/msg/detail/yaw_pitch_roll__type_support.cpp
-- Up-to-date: /home/pipeline-vm/fsfeup/autonomous-systems/install/custom_interfaces/include/custom_interfaces/custom_interfaces/msg/detail/planning_parameters__rosidl_typesupport_introspection_cpp.hpp
-- Up-to-date: /home/pipeline-vm/fsfeup/autonomous-systems/install/custom_interfaces/include/custom_interfaces/custom_interfaces/msg/detail/vcu_command__type_support.cpp
-- Up-to-date: /home/pipeline-vm/fsfeup/autonomous-systems/install/custom_interfaces/include/custom_interfaces/custom_interfaces/msg/detail/path_point__type_support.cpp
-- Up-to-date: /home/pipeline-vm/fsfeup/autonomous-systems/install/custom_interfaces/include/custom_interfaces/custom_interfaces/msg/detail/imu_data__type_support.cpp
-- Up-to-date: /home/pipeline-vm/fsfeup/autonomous-systems/install/custom_interfaces/include/custom_interfaces/custom_interfaces/msg/detail/bounding_box__rosidl_typesupport_introspection_cpp.hpp
-- Up-to-date: /home/pipeline-vm/fsfeup/autonomous-systems/install/custom_interfaces/include/custom_interfaces/custom_interfaces/msg/detail/process_usage_array__type_support.cpp
-- Up-to-date: /home/pipeline-vm/fsfeup/autonomous-systems/install/custom_interfaces/include/custom_interfaces/custom_interfaces/msg/detail/lap_summary__rosidl_typesupport_introspection_cpp.hpp
-- Up-to-date: /home/pipeline-vm/fsfeup/autonomous-systems/install/custom_interfaces/include/custom_interfaces/custom_interfaces/msg/detail/process_usage_array__rosidl_typesupport_introspection_cpp.hpp
-- Up-to-date: /home/pipeline-vm/fsfeup/autonomous-systems/install/custom_interfaces/include/custom_interfaces/custom_interfaces/msg/detail/vcu__rosidl_typesupport_introspection_cpp.hpp
-- Up-to-date: /home/pipeline-vm/fsfeup/autonomous-systems/install/custom_interfaces/include/custom_interfaces/custom_interfaces/msg/detail/temperature__rosidl_typesupport_introspection_cpp.hpp
-- Up-to-date: /home/pipeline-vm/fsfeup/autonomous-systems/install/custom_interfaces/include/custom_interfaces/custom_interfaces/msg/detail/bounding_boxes__rosidl_typesupport_introspection_cpp.hpp
-- Up-to-date: /home/pipeline-vm/fsfeup/autonomous-systems/install/custom_interfaces/include/custom_interfaces/custom_interfaces/msg/detail/path_point_array__rosidl_typesupport_introspection_cpp.hpp
-- Up-to-date: /home/pipeline-vm/fsfeup/autonomous-systems/install/custom_interfaces/include/custom_interfaces/custom_interfaces/msg/detail/vehicle_state__rosidl_typesupport_introspection_cpp.hpp
-- Up-to-date: /home/pipeline-vm/fsfeup/autonomous-systems/install/custom_interfaces/include/custom_interfaces/custom_interfaces/msg/detail/data_log_info1__type_support.cpp
-- Up-to-date: /home/pipeline-vm/fsfeup/autonomous-systems/install/custom_interfaces/include/custom_interfaces/custom_interfaces/msg/detail/previous_control_command__rosidl_typesupport_introspection_cpp.hpp
-- Up-to-date: /home/pipeline-vm/fsfeup/autonomous-systems/install/custom_interfaces/include/custom_interfaces/custom_interfaces/msg/detail/bamocar_errors__type_support.cpp
-- Up-to-date: /home/pipeline-vm/fsfeup/autonomous-systems/install/custom_interfaces/include/custom_interfaces/custom_interfaces/msg/detail/control_command__rosidl_typesupport_introspection_cpp.hpp
-- Up-to-date: /home/pipeline-vm/fsfeup/autonomous-systems/install/custom_interfaces/include/custom_interfaces/custom_interfaces/msg/detail/path_point_array__type_support.cpp
-- Up-to-date: /home/pipeline-vm/fsfeup/autonomous-systems/install/custom_interfaces/include/custom_interfaces/custom_interfaces/msg/detail/cone__type_support.cpp
-- Up-to-date: /home/pipeline-vm/fsfeup/autonomous-systems/install/custom_interfaces/include/custom_interfaces/custom_interfaces/msg/detail/aero_forces__rosidl_typesupport_introspection_cpp.hpp
-- Up-to-date: /home/pipeline-vm/fsfeup/autonomous-systems/install/custom_interfaces/include/custom_interfaces/custom_interfaces/msg/detail/wheel_rpm__type_support.cpp
-- Up-to-date: /home/pipeline-vm/fsfeup/autonomous-systems/install/custom_interfaces/include/custom_interfaces/custom_interfaces/msg/detail/wheel_scalars__type_support.cpp
-- Up-to-date: /home/pipeline-vm/fsfeup/autonomous-systems/install/custom_interfaces/include/custom_interfaces/custom_interfaces/msg/detail/battery_state__rosidl_typesupport_introspection_cpp.hpp
-- Up-to-date: /home/pipeline-vm/fsfeup/autonomous-systems/install/custom_interfaces/include/custom_interfaces/custom_interfaces/msg/detail/perception_parameters__rosidl_typesupport_introspection_cpp.hpp
-- Up-to-date: /home/pipeline-vm/fsfeup/autonomous-systems/install/custom_interfaces/include/custom_interfaces/custom_interfaces/msg/detail/point_array__rosidl_typesupport_introspection_cpp.hpp
-- Up-to-date: /home/pipeline-vm/fsfeup/autonomous-systems/install/custom_interfaces/include/custom_interfaces/custom_interfaces/msg/detail/process_usage__rosidl_typesupport_introspection_cpp.hpp
-- Up-to-date: /home/pipeline-vm/fsfeup/autonomous-systems/install/custom_interfaces/include/custom_interfaces/custom_interfaces/msg/detail/bms_errors__rosidl_typesupport_introspection_cpp.hpp
-- Up-to-date: /home/pipeline-vm/fsfeup/autonomous-systems/install/custom_interfaces/include/custom_interfaces/custom_interfaces/msg/detail/point_array__type_support.cpp
-- Up-to-date: /home/pipeline-vm/fsfeup/autonomous-systems/install/custom_interfaces/include/custom_interfaces/custom_interfaces/msg/detail/point2d__rosidl_typesupport_introspection_cpp.hpp
-- Up-to-date: /home/pipeline-vm/fsfeup/autonomous-systems/install/custom_interfaces/include/custom_interfaces/custom_interfaces/msg/detail/vcu_command__rosidl_typesupport_introspection_cpp.hpp
-- Up-to-date: /home/pipeline-vm/fsfeup/autonomous-systems/install/custom_interfaces/include/custom_interfaces/custom_interfaces/msg/detail/steering_angle__rosidl_typesupport_introspection_cpp.hpp
-- Up-to-date: /home/pipeline-vm/fsfeup/autonomous-systems/install/custom_interfaces/include/custom_interfaces/custom_interfaces/msg/detail/slam_parameters__rosidl_typesupport_introspection_cpp.hpp
-- Up-to-date: /home/pipeline-vm/fsfeup/autonomous-systems/install/custom_interfaces/include/custom_interfaces/custom_interfaces/msg/detail/cone__rosidl_typesupport_introspection_cpp.hpp
-- Up-to-date: /home/pipeline-vm/fsfeup/autonomous-systems/install/custom_interfaces/include/custom_interfaces/custom_interfaces/msg/detail/lap_current__rosidl_typesupport_introspection_cpp.hpp
-- Up-to-date: /home/pipeline-vm/fsfeup/autonomous-systems/install/custom_interfaces/include/custom_interfaces/custom_interfaces/msg/detail/velocity_estimation_parameters__type_support.cpp
-- Up-to-date: /home/pipeline-vm/fsfeup/autonomous-systems/install/custom_interfaces/include/custom_interfaces/custom_interfaces/msg/detail/gps__rosidl_typesupport_introspection_cpp.hpp
-- Up-to-date: /home/pipeline-vm/fsfeup/autonomous-systems/install/custom_interfaces/include/custom_interfaces/custom_interfaces/msg/detail/wheel_scalars__rosidl_typesupport_introspection_cpp.hpp
-- Up-to-date: /home/pipeline-vm/fsfeup/autonomous-systems/install/custom_interfaces/include/custom_interfaces/custom_interfaces/msg/detail/steering_angle__type_support.cpp
-- Up-to-date: /home/pipeline-vm/fsfeup/autonomous-systems/install/custom_interfaces/include/custom_interfaces/custom_interfaces/msg/detail/perception_output__type_support.cpp
-- Up-to-date: /home/pipeline-vm/fsfeup/autonomous-systems/install/custom_interfaces/include/custom_interfaces/custom_interfaces/msg/detail/imu_data__rosidl_typesupport_introspection_cpp.hpp
-- Up-to-date: /home/pipeline-vm/fsfeup/autonomous-systems/install/custom_interfaces/include/custom_interfaces/custom_interfaces/msg/detail/velocities__type_support.cpp
-- Up-to-date: /home/pipeline-vm/fsfeup/autonomous-systems/install/custom_interfaces/include/custom_interfaces/custom_interfaces/msg/detail/hydraulic_line_pressure__rosidl_typesupport_introspection_cpp.hpp
-- Up-to-date: /home/pipeline-vm/fsfeup/autonomous-systems/install/custom_interfaces/include/custom_interfaces/custom_interfaces/msg/detail/process_usage__type_support.cpp
-- Up-to-date: /home/pipeline-vm/fsfeup/autonomous-systems/install/custom_interfaces/include/custom_interfaces/custom_interfaces/msg/detail/execution_times__type_support.cpp
-- Up-to-date: /home/pipeline-vm/fsfeup/autonomous-systems/install/custom_interfaces/include/custom_interfaces/custom_interfaces/msg/detail/lap_current__type_support.cpp
-- Up-to-date: /home/pipeline-vm/fsfeup/autonomous-systems/install/custom_interfaces/include/custom_interfaces/custom_interfaces/msg/detail/pose__rosidl_typesupport_introspection_cpp.hpp
-- Up-to-date: /home/pipeline-vm/fsfeup/autonomous-systems/install/custom_interfaces/include/custom_interfaces/custom_interfaces/msg/detail/imu_acceleration__type_support.cpp
-- Up-to-date: /home/pipeline-vm/fsfeup/autonomous-systems/install/custom_interfaces/include/custom_interfaces/custom_interfaces/msg/detail/battery_state__type_support.cpp
-- Up-to-date: /home/pipeline-vm/fsfeup/autonomous-systems/install/custom_interfaces/include/custom_interfaces/custom_interfaces/msg/detail/gps__type_support.cpp
-- Up-to-date: /home/pipeline-vm/fsfeup/autonomous-systems/install/custom_interfaces/include/custom_interfaces/custom_interfaces/msg/detail/vcu__type_support.cpp
-- Up-to-date: /home/pipeline-vm/fsfeup/autonomous-systems/install/custom_interfaces/include/custom_interfaces/custom_interfaces/msg/detail/control_parameters__rosidl_typesupport_introspection_cpp.hpp
-- Up-to-date: /home/pipeline-vm/fsfeup/autonomous-systems/install/custom_interfaces/include/custom_interfaces/custom_interfaces/msg/detail/lap_statistics__type_support.cpp
-- Up-to-date: /home/pipeline-vm/fsfeup/autonomous-systems/install/custom_interfaces/include/custom_interfaces/custom_interfaces/msg/detail/imu_acceleration__rosidl_typesupport_introspection_cpp.hpp
-- Up-to-date: /home/pipeline-vm/fsfeup/autonomous-systems/install/custom_interfaces/include/custom_interfaces/custom_interfaces/msg/detail/bamocar_errors__rosidl_typesupport_introspection_cpp.hpp
-- Up-to-date: /home/pipeline-vm/fsfeup/autonomous-systems/install/custom_interfaces/include/custom_interfaces/custom_interfaces/msg/detail/imu__rosidl_typesupport_introspection_cpp.hpp
-- Up-to-date: /home/pipeline-vm/fsfeup/autonomous-systems/install/custom_interfaces/include/custom_interfaces/custom_interfaces/msg/detail/cells_temps__type_support.cpp
-- Up-to-date: /home/pipeline-vm/fsfeup/autonomous-systems/install/custom_interfaces/include/custom_interfaces/custom_interfaces/msg/detail/bounding_boxes__type_support.cpp
-- Up-to-date: /home/pipeline-vm/fsfeup/autonomous-systems/install/custom_interfaces/include/custom_interfaces/custom_interfaces/msg/detail/control_parameters__type_support.cpp
-- Up-to-date: /home/pipeline-vm/fsfeup/autonomous-systems/install/custom_interfaces/include/custom_interfaces/custom_interfaces/msg/detail/perception_output__rosidl_typesupport_introspection_cpp.hpp
-- Up-to-date: /home/pipeline-vm/fsfeup/autonomous-systems/install/custom_interfaces/include/custom_interfaces/custom_interfaces/msg/detail/imu__type_support.cpp
-- Up-to-date: /home/pipeline-vm/fsfeup/autonomous-systems/install/custom_interfaces/include/custom_interfaces/custom_interfaces/msg/detail/operational_status__type_support.cpp
-- Up-to-date: /home/pipeline-vm/fsfeup/autonomous-systems/install/custom_interfaces/include/custom_interfaces/custom_interfaces/msg/detail/cells_temps__rosidl_typesupport_introspection_cpp.hpp
-- Up-to-date: /home/pipeline-vm/fsfeup/autonomous-systems/install/custom_interfaces/include/custom_interfaces/custom_interfaces/msg/detail/can_statistics__type_support.cpp
-- Up-to-date: /home/pipeline-vm/fsfeup/autonomous-systems/install/custom_interfaces/include/custom_interfaces/custom_interfaces/msg/detail/cone_array__type_support.cpp
-- Up-to-date: /home/pipeline-vm/fsfeup/autonomous-systems/install/custom_interfaces/include/custom_interfaces/custom_interfaces/msg/detail/velocity_estimation_parameters__rosidl_typesupport_introspection_cpp.hpp
-- Up-to-date: /home/pipeline-vm/fsfeup/autonomous-systems/install/custom_interfaces/include/custom_interfaces/custom_interfaces/msg/detail/lap_statistics__rosidl_typesupport_introspection_cpp.hpp
-- Up-to-date: /home/pipeline-vm/fsfeup/autonomous-systems/install/custom_interfaces/include/custom_interfaces/custom_interfaces/msg/detail/planning_parameters__type_support.cpp
-- Up-to-date: /home/pipeline-vm/fsfeup/autonomous-systems/install/custom_interfaces/include/custom_interfaces/custom_interfaces/msg/detail/point2d__type_support.cpp
-- Up-to-date: /home/pipeline-vm/fsfeup/autonomous-systems/install/custom_interfaces/include/custom_interfaces/custom_interfaces/msg/detail/tire_forces__rosidl_typesupport_introspection_cpp.hpp
-- Up-to-date: /home/pipeline-vm/fsfeup/autonomous-systems/install/custom_interfaces/include/custom_interfaces/custom_interfaces/msg/detail/path_point__rosidl_typesupport_introspection_cpp.hpp
-- Up-to-date: /home/pipeline-vm/fsfeup/autonomous-systems/install/custom_interfaces/include/custom_interfaces/custom_interfaces/msg/detail/control_statistics__rosidl_typesupport_introspection_cpp.hpp
-- Up-to-date: /home/pipeline-vm/fsfeup/autonomous-systems/install/custom_interfaces/include/custom_interfaces/custom_interfaces/msg/detail/motor_state__type_support.cpp
-- Up-to-date: /home/pipeline-vm/fsfeup/autonomous-systems/install/custom_interfaces/include/custom_interfaces/custom_interfaces/msg/detail/bms_errors__type_support.cpp
-- Up-to-date: /home/pipeline-vm/fsfeup/autonomous-systems/install/custom_interfaces/include/custom_interfaces/custom_interfaces/msg/detail/yaw_pitch_roll__rosidl_typesupport_introspection_cpp.hpp
-- Up-to-date: /home/pipeline-vm/fsfeup/autonomous-systems/install/custom_interfaces/include/custom_interfaces/custom_interfaces/msg/detail/temperature__type_support.cpp
-- Up-to-date: /home/pipeline-vm/fsfeup/autonomous-systems/install/custom_interfaces/include/custom_interfaces/custom_interfaces/msg/detail/perception_parameters__type_support.cpp
-- Up-to-date: /home/pipeline-vm/fsfeup/autonomous-systems/install/custom_interfaces/include/custom_interfaces/custom_interfaces/msg/detail/operational_status__rosidl_typesupport_introspection_cpp.hpp
-- Up-to-date: /home/pipeline-vm/fsfeup/autonomous-systems/install/custom_interfaces/include/custom_interfaces/custom_interfaces/msg/detail/wheel_rpm__rosidl_typesupport_introspection_cpp.hpp
-- Up-to-date: /home/pipeline-vm/fsfeup/autonomous-systems/install/custom_interfaces/include/custom_interfaces/custom_interfaces/msg/detail/motor_state__rosidl_typesupport_introspection_cpp.hpp
-- Up-to-date: /home/pipeline-vm/fsfeup/autonomous-systems/install/custom_interfaces/include/custom_interfaces/custom_interfaces/msg/detail/aero_forces__type_support.cpp
-- Up-to-date: /home/pipeline-vm/fsfeup/autonomous-systems/install/custom_interfaces/include/custom_interfaces/custom_interfaces/msg/detail/control_statistics__type_support.cpp
-- Up-to-date: /home/pipeline-vm/fsfeup/autonomous-systems/install/custom_interfaces/include/custom_interfaces/custom_interfaces/msg/detail/cone_array__rosidl_typesupport_introspection_cpp.hpp
-- Up-to-date: /home/pipeline-vm/fsfeup/autonomous-systems/install/custom_interfaces/include/custom_interfaces/custom_interfaces/msg/detail/lap_summary__type_support.cpp
-- Up-to-date: /home/pipeline-vm/fsfeup/autonomous-systems/install/custom_interfaces/include/custom_interfaces/custom_interfaces/msg/detail/velocities__rosidl_typesupport_introspection_cpp.hpp
-- Up-to-date: /home/pipeline-vm/fsfeup/autonomous-systems/install/custom_interfaces/include/custom_interfaces/custom_interfaces/msg/detail/bounding_box__type_support.cpp
-- Up-to-date: /home/pipeline-vm/fsfeup/autonomous-systems/install/custom_interfaces/include/custom_interfaces/custom_interfaces/msg/detail/tire_forces__type_support.cpp
-- Up-to-date: /home/pipeline-vm/fsfeup/autonomous-systems/install/custom_interfaces/include/custom_interfaces/custom_interfaces/msg/detail/control_command__type_support.cpp
-- Up-to-date: /home/pipeline-vm/fsfeup/autonomous-systems/install/custom_interfaces/lib/libcustom_interfaces__rosidl_typesupport_introspection_cpp.so
-- Up-to-date: /home/pipeline-vm/fsfeup/autonomous-systems/install/custom_interfaces/lib/libcustom_interfaces__rosidl_typesupport_cpp.so
-- Up-to-date: /home/pipeline-vm/fsfeup/autonomous-systems/install/custom_interfaces/share/custom_interfaces/environment/pythonpath.sh
-- Up-to-date: /home/pipeline-vm/fsfeup/autonomous-systems/install/custom_interfaces/share/custom_interfaces/environment/pythonpath.dsv
-- Up-to-date: /home/pipeline-vm/fsfeup/autonomous-systems/install/custom_interfaces/local/lib/python3.10/dist-packages/custom_interfaces-0.0.0-py3.10.egg-info
-- Installing: /home/pipeline-vm/fsfeup/autonomous-systems/install/custom_interfaces/local/lib/python3.10/dist-packages/custom_interfaces-0.0.0-py3.10.egg-info/top_level.txt
-- Installing: /home/pipeline-vm/fsfeup/autonomous-systems/install/custom_interfaces/local/lib/python3.10/dist-packages/custom_interfaces-0.0.0-py3.10.egg-info/SOURCES.txt
-- Installing: /home/pipeline-vm/fsfeup/autonomous-systems/install/custom_interfaces/local/lib/python3.10/dist-packages/custom_interfaces-0.0.0-py3.10.egg-info/dependency_links.txt
-- Installing: /home/pipeline-vm/fsfeup/autonomous-systems/install/custom_interfaces/local/lib/python3.10/dist-packages/custom_interfaces-0.0.0-py3.10.egg-info/PKG-INFO
-- Up-to-date: /home/pipeline-vm/fsfeup/autonomous-systems/install/custom_interfaces/local/lib/python3.10/dist-packages/custom_interfaces
-- Up-to-date: /home/pipeline-vm/fsfeup/autonomous-systems/install/custom_interfaces/local/lib/python3.10/dist-packages/custom_interfaces/msg
-- Up-to-date: /home/pipeline-vm/fsfeup/autonomous-systems/install/custom_interfaces/local/lib/python3.10/dist-packages/custom_interfaces/msg/_point_array.py
-- Up-to-date: /home/pipeline-vm/fsfeup/autonomous-systems/install/custom_interfaces/local/lib/python3.10/dist-packages/custom_interfaces/msg/_path_point_s.c
-- Up-to-date: /home/pipeline-vm/fsfeup/autonomous-systems/install/custom_interfaces/local/lib/python3.10/dist-packages/custom_interfaces/msg/_can_statistics.py
-- Up-to-date: /home/pipeline-vm/fsfeup/autonomous-systems/install/custom_interfaces/local/lib/python3.10/dist-packages/custom_interfaces/msg/_battery_state_s.c
-- Up-to-date: /home/pipeline-vm/fsfeup/autonomous-systems/install/custom_interfaces/local/lib/python3.10/dist-packages/custom_interfaces/msg/_bamocar_errors_s.c
-- Up-to-date: /home/pipeline-vm/fsfeup/autonomous-systems/install/custom_interfaces/local/lib/python3.10/dist-packages/custom_interfaces/msg/_bms_errors_s.c
-- Up-to-date: /home/pipeline-vm/fsfeup/autonomous-systems/install/custom_interfaces/local/lib/python3.10/dist-packages/custom_interfaces/msg/_cells_temps_s.c
-- Up-to-date: /home/pipeline-vm/fsfeup/autonomous-systems/install/custom_interfaces/local/lib/python3.10/dist-packages/custom_interfaces/msg/_yaw_pitch_roll_s.c
-- Up-to-date: /home/pipeline-vm/fsfeup/autonomous-systems/install/custom_interfaces/local/lib/python3.10/dist-packages/custom_interfaces/msg/_steering_angle.py
-- Up-to-date: /home/pipeline-vm/fsfeup/autonomous-systems/install/custom_interfaces/local/lib/python3.10/dist-packages/custom_interfaces/msg/_path_point_array_s.c
-- Up-to-date: /home/pipeline-vm/fsfeup/autonomous-systems/install/custom_interfaces/local/lib/python3.10/dist-packages/custom_interfaces/msg/_tire_forces.py
-- Up-to-date: /home/pipeline-vm/fsfeup/autonomous-systems/install/custom_interfaces/local/lib/python3.10/dist-packages/custom_interfaces/msg/_path_point_array.py
-- Up-to-date: /home/pipeline-vm/fsfeup/autonomous-systems/install/custom_interfaces/local/lib/python3.10/dist-packages/custom_interfaces/msg/_motor_state.py
-- Up-to-date: /home/pipeline-vm/fsfeup/autonomous-systems/install/custom_interfaces/local/lib/python3.10/dist-packages/custom_interfaces/msg/_imu_data_s.c
-- Up-to-date: /home/pipeline-vm/fsfeup/autonomous-systems/install/custom_interfaces/local/lib/python3.10/dist-packages/custom_interfaces/msg/_planning_parameters_s.c
-- Up-to-date: /home/pipeline-vm/fsfeup/autonomous-systems/install/custom_interfaces/local/lib/python3.10/dist-packages/custom_interfaces/msg/_velocities.py
-- Up-to-date: /home/pipeline-vm/fsfeup/autonomous-systems/install/custom_interfaces/local/lib/python3.10/dist-packages/custom_interfaces/msg/_hydraulic_line_pressure_s.c
-- Up-to-date: /home/pipeline-vm/fsfeup/autonomous-systems/install/custom_interfaces/local/lib/python3.10/dist-packages/custom_interfaces/msg/_motor_state_s.c
-- Up-to-date: /home/pipeline-vm/fsfeup/autonomous-systems/install/custom_interfaces/local/lib/python3.10/dist-packages/custom_interfaces/msg/_battery_state.py
-- Up-to-date: /home/pipeline-vm/fsfeup/autonomous-systems/install/custom_interfaces/local/lib/python3.10/dist-packages/custom_interfaces/msg/_cone_array.py
-- Up-to-date: /home/pipeline-vm/fsfeup/autonomous-systems/install/custom_interfaces/local/lib/python3.10/dist-packages/custom_interfaces/msg/_imu_acceleration_s.c
-- Up-to-date: /home/pipeline-vm/fsfeup/autonomous-systems/install/custom_interfaces/local/lib/python3.10/dist-packages/custom_interfaces/msg/_control_statistics.py
-- Up-to-date: /home/pipeline-vm/fsfeup/autonomous-systems/install/custom_interfaces/local/lib/python3.10/dist-packages/custom_interfaces/msg/_slam_parameters_s.c
-- Up-to-date: /home/pipeline-vm/fsfeup/autonomous-systems/install/custom_interfaces/local/lib/python3.10/dist-packages/custom_interfaces/msg/_process_usage_s.c
-- Up-to-date: /home/pipeline-vm/fsfeup/autonomous-systems/install/custom_interfaces/local/lib/python3.10/dist-packages/custom_interfaces/msg/_hydraulic_line_pressure.py
-- Up-to-date: /home/pipeline-vm/fsfeup/autonomous-systems/install/custom_interfaces/local/lib/python3.10/dist-packages/custom_interfaces/msg/_cells_temps.py
-- Up-to-date: /home/pipeline-vm/fsfeup/autonomous-systems/install/custom_interfaces/local/lib/python3.10/dist-packages/custom_interfaces/msg/_bounding_boxes_s.c
-- Up-to-date: /home/pipeline-vm/fsfeup/autonomous-systems/install/custom_interfaces/local/lib/python3.10/dist-packages/custom_interfaces/msg/_vcu_s.c
-- Up-to-date: /home/pipeline-vm/fsfeup/autonomous-systems/install/custom_interfaces/local/lib/python3.10/dist-packages/custom_interfaces/msg/_control_parameters_s.c
-- Up-to-date: /home/pipeline-vm/fsfeup/autonomous-systems/install/custom_interfaces/local/lib/python3.10/dist-packages/custom_interfaces/msg/_slam_parameters.py
-- Up-to-date: /home/pipeline-vm/fsfeup/autonomous-systems/install/custom_interfaces/local/lib/python3.10/dist-packages/custom_interfaces/msg/_cone.py
-- Up-to-date: /home/pipeline-vm/fsfeup/autonomous-systems/install/custom_interfaces/local/lib/python3.10/dist-packages/custom_interfaces/msg/_lap_current.py
-- Up-to-date: /home/pipeline-vm/fsfeup/autonomous-systems/install/custom_interfaces/local/lib/python3.10/dist-packages/custom_interfaces/msg/_steering_angle_s.c
-- Up-to-date: /home/pipeline-vm/fsfeup/autonomous-systems/install/custom_interfaces/local/lib/python3.10/dist-packages/custom_interfaces/msg/_lap_summary.py
-- Up-to-date: /home/pipeline-vm/fsfeup/autonomous-systems/install/custom_interfaces/local/lib/python3.10/dist-packages/custom_interfaces/msg/_yaw_pitch_roll.py
-- Up-to-date: /home/pipeline-vm/fsfeup/autonomous-systems/install/custom_interfaces/local/lib/python3.10/dist-packages/custom_interfaces/msg/_bounding_box.py
-- Up-to-date: /home/pipeline-vm/fsfeup/autonomous-systems/install/custom_interfaces/local/lib/python3.10/dist-packages/custom_interfaces/msg/_lap_current_s.c
-- Up-to-date: /home/pipeline-vm/fsfeup/autonomous-systems/install/custom_interfaces/local/lib/python3.10/dist-packages/custom_interfaces/msg/_bms_errors.py
-- Up-to-date: /home/pipeline-vm/fsfeup/autonomous-systems/install/custom_interfaces/local/lib/python3.10/dist-packages/custom_interfaces/msg/_planning_parameters.py
-- Up-to-date: /home/pipeline-vm/fsfeup/autonomous-systems/install/custom_interfaces/local/lib/python3.10/dist-packages/custom_interfaces/msg/_imu_data.py
-- Up-to-date: /home/pipeline-vm/fsfeup/autonomous-systems/install/custom_interfaces/local/lib/python3.10/dist-packages/custom_interfaces/msg/_previous_control_command.py
-- Up-to-date: /home/pipeline-vm/fsfeup/autonomous-systems/install/custom_interfaces/local/lib/python3.10/dist-packages/custom_interfaces/msg/_lap_statistics.py
-- Up-to-date: /home/pipeline-vm/fsfeup/autonomous-systems/install/custom_interfaces/local/lib/python3.10/dist-packages/custom_interfaces/msg/_vehicle_state_vector_s.c
-- Up-to-date: /home/pipeline-vm/fsfeup/autonomous-systems/install/custom_interfaces/local/lib/python3.10/dist-packages/custom_interfaces/msg/_process_usage.py
-- Up-to-date: /home/pipeline-vm/fsfeup/autonomous-systems/install/custom_interfaces/local/lib/python3.10/dist-packages/custom_interfaces/msg/_vcu_command_s.c
-- Up-to-date: /home/pipeline-vm/fsfeup/autonomous-systems/install/custom_interfaces/local/lib/python3.10/dist-packages/custom_interfaces/msg/_gps_s.c
-- Up-to-date: /home/pipeline-vm/fsfeup/autonomous-systems/install/custom_interfaces/local/lib/python3.10/dist-packages/custom_interfaces/msg/_perception_parameters.py
-- Up-to-date: /home/pipeline-vm/fsfeup/autonomous-systems/install/custom_interfaces/local/lib/python3.10/dist-packages/custom_interfaces/msg/_wheel_rpm.py
-- Up-to-date: /home/pipeline-vm/fsfeup/autonomous-systems/install/custom_interfaces/local/lib/python3.10/dist-packages/custom_interfaces/msg/_previous_control_command_s.c
-- Up-to-date: /home/pipeline-vm/fsfeup/autonomous-systems/install/custom_interfaces/local/lib/python3.10/dist-packages/custom_interfaces/msg/_vcu.py
-- Up-to-date: /home/pipeline-vm/fsfeup/autonomous-systems/install/custom_interfaces/local/lib/python3.10/dist-packages/custom_interfaces/msg/_operational_status.py
-- Up-to-date: /home/pipeline-vm/fsfeup/autonomous-systems/install/custom_interfaces/local/lib/python3.10/dist-packages/custom_interfaces/msg/_bamocar_errors.py
-- Up-to-date: /home/pipeline-vm/fsfeup/autonomous-systems/install/custom_interfaces/local/lib/python3.10/dist-packages/custom_interfaces/msg/_path_point.py
-- Up-to-date: /home/pipeline-vm/fsfeup/autonomous-systems/install/custom_interfaces/local/lib/python3.10/dist-packages/custom_interfaces/msg/_velocity_estimation_parameters_s.c
-- Up-to-date: /home/pipeline-vm/fsfeup/autonomous-systems/install/custom_interfaces/local/lib/python3.10/dist-packages/custom_interfaces/msg/_cone_s.c
-- Up-to-date: /home/pipeline-vm/fsfeup/autonomous-systems/install/custom_interfaces/local/lib/python3.10/dist-packages/custom_interfaces/msg/_data_log_info1_s.c
-- Up-to-date: /home/pipeline-vm/fsfeup/autonomous-systems/install/custom_interfaces/local/lib/python3.10/dist-packages/custom_interfaces/msg/_execution_times.py
-- Up-to-date: /home/pipeline-vm/fsfeup/autonomous-systems/install/custom_interfaces/local/lib/python3.10/dist-packages/custom_interfaces/msg/_perception_output_s.c
-- Up-to-date: /home/pipeline-vm/fsfeup/autonomous-systems/install/custom_interfaces/local/lib/python3.10/dist-packages/custom_interfaces/msg/_bounding_boxes.py
-- Up-to-date: /home/pipeline-vm/fsfeup/autonomous-systems/install/custom_interfaces/local/lib/python3.10/dist-packages/custom_interfaces/msg/_operational_status_s.c
-- Up-to-date: /home/pipeline-vm/fsfeup/autonomous-systems/install/custom_interfaces/local/lib/python3.10/dist-packages/custom_interfaces/msg/_lap_summary_s.c
-- Up-to-date: /home/pipeline-vm/fsfeup/autonomous-systems/install/custom_interfaces/local/lib/python3.10/dist-packages/custom_interfaces/msg/_temperature_s.c
-- Up-to-date: /home/pipeline-vm/fsfeup/autonomous-systems/install/custom_interfaces/local/lib/python3.10/dist-packages/custom_interfaces/msg/_lap_statistics_s.c
-- Up-to-date: /home/pipeline-vm/fsfeup/autonomous-systems/install/custom_interfaces/local/lib/python3.10/dist-packages/custom_interfaces/msg/_bounding_box_s.c
-- Up-to-date: /home/pipeline-vm/fsfeup/autonomous-systems/install/custom_interfaces/local/lib/python3.10/dist-packages/custom_interfaces/msg/_velocity_estimation_parameters.py
-- Up-to-date: /home/pipeline-vm/fsfeup/autonomous-systems/install/custom_interfaces/local/lib/python3.10/dist-packages/custom_interfaces/msg/_control_command.py
-- Up-to-date: /home/pipeline-vm/fsfeup/autonomous-systems/install/custom_interfaces/local/lib/python3.10/dist-packages/custom_interfaces/msg/_vcu_command.py
-- Up-to-date: /home/pipeline-vm/fsfeup/autonomous-systems/install/custom_interfaces/local/lib/python3.10/dist-packages/custom_interfaces/msg/_execution_times_s.c
-- Up-to-date: /home/pipeline-vm/fsfeup/autonomous-systems/install/custom_interfaces/local/lib/python3.10/dist-packages/custom_interfaces/msg/_vehicle_state_vector.py
-- Up-to-date: /home/pipeline-vm/fsfeup/autonomous-systems/install/custom_interfaces/local/lib/python3.10/dist-packages/custom_interfaces/msg/_point2d_s.c
-- Up-to-date: /home/pipeline-vm/fsfeup/autonomous-systems/install/custom_interfaces/local/lib/python3.10/dist-packages/custom_interfaces/msg/_process_usage_array_s.c
-- Up-to-date: /home/pipeline-vm/fsfeup/autonomous-systems/install/custom_interfaces/local/lib/python3.10/dist-packages/custom_interfaces/msg/_pose_s.c
-- Up-to-date: /home/pipeline-vm/fsfeup/autonomous-systems/install/custom_interfaces/local/lib/python3.10/dist-packages/custom_interfaces/msg/_point_array_s.c
-- Up-to-date: /home/pipeline-vm/fsfeup/autonomous-systems/install/custom_interfaces/local/lib/python3.10/dist-packages/custom_interfaces/msg/_temperature.py
-- Up-to-date: /home/pipeline-vm/fsfeup/autonomous-systems/install/custom_interfaces/local/lib/python3.10/dist-packages/custom_interfaces/msg/_data_log_info1.py
-- Up-to-date: /home/pipeline-vm/fsfeup/autonomous-systems/install/custom_interfaces/local/lib/python3.10/dist-packages/custom_interfaces/msg/_aero_forces.py
-- Up-to-date: /home/pipeline-vm/fsfeup/autonomous-systems/install/custom_interfaces/local/lib/python3.10/dist-packages/custom_interfaces/msg/_control_statistics_s.c
-- Up-to-date: /home/pipeline-vm/fsfeup/autonomous-systems/install/custom_interfaces/local/lib/python3.10/dist-packages/custom_interfaces/msg/_point2d.py
-- Up-to-date: /home/pipeline-vm/fsfeup/autonomous-systems/install/custom_interfaces/local/lib/python3.10/dist-packages/custom_interfaces/msg/_vehicle_state_s.c
-- Up-to-date: /home/pipeline-vm/fsfeup/autonomous-systems/install/custom_interfaces/local/lib/python3.10/dist-packages/custom_interfaces/msg/_wheel_scalars_s.c
-- Up-to-date: /home/pipeline-vm/fsfeup/autonomous-systems/install/custom_interfaces/local/lib/python3.10/dist-packages/custom_interfaces/msg/_perception_parameters_s.c
-- Up-to-date: /home/pipeline-vm/fsfeup/autonomous-systems/install/custom_interfaces/local/lib/python3.10/dist-packages/custom_interfaces/msg/_pose.py
-- Up-to-date: /home/pipeline-vm/fsfeup/autonomous-systems/install/custom_interfaces/local/lib/python3.10/dist-packages/custom_interfaces/msg/_imu_s.c
-- Up-to-date: /home/pipeline-vm/fsfeup/autonomous-systems/install/custom_interfaces/local/lib/python3.10/dist-packages/custom_interfaces/msg/_wheel_scalars.py
-- Up-to-date: /home/pipeline-vm/fsfeup/autonomous-systems/install/custom_interfaces/local/lib/python3.10/dist-packages/custom_interfaces/msg/_cone_array_s.c
-- Up-to-date: /home/pipeline-vm/fsfeup/autonomous-systems/install/custom_interfaces/local/lib/python3.10/dist-packages/custom_interfaces/msg/_velocities_s.c
-- Up-to-date: /home/pipeline-vm/fsfeup/autonomous-systems/install/custom_interfaces/local/lib/python3.10/dist-packages/custom_interfaces/msg/_vehicle_state.py
-- Up-to-date: /home/pipeline-vm/fsfeup/autonomous-systems/install/custom_interfaces/local/lib/python3.10/dist-packages/custom_interfaces/msg/_process_usage_array.py
-- Up-to-date: /home/pipeline-vm/fsfeup/autonomous-systems/install/custom_interfaces/local/lib/python3.10/dist-packages/custom_interfaces/msg/_tire_forces_s.c
-- Up-to-date: /home/pipeline-vm/fsfeup/autonomous-systems/install/custom_interfaces/local/lib/python3.10/dist-packages/custom_interfaces/msg/_imu.py
-- Up-to-date: /home/pipeline-vm/fsfeup/autonomous-systems/install/custom_interfaces/local/lib/python3.10/dist-packages/custom_interfaces/msg/_wheel_rpm_s.c
-- Up-to-date: /home/pipeline-vm/fsfeup/autonomous-systems/install/custom_interfaces/local/lib/python3.10/dist-packages/custom_interfaces/msg/_perception_output.py
-- Up-to-date: /home/pipeline-vm/fsfeup/autonomous-systems/install/custom_interfaces/local/lib/python3.10/dist-packages/custom_interfaces/msg/_imu_acceleration.py
-- Up-to-date: /home/pipeline-vm/fsfeup/autonomous-systems/install/custom_interfaces/local/lib/python3.10/dist-packages/custom_interfaces/msg/_gps.py
-- Up-to-date: /home/pipeline-vm/fsfeup/autonomous-systems/install/custom_interfaces/local/lib/python3.10/dist-packages/custom_interfaces/msg/_data_log_info2_s.c
-- Up-to-date: /home/pipeline-vm/fsfeup/autonomous-systems/install/custom_interfaces/local/lib/python3.10/dist-packages/custom_interfaces/msg/__init__.py
-- Up-to-date: /home/pipeline-vm/fsfeup/autonomous-systems/install/custom_interfaces/local/lib/python3.10/dist-packages/custom_interfaces/msg/_aero_forces_s.c
-- Up-to-date: /home/pipeline-vm/fsfeup/autonomous-systems/install/custom_interfaces/local/lib/python3.10/dist-packages/custom_interfaces/msg/_data_log_info2.py
-- Up-to-date: /home/pipeline-vm/fsfeup/autonomous-systems/install/custom_interfaces/local/lib/python3.10/dist-packages/custom_interfaces/msg/_control_parameters.py
-- Up-to-date: /home/pipeline-vm/fsfeup/autonomous-systems/install/custom_interfaces/local/lib/python3.10/dist-packages/custom_interfaces/msg/_can_statistics_s.c
-- Up-to-date: /home/pipeline-vm/fsfeup/autonomous-systems/install/custom_interfaces/local/lib/python3.10/dist-packages/custom_interfaces/msg/_control_command_s.c
-- Up-to-date: /home/pipeline-vm/fsfeup/autonomous-systems/install/custom_interfaces/local/lib/python3.10/dist-packages/custom_interfaces/custom_interfaces_s__rosidl_typesupport_introspection_c.cpython-310-x86_64-linux-gnu.so
-- Up-to-date: /home/pipeline-vm/fsfeup/autonomous-systems/install/custom_interfaces/local/lib/python3.10/dist-packages/custom_interfaces/custom_interfaces_s__rosidl_typesupport_c.cpython-310-x86_64-linux-gnu.so
-- Up-to-date: /home/pipeline-vm/fsfeup/autonomous-systems/install/custom_interfaces/local/lib/python3.10/dist-packages/custom_interfaces/libcustom_interfaces__rosidl_generator_py.so
-- Up-to-date: /home/pipeline-vm/fsfeup/autonomous-systems/install/custom_interfaces/local/lib/python3.10/dist-packages/custom_interfaces/custom_interfaces_s__rosidl_typesupport_fastrtps_c.cpython-310-x86_64-linux-gnu.so
-- Up-to-date: /home/pipeline-vm/fsfeup/autonomous-systems/install/custom_interfaces/local/lib/python3.10/dist-packages/custom_interfaces/_custom_interfaces_s.ep.rosidl_typesupport_c.c
-- Up-to-date: /home/pipeline-vm/fsfeup/autonomous-systems/install/custom_interfaces/local/lib/python3.10/dist-packages/custom_interfaces/_custom_interfaces_s.ep.rosidl_typesupport_fastrtps_c.c
-- Up-to-date: /home/pipeline-vm/fsfeup/autonomous-systems/install/custom_interfaces/local/lib/python3.10/dist-packages/custom_interfaces/__init__.py
-- Up-to-date: /home/pipeline-vm/fsfeup/autonomous-systems/install/custom_interfaces/local/lib/python3.10/dist-packages/custom_interfaces/_custom_interfaces_s.ep.rosidl_typesupport_introspection_c.c
Listing '/home/pipeline-vm/fsfeup/autonomous-systems/install/custom_interfaces/local/lib/python3.10/dist-packages/custom_interfaces'...
Listing '/home/pipeline-vm/fsfeup/autonomous-systems/install/custom_interfaces/local/lib/python3.10/dist-packages/custom_interfaces/msg'...
-- Up-to-date: /home/pipeline-vm/fsfeup/autonomous-systems/install/custom_interfaces/local/lib/python3.10/dist-packages/custom_interfaces/custom_interfaces_s__rosidl_typesupport_fastrtps_c.cpython-310-x86_64-linux-gnu.so
-- Up-to-date: /home/pipeline-vm/fsfeup/autonomous-systems/install/custom_interfaces/local/lib/python3.10/dist-packages/custom_interfaces/custom_interfaces_s__rosidl_typesupport_introspection_c.cpython-310-x86_64-linux-gnu.so
-- Up-to-date: /home/pipeline-vm/fsfeup/autonomous-systems/install/custom_interfaces/local/lib/python3.10/dist-packages/custom_interfaces/custom_interfaces_s__rosidl_typesupport_c.cpython-310-x86_64-linux-gnu.so
-- Up-to-date: /home/pipeline-vm/fsfeup/autonomous-systems/install/custom_interfaces/lib/libcustom_interfaces__rosidl_generator_py.so
-- Up-to-date: /home/pipeline-vm/fsfeup/autonomous-systems/install/custom_interfaces/share/custom_interfaces/msg/BamocarErrors.idl
-- Up-to-date: /home/pipeline-vm/fsfeup/autonomous-systems/install/custom_interfaces/share/custom_interfaces/msg/BmsErrors.idl
-- Up-to-date: /home/pipeline-vm/fsfeup/autonomous-systems/install/custom_interfaces/share/custom_interfaces/msg/CanStatistics.idl
-- Up-to-date: /home/pipeline-vm/fsfeup/autonomous-systems/install/custom_interfaces/share/custom_interfaces/msg/CellsTemps.idl
-- Up-to-date: /home/pipeline-vm/fsfeup/autonomous-systems/install/custom_interfaces/share/custom_interfaces/msg/Cone.idl
-- Up-to-date: /home/pipeline-vm/fsfeup/autonomous-systems/install/custom_interfaces/share/custom_interfaces/msg/ConeArray.idl
-- Up-to-date: /home/pipeline-vm/fsfeup/autonomous-systems/install/custom_interfaces/share/custom_interfaces/msg/PerceptionOutput.idl
-- Up-to-date: /home/pipeline-vm/fsfeup/autonomous-systems/install/custom_interfaces/share/custom_interfaces/msg/ControlCommand.idl
-- Up-to-date: /home/pipeline-vm/fsfeup/autonomous-systems/install/custom_interfaces/share/custom_interfaces/msg/PreviousControlCommand.idl
-- Up-to-date: /home/pipeline-vm/fsfeup/autonomous-systems/install/custom_interfaces/share/custom_interfaces/msg/DataLogInfo1.idl
-- Up-to-date: /home/pipeline-vm/fsfeup/autonomous-systems/install/custom_interfaces/share/custom_interfaces/msg/DataLogInfo2.idl
-- Up-to-date: /home/pipeline-vm/fsfeup/autonomous-systems/install/custom_interfaces/share/custom_interfaces/msg/Point2d.idl
-- Up-to-date: /home/pipeline-vm/fsfeup/autonomous-systems/install/custom_interfaces/share/custom_interfaces/msg/PointArray.idl
-- Up-to-date: /home/pipeline-vm/fsfeup/autonomous-systems/install/custom_interfaces/share/custom_interfaces/msg/VehicleState.idl
-- Up-to-date: /home/pipeline-vm/fsfeup/autonomous-systems/install/custom_interfaces/share/custom_interfaces/msg/BoundingBox.idl
-- Up-to-date: /home/pipeline-vm/fsfeup/autonomous-systems/install/custom_interfaces/share/custom_interfaces/msg/BoundingBoxes.idl
-- Up-to-date: /home/pipeline-vm/fsfeup/autonomous-systems/install/custom_interfaces/share/custom_interfaces/msg/VcuCommand.idl
-- Up-to-date: /home/pipeline-vm/fsfeup/autonomous-systems/install/custom_interfaces/share/custom_interfaces/msg/PathPoint.idl
-- Up-to-date: /home/pipeline-vm/fsfeup/autonomous-systems/install/custom_interfaces/share/custom_interfaces/msg/PathPointArray.idl
-- Up-to-date: /home/pipeline-vm/fsfeup/autonomous-systems/install/custom_interfaces/share/custom_interfaces/msg/Pose.idl
-- Up-to-date: /home/pipeline-vm/fsfeup/autonomous-systems/install/custom_interfaces/share/custom_interfaces/msg/Vcu.idl
-- Up-to-date: /home/pipeline-vm/fsfeup/autonomous-systems/install/custom_interfaces/share/custom_interfaces/msg/Imu.idl
-- Up-to-date: /home/pipeline-vm/fsfeup/autonomous-systems/install/custom_interfaces/share/custom_interfaces/msg/Gps.idl
-- Up-to-date: /home/pipeline-vm/fsfeup/autonomous-systems/install/custom_interfaces/share/custom_interfaces/msg/OperationalStatus.idl
-- Up-to-date: /home/pipeline-vm/fsfeup/autonomous-systems/install/custom_interfaces/share/custom_interfaces/msg/SteeringAngle.idl
-- Up-to-date: /home/pipeline-vm/fsfeup/autonomous-systems/install/custom_interfaces/share/custom_interfaces/msg/WheelRPM.idl
-- Up-to-date: /home/pipeline-vm/fsfeup/autonomous-systems/install/custom_interfaces/share/custom_interfaces/msg/ImuData.idl
-- Up-to-date: /home/pipeline-vm/fsfeup/autonomous-systems/install/custom_interfaces/share/custom_interfaces/msg/YawPitchRoll.idl
-- Up-to-date: /home/pipeline-vm/fsfeup/autonomous-systems/install/custom_interfaces/share/custom_interfaces/msg/ImuAcceleration.idl
-- Up-to-date: /home/pipeline-vm/fsfeup/autonomous-systems/install/custom_interfaces/share/custom_interfaces/msg/HydraulicLinePressure.idl
-- Up-to-date: /home/pipeline-vm/fsfeup/autonomous-systems/install/custom_interfaces/share/custom_interfaces/msg/Temperature.idl
-- Up-to-date: /home/pipeline-vm/fsfeup/autonomous-systems/install/custom_interfaces/share/custom_interfaces/msg/Velocities.idl
-- Up-to-date: /home/pipeline-vm/fsfeup/autonomous-systems/install/custom_interfaces/share/custom_interfaces/msg/ControlParameters.idl
-- Up-to-date: /home/pipeline-vm/fsfeup/autonomous-systems/install/custom_interfaces/share/custom_interfaces/msg/PerceptionParameters.idl
-- Up-to-date: /home/pipeline-vm/fsfeup/autonomous-systems/install/custom_interfaces/share/custom_interfaces/msg/PlanningParameters.idl
-- Up-to-date: /home/pipeline-vm/fsfeup/autonomous-systems/install/custom_interfaces/share/custom_interfaces/msg/VelocityEstimationParameters.idl
-- Up-to-date: /home/pipeline-vm/fsfeup/autonomous-systems/install/custom_interfaces/share/custom_interfaces/msg/SlamParameters.idl
-- Up-to-date: /home/pipeline-vm/fsfeup/autonomous-systems/install/custom_interfaces/share/custom_interfaces/msg/ProcessUsage.idl
-- Up-to-date: /home/pipeline-vm/fsfeup/autonomous-systems/install/custom_interfaces/share/custom_interfaces/msg/ProcessUsageArray.idl
-- Up-to-date: /home/pipeline-vm/fsfeup/autonomous-systems/install/custom_interfaces/share/custom_interfaces/msg/VehicleStateVector.idl
-- Up-to-date: /home/pipeline-vm/fsfeup/autonomous-systems/install/custom_interfaces/share/custom_interfaces/msg/TireForces.idl
-- Up-to-date: /home/pipeline-vm/fsfeup/autonomous-systems/install/custom_interfaces/share/custom_interfaces/msg/AeroForces.idl
-- Up-to-date: /home/pipeline-vm/fsfeup/autonomous-systems/install/custom_interfaces/share/custom_interfaces/msg/WheelScalars.idl
-- Up-to-date: /home/pipeline-vm/fsfeup/autonomous-systems/install/custom_interfaces/share/custom_interfaces/msg/BatteryState.idl
-- Up-to-date: /home/pipeline-vm/fsfeup/autonomous-systems/install/custom_interfaces/share/custom_interfaces/msg/MotorState.idl
-- Up-to-date: /home/pipeline-vm/fsfeup/autonomous-systems/install/custom_interfaces/share/custom_interfaces/msg/ExecutionTimes.idl
-- Up-to-date: /home/pipeline-vm/fsfeup/autonomous-systems/install/custom_interfaces/share/custom_interfaces/msg/LapStatistics.idl
-- Up-to-date: /home/pipeline-vm/fsfeup/autonomous-systems/install/custom_interfaces/share/custom_interfaces/msg/LapSummary.idl
-- Up-to-date: /home/pipeline-vm/fsfeup/autonomous-systems/install/custom_interfaces/share/custom_interfaces/msg/LapCurrent.idl
-- Up-to-date: /home/pipeline-vm/fsfeup/autonomous-systems/install/custom_interfaces/share/custom_interfaces/msg/ControlStatistics.idl
-- Up-to-date: /home/pipeline-vm/fsfeup/autonomous-systems/install/custom_interfaces/share/custom_interfaces/msg/BamocarErrors.msg
-- Up-to-date: /home/pipeline-vm/fsfeup/autonomous-systems/install/custom_interfaces/share/custom_interfaces/msg/BmsErrors.msg
-- Up-to-date: /home/pipeline-vm/fsfeup/autonomous-systems/install/custom_interfaces/share/custom_interfaces/msg/CanStatistics.msg
-- Up-to-date: /home/pipeline-vm/fsfeup/autonomous-systems/install/custom_interfaces/share/custom_interfaces/msg/CellsTemps.msg
-- Up-to-date: /home/pipeline-vm/fsfeup/autonomous-systems/install/custom_interfaces/share/custom_interfaces/msg/Cone.msg
-- Up-to-date: /home/pipeline-vm/fsfeup/autonomous-systems/install/custom_interfaces/share/custom_interfaces/msg/ConeArray.msg
-- Up-to-date: /home/pipeline-vm/fsfeup/autonomous-systems/install/custom_interfaces/share/custom_interfaces/msg/PerceptionOutput.msg
-- Up-to-date: /home/pipeline-vm/fsfeup/autonomous-systems/install/custom_interfaces/share/custom_interfaces/msg/ControlCommand.msg
-- Up-to-date: /home/pipeline-vm/fsfeup/autonomous-systems/install/custom_interfaces/share/custom_interfaces/msg/PreviousControlCommand.msg
-- Up-to-date: /home/pipeline-vm/fsfeup/autonomous-systems/install/custom_interfaces/share/custom_interfaces/msg/DataLogInfo1.msg
-- Up-to-date: /home/pipeline-vm/fsfeup/autonomous-systems/install/custom_interfaces/share/custom_interfaces/msg/DataLogInfo2.msg
-- Up-to-date: /home/pipeline-vm/fsfeup/autonomous-systems/install/custom_interfaces/share/custom_interfaces/msg/Point2d.msg
-- Up-to-date: /home/pipeline-vm/fsfeup/autonomous-systems/install/custom_interfaces/share/custom_interfaces/msg/PointArray.msg
-- Up-to-date: /home/pipeline-vm/fsfeup/autonomous-systems/install/custom_interfaces/share/custom_interfaces/msg/VehicleState.msg
-- Up-to-date: /home/pipeline-vm/fsfeup/autonomous-systems/install/custom_interfaces/share/custom_interfaces/msg/BoundingBox.msg
-- Up-to-date: /home/pipeline-vm/fsfeup/autonomous-systems/install/custom_interfaces/share/custom_interfaces/msg/BoundingBoxes.msg
-- Up-to-date: /home/pipeline-vm/fsfeup/autonomous-systems/install/custom_interfaces/share/custom_interfaces/msg/VcuCommand.msg
-- Up-to-date: /home/pipeline-vm/fsfeup/autonomous-systems/install/custom_interfaces/share/custom_interfaces/msg/PathPoint.msg
-- Up-to-date: /home/pipeline-vm/fsfeup/autonomous-systems/install/custom_interfaces/share/custom_interfaces/msg/PathPointArray.msg
-- Up-to-date: /home/pipeline-vm/fsfeup/autonomous-systems/install/custom_interfaces/share/custom_interfaces/msg/Pose.msg
-- Up-to-date: /home/pipeline-vm/fsfeup/autonomous-systems/install/custom_interfaces/share/custom_interfaces/msg/Vcu.msg
-- Up-to-date: /home/pipeline-vm/fsfeup/autonomous-systems/install/custom_interfaces/share/custom_interfaces/msg/Imu.msg
-- Up-to-date: /home/pipeline-vm/fsfeup/autonomous-systems/install/custom_interfaces/share/custom_interfaces/msg/Gps.msg
-- Up-to-date: /home/pipeline-vm/fsfeup/autonomous-systems/install/custom_interfaces/share/custom_interfaces/msg/OperationalStatus.msg
-- Up-to-date: /home/pipeline-vm/fsfeup/autonomous-systems/install/custom_interfaces/share/custom_interfaces/msg/SteeringAngle.msg
-- Up-to-date: /home/pipeline-vm/fsfeup/autonomous-systems/install/custom_interfaces/share/custom_interfaces/msg/WheelRPM.msg
-- Up-to-date: /home/pipeline-vm/fsfeup/autonomous-systems/install/custom_interfaces/share/custom_interfaces/msg/ImuData.msg
-- Up-to-date: /home/pipeline-vm/fsfeup/autonomous-systems/install/custom_interfaces/share/custom_interfaces/msg/YawPitchRoll.msg
-- Up-to-date: /home/pipeline-vm/fsfeup/autonomous-systems/install/custom_interfaces/share/custom_interfaces/msg/ImuAcceleration.msg
-- Up-to-date: /home/pipeline-vm/fsfeup/autonomous-systems/install/custom_interfaces/share/custom_interfaces/msg/HydraulicLinePressure.msg
-- Up-to-date: /home/pipeline-vm/fsfeup/autonomous-systems/install/custom_interfaces/share/custom_interfaces/msg/Temperature.msg
-- Up-to-date: /home/pipeline-vm/fsfeup/autonomous-systems/install/custom_interfaces/share/custom_interfaces/msg/Velocities.msg
-- Up-to-date: /home/pipeline-vm/fsfeup/autonomous-systems/install/custom_interfaces/share/custom_interfaces/msg/ControlParameters.msg
-- Up-to-date: /home/pipeline-vm/fsfeup/autonomous-systems/install/custom_interfaces/share/custom_interfaces/msg/PerceptionParameters.msg
-- Up-to-date: /home/pipeline-vm/fsfeup/autonomous-systems/install/custom_interfaces/share/custom_interfaces/msg/PlanningParameters.msg
-- Up-to-date: /home/pipeline-vm/fsfeup/autonomous-systems/install/custom_interfaces/share/custom_interfaces/msg/VelocityEstimationParameters.msg
-- Up-to-date: /home/pipeline-vm/fsfeup/autonomous-systems/install/custom_interfaces/share/custom_interfaces/msg/SlamParameters.msg
-- Up-to-date: /home/pipeline-vm/fsfeup/autonomous-systems/install/custom_interfaces/share/custom_interfaces/msg/ProcessUsage.msg
-- Up-to-date: /home/pipeline-vm/fsfeup/autonomous-systems/install/custom_interfaces/share/custom_interfaces/msg/ProcessUsageArray.msg
-- Up-to-date: /home/pipeline-vm/fsfeup/autonomous-systems/install/custom_interfaces/share/custom_interfaces/msg/VehicleStateVector.msg
-- Up-to-date: /home/pipeline-vm/fsfeup/autonomous-systems/install/custom_interfaces/share/custom_interfaces/msg/TireForces.msg
-- Up-to-date: /home/pipeline-vm/fsfeup/autonomous-systems/install/custom_interfaces/share/custom_interfaces/msg/AeroForces.msg
-- Up-to-date: /home/pipeline-vm/fsfeup/autonomous-systems/install/custom_interfaces/share/custom_interfaces/msg/WheelScalars.msg
-- Up-to-date: /home/pipeline-vm/fsfeup/autonomous-systems/install/custom_interfaces/share/custom_interfaces/msg/BatteryState.msg
-- Up-to-date: /home/pipeline-vm/fsfeup/autonomous-systems/install/custom_interfaces/share/custom_interfaces/msg/MotorState.msg
-- Up-to-date: /home/pipeline-vm/fsfeup/autonomous-systems/install/custom_interfaces/share/custom_interfaces/msg/ExecutionTimes.msg
-- Up-to-date: /home/pipeline-vm/fsfeup/autonomous-systems/install/custom_interfaces/share/custom_interfaces/msg/LapStatistics.msg
-- Up-to-date: /home/pipeline-vm/fsfeup/autonomous-systems/install/custom_interfaces/share/custom_interfaces/msg/LapSummary.msg
-- Up-to-date: /home/pipeline-vm/fsfeup/autonomous-systems/install/custom_interfaces/share/custom_interfaces/msg/LapCurrent.msg
-- Up-to-date: /home/pipeline-vm/fsfeup/autonomous-systems/install/custom_interfaces/share/custom_interfaces/msg/ControlStatistics.msg
-- Up-to-date: /home/pipeline-vm/fsfeup/autonomous-systems/install/custom_interfaces/share/ament_index/resource_index/package_run_dependencies/custom_interfaces
-- Up-to-date: /home/pipeline-vm/fsfeup/autonomous-systems/install/custom_interfaces/share/ament_index/resource_index/parent_prefix_path/custom_interfaces
-- Up-to-date: /home/pipeline-vm/fsfeup/autonomous-systems/install/custom_interfaces/share/custom_interfaces/environment/ament_prefix_path.sh
-- Up-to-date: /home/pipeline-vm/fsfeup/autonomous-systems/install/custom_interfaces/share/custom_interfaces/environment/ament_prefix_path.dsv
-- Up-to-date: /home/pipeline-vm/fsfeup/autonomous-systems/install/custom_interfaces/share/custom_interfaces/environment/path.sh
-- Up-to-date: /home/pipeline-vm/fsfeup/autonomous-systems/install/custom_interfaces/share/custom_interfaces/environment/path.dsv
-- Up-to-date: /home/pipeline-vm/fsfeup/autonomous-systems/install/custom_interfaces/share/custom_interfaces/local_setup.bash
-- Up-to-date: /home/pipeline-vm/fsfeup/autonomous-systems/install/custom_interfaces/share/custom_interfaces/local_setup.sh
-- Up-to-date: /home/pipeline-vm/fsfeup/autonomous-systems/install/custom_interfaces/share/custom_interfaces/local_setup.zsh
-- Up-to-date: /home/pipeline-vm/fsfeup/autonomous-systems/install/custom_interfaces/share/custom_interfaces/local_setup.dsv
-- Installing: /home/pipeline-vm/fsfeup/autonomous-systems/install/custom_interfaces/share/custom_interfaces/package.dsv
-- Up-to-date: /home/pipeline-vm/fsfeup/autonomous-systems/install/custom_interfaces/share/ament_index/resource_index/packages/custom_interfaces
-- Up-to-date: /home/pipeline-vm/fsfeup/autonomous-systems/install/custom_interfaces/share/custom_interfaces/cmake/export_custom_interfaces__rosidl_generator_cExport.cmake
-- Up-to-date: /home/pipeline-vm/fsfeup/autonomous-systems/install/custom_interfaces/share/custom_interfaces/cmake/export_custom_interfaces__rosidl_generator_cExport-noconfig.cmake
-- Up-to-date: /home/pipeline-vm/fsfeup/autonomous-systems/install/custom_interfaces/share/custom_interfaces/cmake/export_custom_interfaces__rosidl_typesupport_fastrtps_cExport.cmake
-- Up-to-date: /home/pipeline-vm/fsfeup/autonomous-systems/install/custom_interfaces/share/custom_interfaces/cmake/export_custom_interfaces__rosidl_typesupport_fastrtps_cExport-noconfig.cmake
-- Up-to-date: /home/pipeline-vm/fsfeup/autonomous-systems/install/custom_interfaces/share/custom_interfaces/cmake/custom_interfaces__rosidl_typesupport_introspection_cExport.cmake
-- Up-to-date: /home/pipeline-vm/fsfeup/autonomous-systems/install/custom_interfaces/share/custom_interfaces/cmake/custom_interfaces__rosidl_typesupport_introspection_cExport-noconfig.cmake
-- Up-to-date: /home/pipeline-vm/fsfeup/autonomous-systems/install/custom_interfaces/share/custom_interfaces/cmake/custom_interfaces__rosidl_typesupport_cExport.cmake
-- Up-to-date: /home/pipeline-vm/fsfeup/autonomous-systems/install/custom_interfaces/share/custom_interfaces/cmake/custom_interfaces__rosidl_typesupport_cExport-noconfig.cmake
-- Up-to-date: /home/pipeline-vm/fsfeup/autonomous-systems/install/custom_interfaces/share/custom_interfaces/cmake/export_custom_interfaces__rosidl_generator_cppExport.cmake
-- Up-to-date: /home/pipeline-vm/fsfeup/autonomous-systems/install/custom_interfaces/share/custom_interfaces/cmake/export_custom_interfaces__rosidl_typesupport_fastrtps_cppExport.cmake
-- Up-to-date: /home/pipeline-vm/fsfeup/autonomous-systems/install/custom_interfaces/share/custom_interfaces/cmake/export_custom_interfaces__rosidl_typesupport_fastrtps_cppExport-noconfig.cmake
-- Up-to-date: /home/pipeline-vm/fsfeup/autonomous-systems/install/custom_interfaces/share/custom_interfaces/cmake/custom_interfaces__rosidl_typesupport_introspection_cppExport.cmake
-- Up-to-date: /home/pipeline-vm/fsfeup/autonomous-systems/install/custom_interfaces/share/custom_interfaces/cmake/custom_interfaces__rosidl_typesupport_introspection_cppExport-noconfig.cmake
-- Up-to-date: /home/pipeline-vm/fsfeup/autonomous-systems/install/custom_interfaces/share/custom_interfaces/cmake/custom_interfaces__rosidl_typesupport_cppExport.cmake
-- Up-to-date: /home/pipeline-vm/fsfeup/autonomous-systems/install/custom_interfaces/share/custom_interfaces/cmake/custom_interfaces__rosidl_typesupport_cppExport-noconfig.cmake
-- Up-to-date: /home/pipeline-vm/fsfeup/autonomous-systems/install/custom_interfaces/share/custom_interfaces/cmake/export_custom_interfaces__rosidl_generator_pyExport.cmake
-- Up-to-date: /home/pipeline-vm/fsfeup/autonomous-systems/install/custom_interfaces/share/custom_interfaces/cmake/export_custom_interfaces__rosidl_generator_pyExport-noconfig.cmake
-- Up-to-date: /home/pipeline-vm/fsfeup/autonomous-systems/install/custom_interfaces/share/custom_interfaces/cmake/rosidl_cmake-extras.cmake
-- Up-to-date: /home/pipeline-vm/fsfeup/autonomous-systems/install/custom_interfaces/share/custom_interfaces/cmake/ament_cmake_export_dependencies-extras.cmake
-- Up-to-date: /home/pipeline-vm/fsfeup/autonomous-systems/install/custom_interfaces/share/custom_interfaces/cmake/ament_cmake_export_include_directories-extras.cmake
-- Up-to-date: /home/pipeline-vm/fsfeup/autonomous-systems/install/custom_interfaces/share/custom_interfaces/cmake/ament_cmake_export_libraries-extras.cmake
-- Up-to-date: /home/pipeline-vm/fsfeup/autonomous-systems/install/custom_interfaces/share/custom_interfaces/cmake/ament_cmake_export_targets-extras.cmake
-- Up-to-date: /home/pipeline-vm/fsfeup/autonomous-systems/install/custom_interfaces/share/custom_interfaces/cmake/rosidl_cmake_export_typesupport_targets-extras.cmake
-- Up-to-date: /home/pipeline-vm/fsfeup/autonomous-systems/install/custom_interfaces/share/custom_interfaces/cmake/rosidl_cmake_export_typesupport_libraries-extras.cmake
-- Up-to-date: /home/pipeline-vm/fsfeup/autonomous-systems/install/custom_interfaces/share/custom_interfaces/cmake/custom_interfacesConfig.cmake
-- Up-to-date: /home/pipeline-vm/fsfeup/autonomous-systems/install/custom_interfaces/share/custom_interfaces/cmake/custom_interfacesConfig-version.cmake
-- Up-to-date: /home/pipeline-vm/fsfeup/autonomous-systems/install/custom_interfaces/share/custom_interfaces/package.xml
Finished <<< custom_interfaces [0.46s]
Starting >>> common_lib
Starting >>> pacsim
ninja: no work to do.
-- Install configuration: ""
-- Up-to-date: /home/pipeline-vm/fsfeup/autonomous-systems/install/common_lib/share/common_lib/environment/library_path.sh
-- Up-to-date: /home/pipeline-vm/fsfeup/autonomous-systems/install/common_lib/share/common_lib/environment/library_path.dsv
-- Up-to-date: /home/pipeline-vm/fsfeup/autonomous-systems/install/common_lib/lib/libcommon_lib.so
-- Up-to-date: /home/pipeline-vm/fsfeup/autonomous-systems/install/common_lib/include/common_lib
-- Up-to-date: /home/pipeline-vm/fsfeup/autonomous-systems/install/common_lib/include/common_lib/communication
-- Up-to-date: /home/pipeline-vm/fsfeup/autonomous-systems/install/common_lib/include/common_lib/communication/marker.hpp
-- Up-to-date: /home/pipeline-vm/fsfeup/autonomous-systems/install/common_lib/include/common_lib/communication/interfaces.hpp
-- Up-to-date: /home/pipeline-vm/fsfeup/autonomous-systems/install/common_lib/include/common_lib/filters
-- Up-to-date: /home/pipeline-vm/fsfeup/autonomous-systems/install/common_lib/include/common_lib/filters/low_pass_filter.hpp
-- Up-to-date: /home/pipeline-vm/fsfeup/autonomous-systems/install/common_lib/include/common_lib/filters/filter.hpp
-- Up-to-date: /home/pipeline-vm/fsfeup/autonomous-systems/install/common_lib/include/common_lib/competition_logic
-- Up-to-date: /home/pipeline-vm/fsfeup/autonomous-systems/install/common_lib/include/common_lib/competition_logic/color.hpp
-- Up-to-date: /home/pipeline-vm/fsfeup/autonomous-systems/install/common_lib/include/common_lib/competition_logic/mission_logic.hpp
-- Up-to-date: /home/pipeline-vm/fsfeup/autonomous-systems/install/common_lib/include/common_lib/maths
-- Up-to-date: /home/pipeline-vm/fsfeup/autonomous-systems/install/common_lib/include/common_lib/maths/angle_and_norms.hpp
-- Up-to-date: /home/pipeline-vm/fsfeup/autonomous-systems/install/common_lib/include/common_lib/maths/matrixes.hpp
-- Up-to-date: /home/pipeline-vm/fsfeup/autonomous-systems/install/common_lib/include/common_lib/maths/transformations.hpp
-- Up-to-date: /home/pipeline-vm/fsfeup/autonomous-systems/install/common_lib/include/common_lib/config_load
-- Up-to-date: /home/pipeline-vm/fsfeup/autonomous-systems/install/common_lib/include/common_lib/config_load/config_load.hpp
-- Up-to-date: /home/pipeline-vm/fsfeup/autonomous-systems/install/common_lib/include/common_lib/structures
-- Up-to-date: /home/pipeline-vm/fsfeup/autonomous-systems/install/common_lib/include/common_lib/structures/control_command.hpp
-- Up-to-date: /home/pipeline-vm/fsfeup/autonomous-systems/install/common_lib/include/common_lib/structures/physical_constants.hpp
-- Up-to-date: /home/pipeline-vm/fsfeup/autonomous-systems/install/common_lib/include/common_lib/structures/velocities.hpp
-- Up-to-date: /home/pipeline-vm/fsfeup/autonomous-systems/install/common_lib/include/common_lib/structures/path_point.hpp
-- Up-to-date: /home/pipeline-vm/fsfeup/autonomous-systems/install/common_lib/include/common_lib/structures/wheels.hpp
-- Up-to-date: /home/pipeline-vm/fsfeup/autonomous-systems/install/common_lib/include/common_lib/structures/pose.hpp
-- Up-to-date: /home/pipeline-vm/fsfeup/autonomous-systems/install/common_lib/include/common_lib/structures/cone.hpp
-- Up-to-date: /home/pipeline-vm/fsfeup/autonomous-systems/install/common_lib/include/common_lib/structures/position.hpp
-- Up-to-date: /home/pipeline-vm/fsfeup/autonomous-systems/install/common_lib/include/common_lib/structures/vehicle_state.hpp
-- Up-to-date: /home/pipeline-vm/fsfeup/autonomous-systems/install/common_lib/include/common_lib/structures/midpoint.hpp
-- Up-to-date: /home/pipeline-vm/fsfeup/autonomous-systems/install/common_lib/include/common_lib/structures/force.hpp
-- Up-to-date: /home/pipeline-vm/fsfeup/autonomous-systems/install/common_lib/include/common_lib/structures/circular_buffer.hpp
-- Up-to-date: /home/pipeline-vm/fsfeup/autonomous-systems/install/common_lib/include/common_lib/structures/track_side.hpp
-- Up-to-date: /home/pipeline-vm/fsfeup/autonomous-systems/install/common_lib/include/common_lib/sensor_data
-- Up-to-date: /home/pipeline-vm/fsfeup/autonomous-systems/install/common_lib/include/common_lib/sensor_data/imu.hpp
-- Up-to-date: /home/pipeline-vm/fsfeup/autonomous-systems/install/common_lib/include/common_lib/sensor_data/wheel_encoders.hpp
-- Up-to-date: /home/pipeline-vm/fsfeup/autonomous-systems/install/common_lib/include/common_lib/conversions
-- Up-to-date: /home/pipeline-vm/fsfeup/autonomous-systems/install/common_lib/include/common_lib/conversions/cones.hpp
-- Up-to-date: /home/pipeline-vm/fsfeup/autonomous-systems/install/common_lib/include/common_lib/car_parameters
-- Up-to-date: /home/pipeline-vm/fsfeup/autonomous-systems/install/common_lib/include/common_lib/car_parameters/battery_parameters.hpp
-- Up-to-date: /home/pipeline-vm/fsfeup/autonomous-systems/install/common_lib/include/common_lib/car_parameters/load_transfer_parameters.hpp
-- Up-to-date: /home/pipeline-vm/fsfeup/autonomous-systems/install/common_lib/include/common_lib/car_parameters/inverter_parameters.hpp
-- Up-to-date: /home/pipeline-vm/fsfeup/autonomous-systems/install/common_lib/include/common_lib/car_parameters/steering_parameters.hpp
-- Up-to-date: /home/pipeline-vm/fsfeup/autonomous-systems/install/common_lib/include/common_lib/car_parameters/independent_drive_parameters.hpp
-- Up-to-date: /home/pipeline-vm/fsfeup/autonomous-systems/install/common_lib/include/common_lib/car_parameters/aero_parameters.hpp
-- Up-to-date: /home/pipeline-vm/fsfeup/autonomous-systems/install/common_lib/include/common_lib/car_parameters/tire_parameters.hpp
-- Up-to-date: /home/pipeline-vm/fsfeup/autonomous-systems/install/common_lib/include/common_lib/car_parameters/motor_parameters.hpp
-- Up-to-date: /home/pipeline-vm/fsfeup/autonomous-systems/install/common_lib/include/common_lib/car_parameters/car_parameters.hpp
-- Up-to-date: /home/pipeline-vm/fsfeup/autonomous-systems/install/common_lib/include/common_lib/car_parameters/brake_parameters.hpp
-- Up-to-date: /home/pipeline-vm/fsfeup/autonomous-systems/install/common_lib/include/common_lib/car_parameters/transmission_parameters.hpp
-- Up-to-date: /home/pipeline-vm/fsfeup/autonomous-systems/install/common_lib/include/common_lib/car_parameters/steering_motor_parameters.hpp
-- Up-to-date: /home/pipeline-vm/fsfeup/autonomous-systems/install/common_lib/share/ament_index/resource_index/package_run_dependencies/common_lib
-- Up-to-date: /home/pipeline-vm/fsfeup/autonomous-systems/install/common_lib/share/ament_index/resource_index/parent_prefix_path/common_lib
-- Up-to-date: /home/pipeline-vm/fsfeup/autonomous-systems/install/common_lib/share/common_lib/environment/ament_prefix_path.sh
-- Up-to-date: /home/pipeline-vm/fsfeup/autonomous-systems/install/common_lib/share/common_lib/environment/ament_prefix_path.dsv
-- Up-to-date: /home/pipeline-vm/fsfeup/autonomous-systems/install/common_lib/share/common_lib/environment/path.sh
-- Up-to-date: /home/pipeline-vm/fsfeup/autonomous-systems/install/common_lib/share/common_lib/environment/path.dsv
-- Up-to-date: /home/pipeline-vm/fsfeup/autonomous-systems/install/common_lib/share/common_lib/local_setup.bash
-- Up-to-date: /home/pipeline-vm/fsfeup/autonomous-systems/install/common_lib/share/common_lib/local_setup.sh
-- Up-to-date: /home/pipeline-vm/fsfeup/autonomous-systems/install/common_lib/share/common_lib/local_setup.zsh
-- Up-to-date: /home/pipeline-vm/fsfeup/autonomous-systems/install/common_lib/share/common_lib/local_setup.dsv
-- Installing: /home/pipeline-vm/fsfeup/autonomous-systems/install/common_lib/share/common_lib/package.dsv
-- Up-to-date: /home/pipeline-vm/fsfeup/autonomous-systems/install/common_lib/share/ament_index/resource_index/packages/common_lib
-- Up-to-date: /home/pipeline-vm/fsfeup/autonomous-systems/install/common_lib/share/common_lib/cmake/common_libExport.cmake
-- Up-to-date: /home/pipeline-vm/fsfeup/autonomous-systems/install/common_lib/share/common_lib/cmake/common_libExport-noconfig.cmake
-- Up-to-date: /home/pipeline-vm/fsfeup/autonomous-systems/install/common_lib/share/common_lib/cmake/ament_cmake_export_targets-extras.cmake
-- Up-to-date: /home/pipeline-vm/fsfeup/autonomous-systems/install/common_lib/share/common_lib/cmake/common_libConfig.cmake
-- Up-to-date: /home/pipeline-vm/fsfeup/autonomous-systems/install/common_lib/share/common_lib/cmake/common_libConfig-version.cmake
-- Up-to-date: /home/pipeline-vm/fsfeup/autonomous-systems/install/common_lib/share/common_lib/package.xml
[1/2] cd /home/pipeline-vm/fsfeup/autonomous-systems/build/pacsim && /usr/bin/cmake -E copy_directory /home/pipeline-vm/fsfeup/autonomous-systems/build/pacsim/rosidl_generator_py/pacsim /home/pipeline-vm/fsfeup/autonomous-systems/build/pacsim/ament_cmake_python/pacsim/pacsim
Finished <<< common_lib [0.07s]
Starting >>> motion_lib
ninja: no work to do.
-- Install configuration: ""
-- Up-to-date: /home/pipeline-vm/fsfeup/autonomous-systems/install/motion_lib/share/motion_lib/environment/library_path.sh
-- Up-to-date: /home/pipeline-vm/fsfeup/autonomous-systems/install/motion_lib/share/motion_lib/environment/library_path.dsv
-- Up-to-date: /home/pipeline-vm/fsfeup/autonomous-systems/install/motion_lib/lib/libmotion_lib.so
-- Up-to-date: /home/pipeline-vm/fsfeup/autonomous-systems/install/motion_lib/include/motion_lib
-- Up-to-date: /home/pipeline-vm/fsfeup/autonomous-systems/install/motion_lib/include/motion_lib/steering_motor_model
-- Up-to-date: /home/pipeline-vm/fsfeup/autonomous-systems/install/motion_lib/include/motion_lib/steering_motor_model/first_order_model.hpp
-- Up-to-date: /home/pipeline-vm/fsfeup/autonomous-systems/install/motion_lib/include/motion_lib/steering_motor_model/map.hpp
-- Up-to-date: /home/pipeline-vm/fsfeup/autonomous-systems/install/motion_lib/include/motion_lib/steering_motor_model/base_steering_motor_model.hpp
-- Up-to-date: /home/pipeline-vm/fsfeup/autonomous-systems/install/motion_lib/include/motion_lib/steering_motor_model/pid_steering_motor.hpp
-- Up-to-date: /home/pipeline-vm/fsfeup/autonomous-systems/install/motion_lib/include/motion_lib/tire_model
-- Up-to-date: /home/pipeline-vm/fsfeup/autonomous-systems/install/motion_lib/include/motion_lib/tire_model/pacejka_MF6_2.hpp
-- Up-to-date: /home/pipeline-vm/fsfeup/autonomous-systems/install/motion_lib/include/motion_lib/tire_model/pacejka_combined_slip.hpp
-- Up-to-date: /home/pipeline-vm/fsfeup/autonomous-systems/install/motion_lib/include/motion_lib/tire_model/base_tire_model.hpp
-- Up-to-date: /home/pipeline-vm/fsfeup/autonomous-systems/install/motion_lib/include/motion_lib/tire_model/map.hpp
-- Up-to-date: /home/pipeline-vm/fsfeup/autonomous-systems/install/motion_lib/include/motion_lib/brake_model
-- Up-to-date: /home/pipeline-vm/fsfeup/autonomous-systems/install/motion_lib/include/motion_lib/brake_model/default_brake.hpp
-- Up-to-date: /home/pipeline-vm/fsfeup/autonomous-systems/install/motion_lib/include/motion_lib/brake_model/map.hpp
-- Up-to-date: /home/pipeline-vm/fsfeup/autonomous-systems/install/motion_lib/include/motion_lib/brake_model/base_brake_model.hpp
-- Up-to-date: /home/pipeline-vm/fsfeup/autonomous-systems/install/motion_lib/include/motion_lib/inverter_model
-- Up-to-date: /home/pipeline-vm/fsfeup/autonomous-systems/install/motion_lib/include/motion_lib/inverter_model/base_inverter_model.hpp
-- Up-to-date: /home/pipeline-vm/fsfeup/autonomous-systems/install/motion_lib/include/motion_lib/inverter_model/map.hpp
-- Up-to-date: /home/pipeline-vm/fsfeup/autonomous-systems/install/motion_lib/include/motion_lib/inverter_model/ramped_inverter.hpp
-- Up-to-date: /home/pipeline-vm/fsfeup/autonomous-systems/install/motion_lib/include/motion_lib/transmission_model
-- Up-to-date: /home/pipeline-vm/fsfeup/autonomous-systems/install/motion_lib/include/motion_lib/transmission_model/base_transmission_model.hpp
-- Up-to-date: /home/pipeline-vm/fsfeup/autonomous-systems/install/motion_lib/include/motion_lib/transmission_model/map.hpp
-- Up-to-date: /home/pipeline-vm/fsfeup/autonomous-systems/install/motion_lib/include/motion_lib/transmission_model/salisbury_differential.hpp
-- Up-to-date: /home/pipeline-vm/fsfeup/autonomous-systems/install/motion_lib/include/motion_lib/vel_process_model
-- Up-to-date: /home/pipeline-vm/fsfeup/autonomous-systems/install/motion_lib/include/motion_lib/vel_process_model/particle_model.hpp
-- Up-to-date: /home/pipeline-vm/fsfeup/autonomous-systems/install/motion_lib/include/motion_lib/vel_process_model/base_vel_process_model.hpp
-- Up-to-date: /home/pipeline-vm/fsfeup/autonomous-systems/install/motion_lib/include/motion_lib/vel_process_model/map.hpp
-- Up-to-date: /home/pipeline-vm/fsfeup/autonomous-systems/install/motion_lib/include/motion_lib/v2p_models
-- Up-to-date: /home/pipeline-vm/fsfeup/autonomous-systems/install/motion_lib/include/motion_lib/v2p_models/constant_velocity_model.hpp
-- Up-to-date: /home/pipeline-vm/fsfeup/autonomous-systems/install/motion_lib/include/motion_lib/v2p_models/constant_velocity_turnrate_model.hpp
-- Up-to-date: /home/pipeline-vm/fsfeup/autonomous-systems/install/motion_lib/include/motion_lib/v2p_models/odometry_model.hpp
-- Up-to-date: /home/pipeline-vm/fsfeup/autonomous-systems/install/motion_lib/include/motion_lib/v2p_models/map.hpp
-- Up-to-date: /home/pipeline-vm/fsfeup/autonomous-systems/install/motion_lib/include/motion_lib/v2p_models/base_v2p_motion_model.hpp
-- Up-to-date: /home/pipeline-vm/fsfeup/autonomous-systems/install/motion_lib/include/motion_lib/v2p_models/constant_acceleration_turnrate_model.hpp
-- Up-to-date: /home/pipeline-vm/fsfeup/autonomous-systems/install/motion_lib/include/motion_lib/steering_model
-- Up-to-date: /home/pipeline-vm/fsfeup/autonomous-systems/install/motion_lib/include/motion_lib/steering_model/parallel_front_steering.hpp
-- Up-to-date: /home/pipeline-vm/fsfeup/autonomous-systems/install/motion_lib/include/motion_lib/steering_model/base_steering_model.hpp
-- Up-to-date: /home/pipeline-vm/fsfeup/autonomous-systems/install/motion_lib/include/motion_lib/steering_model/map.hpp
-- Up-to-date: /home/pipeline-vm/fsfeup/autonomous-systems/install/motion_lib/include/motion_lib/steering_model/ackerman_steering.hpp
-- Up-to-date: /home/pipeline-vm/fsfeup/autonomous-systems/install/motion_lib/include/motion_lib/aero_model
-- Up-to-date: /home/pipeline-vm/fsfeup/autonomous-systems/install/motion_lib/include/motion_lib/aero_model/map.hpp
-- Up-to-date: /home/pipeline-vm/fsfeup/autonomous-systems/install/motion_lib/include/motion_lib/aero_model/base_aero_model.hpp
-- Up-to-date: /home/pipeline-vm/fsfeup/autonomous-systems/install/motion_lib/include/motion_lib/aero_model/default_aero_model.hpp
-- Up-to-date: /home/pipeline-vm/fsfeup/autonomous-systems/install/motion_lib/include/motion_lib/independent_drive_model
-- Up-to-date: /home/pipeline-vm/fsfeup/autonomous-systems/install/motion_lib/include/motion_lib/independent_drive_model/single_stage_drive.hpp
-- Up-to-date: /home/pipeline-vm/fsfeup/autonomous-systems/install/motion_lib/include/motion_lib/independent_drive_model/map.hpp
-- Up-to-date: /home/pipeline-vm/fsfeup/autonomous-systems/install/motion_lib/include/motion_lib/independent_drive_model/base_independent_drive_model.hpp
-- Up-to-date: /home/pipeline-vm/fsfeup/autonomous-systems/install/motion_lib/include/motion_lib/motor_model
-- Up-to-date: /home/pipeline-vm/fsfeup/autonomous-systems/install/motion_lib/include/motion_lib/motor_model/map.hpp
-- Up-to-date: /home/pipeline-vm/fsfeup/autonomous-systems/install/motion_lib/include/motion_lib/motor_model/base_motor_model.hpp
-- Up-to-date: /home/pipeline-vm/fsfeup/autonomous-systems/install/motion_lib/include/motion_lib/motor_model/map_based_motor.hpp
-- Up-to-date: /home/pipeline-vm/fsfeup/autonomous-systems/install/motion_lib/include/motion_lib/load_transfer_model
-- Up-to-date: /home/pipeline-vm/fsfeup/autonomous-systems/install/motion_lib/include/motion_lib/load_transfer_model/rigid_body_model.hpp
-- Up-to-date: /home/pipeline-vm/fsfeup/autonomous-systems/install/motion_lib/include/motion_lib/load_transfer_model/base_load_transfer_model.hpp
-- Up-to-date: /home/pipeline-vm/fsfeup/autonomous-systems/install/motion_lib/include/motion_lib/load_transfer_model/map.hpp
-- Up-to-date: /home/pipeline-vm/fsfeup/autonomous-systems/install/motion_lib/include/motion_lib/load_transfer_model/vd_load_transfer_model.hpp
-- Up-to-date: /home/pipeline-vm/fsfeup/autonomous-systems/install/motion_lib/include/motion_lib/battery_model
-- Up-to-date: /home/pipeline-vm/fsfeup/autonomous-systems/install/motion_lib/include/motion_lib/battery_model/thevenin.hpp
-- Up-to-date: /home/pipeline-vm/fsfeup/autonomous-systems/install/motion_lib/include/motion_lib/battery_model/base_battery_model.hpp
-- Up-to-date: /home/pipeline-vm/fsfeup/autonomous-systems/install/motion_lib/include/motion_lib/battery_model/map.hpp
-- Up-to-date: /home/pipeline-vm/fsfeup/autonomous-systems/install/motion_lib/share/ament_index/resource_index/package_run_dependencies/motion_lib
-- Up-to-date: /home/pipeline-vm/fsfeup/autonomous-systems/install/motion_lib/share/ament_index/resource_index/parent_prefix_path/motion_lib
-- Up-to-date: /home/pipeline-vm/fsfeup/autonomous-systems/install/motion_lib/share/motion_lib/environment/ament_prefix_path.sh
-- Up-to-date: /home/pipeline-vm/fsfeup/autonomous-systems/install/motion_lib/share/motion_lib/environment/ament_prefix_path.dsv
-- Up-to-date: /home/pipeline-vm/fsfeup/autonomous-systems/install/motion_lib/share/motion_lib/environment/path.sh
-- Up-to-date: /home/pipeline-vm/fsfeup/autonomous-systems/install/motion_lib/share/motion_lib/environment/path.dsv
-- Up-to-date: /home/pipeline-vm/fsfeup/autonomous-systems/install/motion_lib/share/motion_lib/local_setup.bash
-- Up-to-date: /home/pipeline-vm/fsfeup/autonomous-systems/install/motion_lib/share/motion_lib/local_setup.sh
-- Up-to-date: /home/pipeline-vm/fsfeup/autonomous-systems/install/motion_lib/share/motion_lib/local_setup.zsh
-- Up-to-date: /home/pipeline-vm/fsfeup/autonomous-systems/install/motion_lib/share/motion_lib/local_setup.dsv
-- Installing: /home/pipeline-vm/fsfeup/autonomous-systems/install/motion_lib/share/motion_lib/package.dsv
-- Up-to-date: /home/pipeline-vm/fsfeup/autonomous-systems/install/motion_lib/share/ament_index/resource_index/packages/motion_lib
-- Up-to-date: /home/pipeline-vm/fsfeup/autonomous-systems/install/motion_lib/share/motion_lib/cmake/motion_libExport.cmake
-- Up-to-date: /home/pipeline-vm/fsfeup/autonomous-systems/install/motion_lib/share/motion_lib/cmake/motion_libExport-noconfig.cmake
-- Up-to-date: /home/pipeline-vm/fsfeup/autonomous-systems/install/motion_lib/share/motion_lib/cmake/ament_cmake_export_targets-extras.cmake
-- Up-to-date: /home/pipeline-vm/fsfeup/autonomous-systems/install/motion_lib/share/motion_lib/cmake/motion_libConfig.cmake
-- Up-to-date: /home/pipeline-vm/fsfeup/autonomous-systems/install/motion_lib/share/motion_lib/cmake/motion_libConfig-version.cmake
-- Up-to-date: /home/pipeline-vm/fsfeup/autonomous-systems/install/motion_lib/share/motion_lib/package.xml
Finished <<< motion_lib [0.06s]
Starting >>> invictasim
[2/2] cd /home/pipeline-vm/fsfeup/autonomous-systems/build/pacsim/ament_cmake_python/pacsim && /usr/bin/python3 setup.py egg_info
running egg_info
writing pacsim.egg-info/PKG-INFO
writing dependency_links to pacsim.egg-info/dependency_links.txt
writing top-level names to pacsim.egg-info/top_level.txt
reading manifest file 'pacsim.egg-info/SOURCES.txt'
writing manifest file 'pacsim.egg-info/SOURCES.txt'
-- Install configuration: ""
-- Up-to-date: /home/pipeline-vm/fsfeup/autonomous-systems/install/pacsim/share/ament_index/resource_index/rosidl_interfaces/pacsim
-- Up-to-date: /home/pipeline-vm/fsfeup/autonomous-systems/install/pacsim/include/pacsim/pacsim
-- Up-to-date: /home/pipeline-vm/fsfeup/autonomous-systems/install/pacsim/include/pacsim/pacsim/msg
-- Up-to-date: /home/pipeline-vm/fsfeup/autonomous-systems/install/pacsim/include/pacsim/pacsim/msg/gnss.h
-- Up-to-date: /home/pipeline-vm/fsfeup/autonomous-systems/install/pacsim/include/pacsim/pacsim/msg/perception_detection.h
-- Up-to-date: /home/pipeline-vm/fsfeup/autonomous-systems/install/pacsim/include/pacsim/pacsim/msg/stamped_scalar.h
-- Up-to-date: /home/pipeline-vm/fsfeup/autonomous-systems/install/pacsim/include/pacsim/pacsim/msg/rosidl_generator_c__visibility_control.h
-- Up-to-date: /home/pipeline-vm/fsfeup/autonomous-systems/install/pacsim/include/pacsim/pacsim/msg/wheels.h
-- Up-to-date: /home/pipeline-vm/fsfeup/autonomous-systems/install/pacsim/include/pacsim/pacsim/msg/detail
-- Up-to-date: /home/pipeline-vm/fsfeup/autonomous-systems/install/pacsim/include/pacsim/pacsim/msg/detail/stamped_scalar__functions.c
-- Up-to-date: /home/pipeline-vm/fsfeup/autonomous-systems/install/pacsim/include/pacsim/pacsim/msg/detail/perception_detection__functions.h
-- Up-to-date: /home/pipeline-vm/fsfeup/autonomous-systems/install/pacsim/include/pacsim/pacsim/msg/detail/stamped_scalar__struct.h
-- Up-to-date: /home/pipeline-vm/fsfeup/autonomous-systems/install/pacsim/include/pacsim/pacsim/msg/detail/gnss__struct.h
-- Up-to-date: /home/pipeline-vm/fsfeup/autonomous-systems/install/pacsim/include/pacsim/pacsim/msg/detail/gnss__functions.h
-- Up-to-date: /home/pipeline-vm/fsfeup/autonomous-systems/install/pacsim/include/pacsim/pacsim/msg/detail/perception_detection__struct.h
-- Up-to-date: /home/pipeline-vm/fsfeup/autonomous-systems/install/pacsim/include/pacsim/pacsim/msg/detail/perception_detection__functions.c
-- Up-to-date: /home/pipeline-vm/fsfeup/autonomous-systems/install/pacsim/include/pacsim/pacsim/msg/detail/wheels__type_support.h
-- Up-to-date: /home/pipeline-vm/fsfeup/autonomous-systems/install/pacsim/include/pacsim/pacsim/msg/detail/gnss__functions.c
-- Up-to-date: /home/pipeline-vm/fsfeup/autonomous-systems/install/pacsim/include/pacsim/pacsim/msg/detail/wheels__functions.c
-- Up-to-date: /home/pipeline-vm/fsfeup/autonomous-systems/install/pacsim/include/pacsim/pacsim/msg/detail/perception_detections__functions.h
-- Up-to-date: /home/pipeline-vm/fsfeup/autonomous-systems/install/pacsim/include/pacsim/pacsim/msg/detail/perception_detection__type_support.h
-- Up-to-date: /home/pipeline-vm/fsfeup/autonomous-systems/install/pacsim/include/pacsim/pacsim/msg/detail/stamped_scalar__functions.h
-- Up-to-date: /home/pipeline-vm/fsfeup/autonomous-systems/install/pacsim/include/pacsim/pacsim/msg/detail/stamped_scalar__type_support.h
-- Up-to-date: /home/pipeline-vm/fsfeup/autonomous-systems/install/pacsim/include/pacsim/pacsim/msg/detail/wheels__struct.h
-- Up-to-date: /home/pipeline-vm/fsfeup/autonomous-systems/install/pacsim/include/pacsim/pacsim/msg/detail/perception_detections__type_support.h
-- Up-to-date: /home/pipeline-vm/fsfeup/autonomous-systems/install/pacsim/include/pacsim/pacsim/msg/detail/gnss__type_support.h
-- Up-to-date: /home/pipeline-vm/fsfeup/autonomous-systems/install/pacsim/include/pacsim/pacsim/msg/detail/wheels__functions.h
-- Up-to-date: /home/pipeline-vm/fsfeup/autonomous-systems/install/pacsim/include/pacsim/pacsim/msg/detail/perception_detections__functions.c
-- Up-to-date: /home/pipeline-vm/fsfeup/autonomous-systems/install/pacsim/include/pacsim/pacsim/msg/detail/perception_detections__struct.h
-- Up-to-date: /home/pipeline-vm/fsfeup/autonomous-systems/install/pacsim/include/pacsim/pacsim/msg/perception_detections.h
-- Up-to-date: /home/pipeline-vm/fsfeup/autonomous-systems/install/pacsim/include/pacsim/pacsim/srv
-- Up-to-date: /home/pipeline-vm/fsfeup/autonomous-systems/install/pacsim/include/pacsim/pacsim/srv/clock_trigger_relative.h
-- Up-to-date: /home/pipeline-vm/fsfeup/autonomous-systems/install/pacsim/include/pacsim/pacsim/srv/clock_trigger_absolute.h
-- Up-to-date: /home/pipeline-vm/fsfeup/autonomous-systems/install/pacsim/include/pacsim/pacsim/srv/detail
-- Up-to-date: /home/pipeline-vm/fsfeup/autonomous-systems/install/pacsim/include/pacsim/pacsim/srv/detail/clock_trigger_relative__functions.h
-- Up-to-date: /home/pipeline-vm/fsfeup/autonomous-systems/install/pacsim/include/pacsim/pacsim/srv/detail/clock_trigger_absolute__type_support.h
-- Up-to-date: /home/pipeline-vm/fsfeup/autonomous-systems/install/pacsim/include/pacsim/pacsim/srv/detail/clock_trigger_relative__functions.c
-- Up-to-date: /home/pipeline-vm/fsfeup/autonomous-systems/install/pacsim/include/pacsim/pacsim/srv/detail/clock_trigger_relative__type_support.h
-- Up-to-date: /home/pipeline-vm/fsfeup/autonomous-systems/install/pacsim/include/pacsim/pacsim/srv/detail/clock_trigger_absolute__functions.c
-- Up-to-date: /home/pipeline-vm/fsfeup/autonomous-systems/install/pacsim/include/pacsim/pacsim/srv/detail/clock_trigger_absolute__struct.h
-- Up-to-date: /home/pipeline-vm/fsfeup/autonomous-systems/install/pacsim/include/pacsim/pacsim/srv/detail/clock_trigger_relative__struct.h
-- Up-to-date: /home/pipeline-vm/fsfeup/autonomous-systems/install/pacsim/include/pacsim/pacsim/srv/detail/clock_trigger_absolute__functions.h
-- Up-to-date: /home/pipeline-vm/fsfeup/autonomous-systems/install/pacsim/share/pacsim/environment/library_path.sh
-- Up-to-date: /home/pipeline-vm/fsfeup/autonomous-systems/install/pacsim/share/pacsim/environment/library_path.dsv
-- Up-to-date: /home/pipeline-vm/fsfeup/autonomous-systems/install/pacsim/lib/libpacsim__rosidl_generator_c.so
-- Up-to-date: /home/pipeline-vm/fsfeup/autonomous-systems/install/pacsim/include/pacsim/pacsim
-- Up-to-date: /home/pipeline-vm/fsfeup/autonomous-systems/install/pacsim/include/pacsim/pacsim/msg
-- Up-to-date: /home/pipeline-vm/fsfeup/autonomous-systems/install/pacsim/include/pacsim/pacsim/msg/rosidl_typesupport_fastrtps_c__visibility_control.h
-- Up-to-date: /home/pipeline-vm/fsfeup/autonomous-systems/install/pacsim/include/pacsim/pacsim/msg/detail
-- Up-to-date: /home/pipeline-vm/fsfeup/autonomous-systems/install/pacsim/include/pacsim/pacsim/msg/detail/perception_detections__rosidl_typesupport_fastrtps_c.h
-- Up-to-date: /home/pipeline-vm/fsfeup/autonomous-systems/install/pacsim/include/pacsim/pacsim/msg/detail/perception_detection__rosidl_typesupport_fastrtps_c.h
-- Up-to-date: /home/pipeline-vm/fsfeup/autonomous-systems/install/pacsim/include/pacsim/pacsim/msg/detail/stamped_scalar__rosidl_typesupport_fastrtps_c.h
-- Up-to-date: /home/pipeline-vm/fsfeup/autonomous-systems/install/pacsim/include/pacsim/pacsim/msg/detail/wheels__rosidl_typesupport_fastrtps_c.h
-- Up-to-date: /home/pipeline-vm/fsfeup/autonomous-systems/install/pacsim/include/pacsim/pacsim/msg/detail/gnss__rosidl_typesupport_fastrtps_c.h
-- Up-to-date: /home/pipeline-vm/fsfeup/autonomous-systems/install/pacsim/include/pacsim/pacsim/srv
-- Up-to-date: /home/pipeline-vm/fsfeup/autonomous-systems/install/pacsim/include/pacsim/pacsim/srv/detail
-- Up-to-date: /home/pipeline-vm/fsfeup/autonomous-systems/install/pacsim/include/pacsim/pacsim/srv/detail/clock_trigger_relative__rosidl_typesupport_fastrtps_c.h
-- Up-to-date: /home/pipeline-vm/fsfeup/autonomous-systems/install/pacsim/include/pacsim/pacsim/srv/detail/clock_trigger_absolute__rosidl_typesupport_fastrtps_c.h
-- Up-to-date: /home/pipeline-vm/fsfeup/autonomous-systems/install/pacsim/lib/libpacsim__rosidl_typesupport_fastrtps_c.so
-- Up-to-date: /home/pipeline-vm/fsfeup/autonomous-systems/install/pacsim/include/pacsim/pacsim
-- Up-to-date: /home/pipeline-vm/fsfeup/autonomous-systems/install/pacsim/include/pacsim/pacsim/msg
-- Up-to-date: /home/pipeline-vm/fsfeup/autonomous-systems/install/pacsim/include/pacsim/pacsim/msg/perception_detection.hpp
-- Up-to-date: /home/pipeline-vm/fsfeup/autonomous-systems/install/pacsim/include/pacsim/pacsim/msg/wheels.hpp
-- Up-to-date: /home/pipeline-vm/fsfeup/autonomous-systems/install/pacsim/include/pacsim/pacsim/msg/rosidl_generator_cpp__visibility_control.hpp
-- Up-to-date: /home/pipeline-vm/fsfeup/autonomous-systems/install/pacsim/include/pacsim/pacsim/msg/stamped_scalar.hpp
-- Up-to-date: /home/pipeline-vm/fsfeup/autonomous-systems/install/pacsim/include/pacsim/pacsim/msg/gnss.hpp
-- Up-to-date: /home/pipeline-vm/fsfeup/autonomous-systems/install/pacsim/include/pacsim/pacsim/msg/perception_detections.hpp
-- Up-to-date: /home/pipeline-vm/fsfeup/autonomous-systems/install/pacsim/include/pacsim/pacsim/msg/detail
-- Up-to-date: /home/pipeline-vm/fsfeup/autonomous-systems/install/pacsim/include/pacsim/pacsim/msg/detail/stamped_scalar__struct.hpp
-- Up-to-date: /home/pipeline-vm/fsfeup/autonomous-systems/install/pacsim/include/pacsim/pacsim/msg/detail/stamped_scalar__traits.hpp
-- Up-to-date: /home/pipeline-vm/fsfeup/autonomous-systems/install/pacsim/include/pacsim/pacsim/msg/detail/perception_detection__traits.hpp
-- Up-to-date: /home/pipeline-vm/fsfeup/autonomous-systems/install/pacsim/include/pacsim/pacsim/msg/detail/perception_detection__type_support.hpp
-- Up-to-date: /home/pipeline-vm/fsfeup/autonomous-systems/install/pacsim/include/pacsim/pacsim/msg/detail/gnss__traits.hpp
-- Up-to-date: /home/pipeline-vm/fsfeup/autonomous-systems/install/pacsim/include/pacsim/pacsim/msg/detail/perception_detection__struct.hpp
-- Up-to-date: /home/pipeline-vm/fsfeup/autonomous-systems/install/pacsim/include/pacsim/pacsim/msg/detail/wheels__traits.hpp
-- Up-to-date: /home/pipeline-vm/fsfeup/autonomous-systems/install/pacsim/include/pacsim/pacsim/msg/detail/gnss__builder.hpp
-- Up-to-date: /home/pipeline-vm/fsfeup/autonomous-systems/install/pacsim/include/pacsim/pacsim/msg/detail/perception_detections__traits.hpp
-- Up-to-date: /home/pipeline-vm/fsfeup/autonomous-systems/install/pacsim/include/pacsim/pacsim/msg/detail/gnss__type_support.hpp
-- Up-to-date: /home/pipeline-vm/fsfeup/autonomous-systems/install/pacsim/include/pacsim/pacsim/msg/detail/perception_detections__type_support.hpp
-- Up-to-date: /home/pipeline-vm/fsfeup/autonomous-systems/install/pacsim/include/pacsim/pacsim/msg/detail/perception_detection__builder.hpp
-- Up-to-date: /home/pipeline-vm/fsfeup/autonomous-systems/install/pacsim/include/pacsim/pacsim/msg/detail/perception_detections__builder.hpp
-- Up-to-date: /home/pipeline-vm/fsfeup/autonomous-systems/install/pacsim/include/pacsim/pacsim/msg/detail/wheels__struct.hpp
-- Up-to-date: /home/pipeline-vm/fsfeup/autonomous-systems/install/pacsim/include/pacsim/pacsim/msg/detail/wheels__builder.hpp
-- Up-to-date: /home/pipeline-vm/fsfeup/autonomous-systems/install/pacsim/include/pacsim/pacsim/msg/detail/stamped_scalar__type_support.hpp
-- Up-to-date: /home/pipeline-vm/fsfeup/autonomous-systems/install/pacsim/include/pacsim/pacsim/msg/detail/wheels__type_support.hpp
-- Up-to-date: /home/pipeline-vm/fsfeup/autonomous-systems/install/pacsim/include/pacsim/pacsim/msg/detail/stamped_scalar__builder.hpp
-- Up-to-date: /home/pipeline-vm/fsfeup/autonomous-systems/install/pacsim/include/pacsim/pacsim/msg/detail/perception_detections__struct.hpp
-- Up-to-date: /home/pipeline-vm/fsfeup/autonomous-systems/install/pacsim/include/pacsim/pacsim/msg/detail/gnss__struct.hpp
-- Up-to-date: /home/pipeline-vm/fsfeup/autonomous-systems/install/pacsim/include/pacsim/pacsim/srv
-- Up-to-date: /home/pipeline-vm/fsfeup/autonomous-systems/install/pacsim/include/pacsim/pacsim/srv/clock_trigger_relative.hpp
-- Up-to-date: /home/pipeline-vm/fsfeup/autonomous-systems/install/pacsim/include/pacsim/pacsim/srv/clock_trigger_absolute.hpp
-- Up-to-date: /home/pipeline-vm/fsfeup/autonomous-systems/install/pacsim/include/pacsim/pacsim/srv/detail
-- Up-to-date: /home/pipeline-vm/fsfeup/autonomous-systems/install/pacsim/include/pacsim/pacsim/srv/detail/clock_trigger_absolute__builder.hpp
-- Up-to-date: /home/pipeline-vm/fsfeup/autonomous-systems/install/pacsim/include/pacsim/pacsim/srv/detail/clock_trigger_absolute__traits.hpp
-- Up-to-date: /home/pipeline-vm/fsfeup/autonomous-systems/install/pacsim/include/pacsim/pacsim/srv/detail/clock_trigger_relative__type_support.hpp
-- Up-to-date: /home/pipeline-vm/fsfeup/autonomous-systems/install/pacsim/include/pacsim/pacsim/srv/detail/clock_trigger_relative__struct.hpp
-- Up-to-date: /home/pipeline-vm/fsfeup/autonomous-systems/install/pacsim/include/pacsim/pacsim/srv/detail/clock_trigger_relative__builder.hpp
-- Up-to-date: /home/pipeline-vm/fsfeup/autonomous-systems/install/pacsim/include/pacsim/pacsim/srv/detail/clock_trigger_relative__traits.hpp
-- Up-to-date: /home/pipeline-vm/fsfeup/autonomous-systems/install/pacsim/include/pacsim/pacsim/srv/detail/clock_trigger_absolute__type_support.hpp
-- Up-to-date: /home/pipeline-vm/fsfeup/autonomous-systems/install/pacsim/include/pacsim/pacsim/srv/detail/clock_trigger_absolute__struct.hpp
-- Up-to-date: /home/pipeline-vm/fsfeup/autonomous-systems/install/pacsim/include/pacsim/pacsim
-- Up-to-date: /home/pipeline-vm/fsfeup/autonomous-systems/install/pacsim/include/pacsim/pacsim/msg
-- Up-to-date: /home/pipeline-vm/fsfeup/autonomous-systems/install/pacsim/include/pacsim/pacsim/msg/detail
-- Up-to-date: /home/pipeline-vm/fsfeup/autonomous-systems/install/pacsim/include/pacsim/pacsim/msg/detail/wheels__rosidl_typesupport_fastrtps_cpp.hpp
-- Up-to-date: /home/pipeline-vm/fsfeup/autonomous-systems/install/pacsim/include/pacsim/pacsim/msg/detail/dds_fastrtps
-- Up-to-date: /home/pipeline-vm/fsfeup/autonomous-systems/install/pacsim/include/pacsim/pacsim/msg/detail/perception_detection__rosidl_typesupport_fastrtps_cpp.hpp
-- Up-to-date: /home/pipeline-vm/fsfeup/autonomous-systems/install/pacsim/include/pacsim/pacsim/msg/detail/perception_detections__rosidl_typesupport_fastrtps_cpp.hpp
-- Up-to-date: /home/pipeline-vm/fsfeup/autonomous-systems/install/pacsim/include/pacsim/pacsim/msg/detail/gnss__rosidl_typesupport_fastrtps_cpp.hpp
-- Up-to-date: /home/pipeline-vm/fsfeup/autonomous-systems/install/pacsim/include/pacsim/pacsim/msg/detail/stamped_scalar__rosidl_typesupport_fastrtps_cpp.hpp
-- Up-to-date: /home/pipeline-vm/fsfeup/autonomous-systems/install/pacsim/include/pacsim/pacsim/msg/rosidl_typesupport_fastrtps_cpp__visibility_control.h
-- Up-to-date: /home/pipeline-vm/fsfeup/autonomous-systems/install/pacsim/include/pacsim/pacsim/srv
-- Up-to-date: /home/pipeline-vm/fsfeup/autonomous-systems/install/pacsim/include/pacsim/pacsim/srv/detail
-- Up-to-date: /home/pipeline-vm/fsfeup/autonomous-systems/install/pacsim/include/pacsim/pacsim/srv/detail/clock_trigger_absolute__rosidl_typesupport_fastrtps_cpp.hpp
-- Up-to-date: /home/pipeline-vm/fsfeup/autonomous-systems/install/pacsim/include/pacsim/pacsim/srv/detail/clock_trigger_relative__rosidl_typesupport_fastrtps_cpp.hpp
-- Up-to-date: /home/pipeline-vm/fsfeup/autonomous-systems/install/pacsim/include/pacsim/pacsim/srv/detail/dds_fastrtps
-- Up-to-date: /home/pipeline-vm/fsfeup/autonomous-systems/install/pacsim/lib/libpacsim__rosidl_typesupport_fastrtps_cpp.so
-- Up-to-date: /home/pipeline-vm/fsfeup/autonomous-systems/install/pacsim/include/pacsim/pacsim
-- Up-to-date: /home/pipeline-vm/fsfeup/autonomous-systems/install/pacsim/include/pacsim/pacsim/msg
-- Up-to-date: /home/pipeline-vm/fsfeup/autonomous-systems/install/pacsim/include/pacsim/pacsim/msg/rosidl_typesupport_introspection_c__visibility_control.h
-- Up-to-date: /home/pipeline-vm/fsfeup/autonomous-systems/install/pacsim/include/pacsim/pacsim/msg/detail
-- Up-to-date: /home/pipeline-vm/fsfeup/autonomous-systems/install/pacsim/include/pacsim/pacsim/msg/detail/perception_detections__rosidl_typesupport_introspection_c.h
-- Up-to-date: /home/pipeline-vm/fsfeup/autonomous-systems/install/pacsim/include/pacsim/pacsim/msg/detail/wheels__type_support.c
-- Up-to-date: /home/pipeline-vm/fsfeup/autonomous-systems/install/pacsim/include/pacsim/pacsim/msg/detail/gnss__type_support.c
-- Up-to-date: /home/pipeline-vm/fsfeup/autonomous-systems/install/pacsim/include/pacsim/pacsim/msg/detail/perception_detection__rosidl_typesupport_introspection_c.h
-- Up-to-date: /home/pipeline-vm/fsfeup/autonomous-systems/install/pacsim/include/pacsim/pacsim/msg/detail/stamped_scalar__type_support.c
-- Up-to-date: /home/pipeline-vm/fsfeup/autonomous-systems/install/pacsim/include/pacsim/pacsim/msg/detail/perception_detection__type_support.c
-- Up-to-date: /home/pipeline-vm/fsfeup/autonomous-systems/install/pacsim/include/pacsim/pacsim/msg/detail/wheels__rosidl_typesupport_introspection_c.h
-- Up-to-date: /home/pipeline-vm/fsfeup/autonomous-systems/install/pacsim/include/pacsim/pacsim/msg/detail/stamped_scalar__rosidl_typesupport_introspection_c.h
-- Up-to-date: /home/pipeline-vm/fsfeup/autonomous-systems/install/pacsim/include/pacsim/pacsim/msg/detail/perception_detections__type_support.c
-- Up-to-date: /home/pipeline-vm/fsfeup/autonomous-systems/install/pacsim/include/pacsim/pacsim/msg/detail/gnss__rosidl_typesupport_introspection_c.h
-- Up-to-date: /home/pipeline-vm/fsfeup/autonomous-systems/install/pacsim/include/pacsim/pacsim/srv
-- Up-to-date: /home/pipeline-vm/fsfeup/autonomous-systems/install/pacsim/include/pacsim/pacsim/srv/detail
-- Up-to-date: /home/pipeline-vm/fsfeup/autonomous-systems/install/pacsim/include/pacsim/pacsim/srv/detail/clock_trigger_absolute__type_support.c
-- Up-to-date: /home/pipeline-vm/fsfeup/autonomous-systems/install/pacsim/include/pacsim/pacsim/srv/detail/clock_trigger_relative__rosidl_typesupport_introspection_c.h
-- Up-to-date: /home/pipeline-vm/fsfeup/autonomous-systems/install/pacsim/include/pacsim/pacsim/srv/detail/clock_trigger_relative__type_support.c
-- Up-to-date: /home/pipeline-vm/fsfeup/autonomous-systems/install/pacsim/include/pacsim/pacsim/srv/detail/clock_trigger_absolute__rosidl_typesupport_introspection_c.h
-- Up-to-date: /home/pipeline-vm/fsfeup/autonomous-systems/install/pacsim/lib/libpacsim__rosidl_typesupport_introspection_c.so
-- Up-to-date: /home/pipeline-vm/fsfeup/autonomous-systems/install/pacsim/lib/libpacsim__rosidl_typesupport_c.so
-- Up-to-date: /home/pipeline-vm/fsfeup/autonomous-systems/install/pacsim/include/pacsim/pacsim
-- Up-to-date: /home/pipeline-vm/fsfeup/autonomous-systems/install/pacsim/include/pacsim/pacsim/msg
-- Up-to-date: /home/pipeline-vm/fsfeup/autonomous-systems/install/pacsim/include/pacsim/pacsim/msg/detail
-- Up-to-date: /home/pipeline-vm/fsfeup/autonomous-systems/install/pacsim/include/pacsim/pacsim/msg/detail/gnss__rosidl_typesupport_introspection_cpp.hpp
-- Up-to-date: /home/pipeline-vm/fsfeup/autonomous-systems/install/pacsim/include/pacsim/pacsim/msg/detail/perception_detections__type_support.cpp
-- Up-to-date: /home/pipeline-vm/fsfeup/autonomous-systems/install/pacsim/include/pacsim/pacsim/msg/detail/perception_detection__rosidl_typesupport_introspection_cpp.hpp
-- Up-to-date: /home/pipeline-vm/fsfeup/autonomous-systems/install/pacsim/include/pacsim/pacsim/msg/detail/perception_detection__type_support.cpp
-- Up-to-date: /home/pipeline-vm/fsfeup/autonomous-systems/install/pacsim/include/pacsim/pacsim/msg/detail/gnss__type_support.cpp
-- Up-to-date: /home/pipeline-vm/fsfeup/autonomous-systems/install/pacsim/include/pacsim/pacsim/msg/detail/wheels__type_support.cpp
-- Up-to-date: /home/pipeline-vm/fsfeup/autonomous-systems/install/pacsim/include/pacsim/pacsim/msg/detail/wheels__rosidl_typesupport_introspection_cpp.hpp
-- Up-to-date: /home/pipeline-vm/fsfeup/autonomous-systems/install/pacsim/include/pacsim/pacsim/msg/detail/stamped_scalar__type_support.cpp
-- Up-to-date: /home/pipeline-vm/fsfeup/autonomous-systems/install/pacsim/include/pacsim/pacsim/msg/detail/stamped_scalar__rosidl_typesupport_introspection_cpp.hpp
-- Up-to-date: /home/pipeline-vm/fsfeup/autonomous-systems/install/pacsim/include/pacsim/pacsim/msg/detail/perception_detections__rosidl_typesupport_introspection_cpp.hpp
-- Up-to-date: /home/pipeline-vm/fsfeup/autonomous-systems/install/pacsim/include/pacsim/pacsim/srv
-- Up-to-date: /home/pipeline-vm/fsfeup/autonomous-systems/install/pacsim/include/pacsim/pacsim/srv/detail
-- Up-to-date: /home/pipeline-vm/fsfeup/autonomous-systems/install/pacsim/include/pacsim/pacsim/srv/detail/clock_trigger_absolute__type_support.cpp
-- Up-to-date: /home/pipeline-vm/fsfeup/autonomous-systems/install/pacsim/include/pacsim/pacsim/srv/detail/clock_trigger_relative__rosidl_typesupport_introspection_cpp.hpp
-- Up-to-date: /home/pipeline-vm/fsfeup/autonomous-systems/install/pacsim/include/pacsim/pacsim/srv/detail/clock_trigger_absolute__rosidl_typesupport_introspection_cpp.hpp
-- Up-to-date: /home/pipeline-vm/fsfeup/autonomous-systems/install/pacsim/include/pacsim/pacsim/srv/detail/clock_trigger_relative__type_support.cpp
-- Up-to-date: /home/pipeline-vm/fsfeup/autonomous-systems/install/pacsim/lib/libpacsim__rosidl_typesupport_introspection_cpp.so
-- Up-to-date: /home/pipeline-vm/fsfeup/autonomous-systems/install/pacsim/lib/libpacsim__rosidl_typesupport_cpp.so
-- Up-to-date: /home/pipeline-vm/fsfeup/autonomous-systems/install/pacsim/share/pacsim/environment/pythonpath.sh
-- Up-to-date: /home/pipeline-vm/fsfeup/autonomous-systems/install/pacsim/share/pacsim/environment/pythonpath.dsv
-- Up-to-date: /home/pipeline-vm/fsfeup/autonomous-systems/install/pacsim/local/lib/python3.10/dist-packages/pacsim-0.0.0-py3.10.egg-info
-- Installing: /home/pipeline-vm/fsfeup/autonomous-systems/install/pacsim/local/lib/python3.10/dist-packages/pacsim-0.0.0-py3.10.egg-info/top_level.txt
-- Installing: /home/pipeline-vm/fsfeup/autonomous-systems/install/pacsim/local/lib/python3.10/dist-packages/pacsim-0.0.0-py3.10.egg-info/SOURCES.txt
-- Installing: /home/pipeline-vm/fsfeup/autonomous-systems/install/pacsim/local/lib/python3.10/dist-packages/pacsim-0.0.0-py3.10.egg-info/dependency_links.txt
-- Installing: /home/pipeline-vm/fsfeup/autonomous-systems/install/pacsim/local/lib/python3.10/dist-packages/pacsim-0.0.0-py3.10.egg-info/PKG-INFO
-- Up-to-date: /home/pipeline-vm/fsfeup/autonomous-systems/install/pacsim/local/lib/python3.10/dist-packages/pacsim
-- Up-to-date: /home/pipeline-vm/fsfeup/autonomous-systems/install/pacsim/local/lib/python3.10/dist-packages/pacsim/libpacsim__rosidl_generator_py.so
-- Up-to-date: /home/pipeline-vm/fsfeup/autonomous-systems/install/pacsim/local/lib/python3.10/dist-packages/pacsim/msg
-- Up-to-date: /home/pipeline-vm/fsfeup/autonomous-systems/install/pacsim/local/lib/python3.10/dist-packages/pacsim/msg/_stamped_scalar_s.c
-- Up-to-date: /home/pipeline-vm/fsfeup/autonomous-systems/install/pacsim/local/lib/python3.10/dist-packages/pacsim/msg/_gnss_s.c
-- Up-to-date: /home/pipeline-vm/fsfeup/autonomous-systems/install/pacsim/local/lib/python3.10/dist-packages/pacsim/msg/_perception_detections_s.c
-- Up-to-date: /home/pipeline-vm/fsfeup/autonomous-systems/install/pacsim/local/lib/python3.10/dist-packages/pacsim/msg/_perception_detection_s.c
-- Up-to-date: /home/pipeline-vm/fsfeup/autonomous-systems/install/pacsim/local/lib/python3.10/dist-packages/pacsim/msg/_perception_detections.py
-- Up-to-date: /home/pipeline-vm/fsfeup/autonomous-systems/install/pacsim/local/lib/python3.10/dist-packages/pacsim/msg/_wheels.py
-- Up-to-date: /home/pipeline-vm/fsfeup/autonomous-systems/install/pacsim/local/lib/python3.10/dist-packages/pacsim/msg/_stamped_scalar.py
-- Up-to-date: /home/pipeline-vm/fsfeup/autonomous-systems/install/pacsim/local/lib/python3.10/dist-packages/pacsim/msg/_perception_detection.py
-- Up-to-date: /home/pipeline-vm/fsfeup/autonomous-systems/install/pacsim/local/lib/python3.10/dist-packages/pacsim/msg/_wheels_s.c
-- Up-to-date: /home/pipeline-vm/fsfeup/autonomous-systems/install/pacsim/local/lib/python3.10/dist-packages/pacsim/msg/_gnss.py
-- Up-to-date: /home/pipeline-vm/fsfeup/autonomous-systems/install/pacsim/local/lib/python3.10/dist-packages/pacsim/msg/__init__.py
-- Up-to-date: /home/pipeline-vm/fsfeup/autonomous-systems/install/pacsim/local/lib/python3.10/dist-packages/pacsim/_pacsim_s.ep.rosidl_typesupport_c.c
-- Up-to-date: /home/pipeline-vm/fsfeup/autonomous-systems/install/pacsim/local/lib/python3.10/dist-packages/pacsim/srv
-- Up-to-date: /home/pipeline-vm/fsfeup/autonomous-systems/install/pacsim/local/lib/python3.10/dist-packages/pacsim/srv/_clock_trigger_relative.py
-- Up-to-date: /home/pipeline-vm/fsfeup/autonomous-systems/install/pacsim/local/lib/python3.10/dist-packages/pacsim/srv/_clock_trigger_absolute_s.c
-- Up-to-date: /home/pipeline-vm/fsfeup/autonomous-systems/install/pacsim/local/lib/python3.10/dist-packages/pacsim/srv/_clock_trigger_relative_s.c
-- Up-to-date: /home/pipeline-vm/fsfeup/autonomous-systems/install/pacsim/local/lib/python3.10/dist-packages/pacsim/srv/__init__.py
-- Up-to-date: /home/pipeline-vm/fsfeup/autonomous-systems/install/pacsim/local/lib/python3.10/dist-packages/pacsim/srv/_clock_trigger_absolute.py
-- Up-to-date: /home/pipeline-vm/fsfeup/autonomous-systems/install/pacsim/local/lib/python3.10/dist-packages/pacsim/pacsim_s__rosidl_typesupport_c.cpython-310-x86_64-linux-gnu.so
-- Up-to-date: /home/pipeline-vm/fsfeup/autonomous-systems/install/pacsim/local/lib/python3.10/dist-packages/pacsim/pacsim_s__rosidl_typesupport_fastrtps_c.cpython-310-x86_64-linux-gnu.so
-- Up-to-date: /home/pipeline-vm/fsfeup/autonomous-systems/install/pacsim/local/lib/python3.10/dist-packages/pacsim/_pacsim_s.ep.rosidl_typesupport_fastrtps_c.c
-- Up-to-date: /home/pipeline-vm/fsfeup/autonomous-systems/install/pacsim/local/lib/python3.10/dist-packages/pacsim/_pacsim_s.ep.rosidl_typesupport_introspection_c.c
-- Up-to-date: /home/pipeline-vm/fsfeup/autonomous-systems/install/pacsim/local/lib/python3.10/dist-packages/pacsim/pacsim_s__rosidl_typesupport_introspection_c.cpython-310-x86_64-linux-gnu.so
-- Up-to-date: /home/pipeline-vm/fsfeup/autonomous-systems/install/pacsim/local/lib/python3.10/dist-packages/pacsim/__init__.py
Listing '/home/pipeline-vm/fsfeup/autonomous-systems/install/pacsim/local/lib/python3.10/dist-packages/pacsim'...
Listing '/home/pipeline-vm/fsfeup/autonomous-systems/install/pacsim/local/lib/python3.10/dist-packages/pacsim/msg'...
Listing '/home/pipeline-vm/fsfeup/autonomous-systems/install/pacsim/local/lib/python3.10/dist-packages/pacsim/srv'...
-- Up-to-date: /home/pipeline-vm/fsfeup/autonomous-systems/install/pacsim/local/lib/python3.10/dist-packages/pacsim/pacsim_s__rosidl_typesupport_fastrtps_c.cpython-310-x86_64-linux-gnu.so
-- Up-to-date: /home/pipeline-vm/fsfeup/autonomous-systems/install/pacsim/local/lib/python3.10/dist-packages/pacsim/pacsim_s__rosidl_typesupport_introspection_c.cpython-310-x86_64-linux-gnu.so
-- Up-to-date: /home/pipeline-vm/fsfeup/autonomous-systems/install/pacsim/local/lib/python3.10/dist-packages/pacsim/pacsim_s__rosidl_typesupport_c.cpython-310-x86_64-linux-gnu.so
-- Up-to-date: /home/pipeline-vm/fsfeup/autonomous-systems/install/pacsim/lib/libpacsim__rosidl_generator_py.so
-- Up-to-date: /home/pipeline-vm/fsfeup/autonomous-systems/install/pacsim/share/pacsim/msg/StampedScalar.idl
-- Up-to-date: /home/pipeline-vm/fsfeup/autonomous-systems/install/pacsim/share/pacsim/msg/Wheels.idl
-- Up-to-date: /home/pipeline-vm/fsfeup/autonomous-systems/install/pacsim/share/pacsim/msg/PerceptionDetection.idl
-- Up-to-date: /home/pipeline-vm/fsfeup/autonomous-systems/install/pacsim/share/pacsim/msg/PerceptionDetections.idl
-- Up-to-date: /home/pipeline-vm/fsfeup/autonomous-systems/install/pacsim/share/pacsim/msg/GNSS.idl
-- Up-to-date: /home/pipeline-vm/fsfeup/autonomous-systems/install/pacsim/share/pacsim/srv/ClockTriggerAbsolute.idl
-- Up-to-date: /home/pipeline-vm/fsfeup/autonomous-systems/install/pacsim/share/pacsim/srv/ClockTriggerRelative.idl
-- Up-to-date: /home/pipeline-vm/fsfeup/autonomous-systems/install/pacsim/share/pacsim/msg/StampedScalar.msg
-- Up-to-date: /home/pipeline-vm/fsfeup/autonomous-systems/install/pacsim/share/pacsim/msg/Wheels.msg
-- Up-to-date: /home/pipeline-vm/fsfeup/autonomous-systems/install/pacsim/share/pacsim/msg/PerceptionDetection.msg
-- Up-to-date: /home/pipeline-vm/fsfeup/autonomous-systems/install/pacsim/share/pacsim/msg/PerceptionDetections.msg
-- Up-to-date: /home/pipeline-vm/fsfeup/autonomous-systems/install/pacsim/share/pacsim/msg/GNSS.msg
-- Up-to-date: /home/pipeline-vm/fsfeup/autonomous-systems/install/pacsim/share/pacsim/srv/ClockTriggerAbsolute.srv
-- Up-to-date: /home/pipeline-vm/fsfeup/autonomous-systems/install/pacsim/share/pacsim/srv/ClockTriggerAbsolute_Request.msg
-- Up-to-date: /home/pipeline-vm/fsfeup/autonomous-systems/install/pacsim/share/pacsim/srv/ClockTriggerAbsolute_Response.msg
-- Up-to-date: /home/pipeline-vm/fsfeup/autonomous-systems/install/pacsim/share/pacsim/srv/ClockTriggerRelative.srv
-- Up-to-date: /home/pipeline-vm/fsfeup/autonomous-systems/install/pacsim/share/pacsim/srv/ClockTriggerRelative_Request.msg
-- Up-to-date: /home/pipeline-vm/fsfeup/autonomous-systems/install/pacsim/share/pacsim/srv/ClockTriggerRelative_Response.msg
-- Up-to-date: /home/pipeline-vm/fsfeup/autonomous-systems/install/pacsim/lib/pacsim/pacsim_node
-- Up-to-date: /home/pipeline-vm/fsfeup/autonomous-systems/install/pacsim/share/pacsim/urdf/Model_without_Steering_Tires.stl
-- Up-to-date: /home/pipeline-vm/fsfeup/autonomous-systems/install/pacsim/share/pacsim/urdf/Steering_Wheel.stl
-- Up-to-date: /home/pipeline-vm/fsfeup/autonomous-systems/install/pacsim/share/pacsim/urdf/FL_Inside.stl
-- Up-to-date: /home/pipeline-vm/fsfeup/autonomous-systems/install/pacsim/share/pacsim/urdf/FL_Outside.stl
-- Up-to-date: /home/pipeline-vm/fsfeup/autonomous-systems/install/pacsim/share/pacsim/urdf/FR_Inside.stl
-- Up-to-date: /home/pipeline-vm/fsfeup/autonomous-systems/install/pacsim/share/pacsim/urdf/RL_Inside.stl
-- Up-to-date: /home/pipeline-vm/fsfeup/autonomous-systems/install/pacsim/share/pacsim/urdf/RR_Inside.stl
-- Up-to-date: /home/pipeline-vm/fsfeup/autonomous-systems/install/pacsim/share/pacsim/urdf/separate_model.xacro
-- Up-to-date: /home/pipeline-vm/fsfeup/autonomous-systems/install/pacsim/tracks/pacsim/EnduranceFSG.yaml
-- Up-to-date: /home/pipeline-vm/fsfeup/autonomous-systems/install/pacsim/tracks/pacsim/FSE23.yaml
-- Up-to-date: /home/pipeline-vm/fsfeup/autonomous-systems/install/pacsim/tracks/pacsim/FSE24.yaml
-- Up-to-date: /home/pipeline-vm/fsfeup/autonomous-systems/install/pacsim/tracks/pacsim/FSG23.yaml
-- Up-to-date: /home/pipeline-vm/fsfeup/autonomous-systems/install/pacsim/tracks/pacsim/FSG24.yaml
-- Up-to-date: /home/pipeline-vm/fsfeup/autonomous-systems/install/pacsim/tracks/pacsim/FSG25.yaml
-- Up-to-date: /home/pipeline-vm/fsfeup/autonomous-systems/install/pacsim/tracks/pacsim/FSS22_V1.yaml
-- Up-to-date: /home/pipeline-vm/fsfeup/autonomous-systems/install/pacsim/tracks/pacsim/FSS22_V2.yaml
-- Up-to-date: /home/pipeline-vm/fsfeup/autonomous-systems/install/pacsim/tracks/pacsim/acceleration.yaml
-- Up-to-date: /home/pipeline-vm/fsfeup/autonomous-systems/install/pacsim/tracks/pacsim/gripMap.yaml
-- Up-to-date: /home/pipeline-vm/fsfeup/autonomous-systems/install/pacsim/tracks/pacsim/skidpad.yaml
-- Up-to-date: /home/pipeline-vm/fsfeup/autonomous-systems/install/pacsim/config/pacsim/mainConfig.yaml
-- Up-to-date: /home/pipeline-vm/fsfeup/autonomous-systems/install/pacsim/config/pacsim/perception.yaml
-- Up-to-date: /home/pipeline-vm/fsfeup/autonomous-systems/install/pacsim/config/pacsim/sensors.yaml
-- Up-to-date: /home/pipeline-vm/fsfeup/autonomous-systems/install/pacsim/config/pacsim/vehicleModel.yaml
-- Up-to-date: /home/pipeline-vm/fsfeup/autonomous-systems/install/pacsim/config/pacsim/vehicleModel_old.yaml
-- Up-to-date: /home/pipeline-vm/fsfeup/autonomous-systems/install/pacsim/include
-- Up-to-date: /home/pipeline-vm/fsfeup/autonomous-systems/install/pacsim/include/track
-- Up-to-date: /home/pipeline-vm/fsfeup/autonomous-systems/install/pacsim/include/track/gripMap.hpp
-- Up-to-date: /home/pipeline-vm/fsfeup/autonomous-systems/install/pacsim/include/track/trackLoader.hpp
-- Up-to-date: /home/pipeline-vm/fsfeup/autonomous-systems/install/pacsim/include/quaternion.hpp
-- Up-to-date: /home/pipeline-vm/fsfeup/autonomous-systems/install/pacsim/include/types.hpp
-- Up-to-date: /home/pipeline-vm/fsfeup/autonomous-systems/install/pacsim/include/ros2Helpers.hpp
-- Up-to-date: /home/pipeline-vm/fsfeup/autonomous-systems/install/pacsim/include/logger.hpp
-- Up-to-date: /home/pipeline-vm/fsfeup/autonomous-systems/install/pacsim/include/sensorModels
-- Up-to-date: /home/pipeline-vm/fsfeup/autonomous-systems/install/pacsim/include/sensorModels/gnssSensor.hpp
-- Up-to-date: /home/pipeline-vm/fsfeup/autonomous-systems/install/pacsim/include/sensorModels/wheelsSensor.hpp
-- Up-to-date: /home/pipeline-vm/fsfeup/autonomous-systems/install/pacsim/include/sensorModels/imuSensor.hpp
-- Up-to-date: /home/pipeline-vm/fsfeup/autonomous-systems/install/pacsim/include/sensorModels/perceptionSensor.hpp
-- Up-to-date: /home/pipeline-vm/fsfeup/autonomous-systems/install/pacsim/include/sensorModels/sensorBase.hpp
-- Up-to-date: /home/pipeline-vm/fsfeup/autonomous-systems/install/pacsim/include/sensorModels/scalarValueSensor.hpp
-- Up-to-date: /home/pipeline-vm/fsfeup/autonomous-systems/install/pacsim/include/VehicleModel
-- Up-to-date: /home/pipeline-vm/fsfeup/autonomous-systems/install/pacsim/include/VehicleModel/deadTime.hpp
-- Up-to-date: /home/pipeline-vm/fsfeup/autonomous-systems/install/pacsim/include/VehicleModel/VehicleModelInterface.hpp
-- Up-to-date: /home/pipeline-vm/fsfeup/autonomous-systems/install/pacsim/include/VehicleModel/tire_model_hoosier43075_R20_8in.tir
-- Up-to-date: /home/pipeline-vm/fsfeup/autonomous-systems/install/pacsim/include/VehicleModel/VehicleModelBicycle.hpp
-- Up-to-date: /home/pipeline-vm/fsfeup/autonomous-systems/install/pacsim/include/VehicleModel/tire_model_avon7.2_20.0_13_7in.tir
-- Up-to-date: /home/pipeline-vm/fsfeup/autonomous-systems/install/pacsim/include/transform.hpp
-- Up-to-date: /home/pipeline-vm/fsfeup/autonomous-systems/install/pacsim/include/competitionLogic.hpp
-- Up-to-date: /home/pipeline-vm/fsfeup/autonomous-systems/install/pacsim/include/configParser.hpp
-- Up-to-date: /home/pipeline-vm/fsfeup/autonomous-systems/install/pacsim/include/reportWriter.hpp
-- Up-to-date: /home/pipeline-vm/fsfeup/autonomous-systems/install/pacsim/share/pacsim/tracks
-- Up-to-date: /home/pipeline-vm/fsfeup/autonomous-systems/install/pacsim/share/pacsim/tracks/skidpad.yaml
-- Up-to-date: /home/pipeline-vm/fsfeup/autonomous-systems/install/pacsim/share/pacsim/tracks/FSE24.yaml
-- Up-to-date: /home/pipeline-vm/fsfeup/autonomous-systems/install/pacsim/share/pacsim/tracks/FSG25.yaml
-- Up-to-date: /home/pipeline-vm/fsfeup/autonomous-systems/install/pacsim/share/pacsim/tracks/FSE23.yaml
-- Up-to-date: /home/pipeline-vm/fsfeup/autonomous-systems/install/pacsim/share/pacsim/tracks/FSS22_V1.yaml
-- Up-to-date: /home/pipeline-vm/fsfeup/autonomous-systems/install/pacsim/share/pacsim/tracks/gripMap.yaml
-- Up-to-date: /home/pipeline-vm/fsfeup/autonomous-systems/install/pacsim/share/pacsim/tracks/FSG23.yaml
-- Up-to-date: /home/pipeline-vm/fsfeup/autonomous-systems/install/pacsim/share/pacsim/tracks/FSG24.yaml
-- Up-to-date: /home/pipeline-vm/fsfeup/autonomous-systems/install/pacsim/share/pacsim/tracks/EnduranceFSG.yaml
-- Up-to-date: /home/pipeline-vm/fsfeup/autonomous-systems/install/pacsim/share/pacsim/tracks/acceleration.yaml
-- Up-to-date: /home/pipeline-vm/fsfeup/autonomous-systems/install/pacsim/share/pacsim/tracks/FSS22_V2.yaml
-- Up-to-date: /home/pipeline-vm/fsfeup/autonomous-systems/install/pacsim/share/pacsim/config
-- Up-to-date: /home/pipeline-vm/fsfeup/autonomous-systems/install/pacsim/share/pacsim/config/vehicleModel.yaml
-- Up-to-date: /home/pipeline-vm/fsfeup/autonomous-systems/install/pacsim/share/pacsim/config/mainConfig.yaml
-- Up-to-date: /home/pipeline-vm/fsfeup/autonomous-systems/install/pacsim/share/pacsim/config/sensors.yaml
-- Up-to-date: /home/pipeline-vm/fsfeup/autonomous-systems/install/pacsim/share/pacsim/config/vehicleModel_old.yaml
-- Up-to-date: /home/pipeline-vm/fsfeup/autonomous-systems/install/pacsim/share/pacsim/config/perception.yaml
-- Up-to-date: /home/pipeline-vm/fsfeup/autonomous-systems/install/pacsim/share/pacsim/launch
-- Up-to-date: /home/pipeline-vm/fsfeup/autonomous-systems/install/pacsim/share/pacsim/launch/autocross.launch.py
-- Up-to-date: /home/pipeline-vm/fsfeup/autonomous-systems/install/pacsim/share/pacsim/launch/acceleration.launch.py
-- Up-to-date: /home/pipeline-vm/fsfeup/autonomous-systems/install/pacsim/share/pacsim/launch/skidpad.launch.py
-- Up-to-date: /home/pipeline-vm/fsfeup/autonomous-systems/install/pacsim/share/pacsim/launch/endurance.launch.py
-- Up-to-date: /home/pipeline-vm/fsfeup/autonomous-systems/install/pacsim/share/ament_index/resource_index/package_run_dependencies/pacsim
-- Up-to-date: /home/pipeline-vm/fsfeup/autonomous-systems/install/pacsim/share/ament_index/resource_index/parent_prefix_path/pacsim
-- Up-to-date: /home/pipeline-vm/fsfeup/autonomous-systems/install/pacsim/share/pacsim/environment/ament_prefix_path.sh
-- Up-to-date: /home/pipeline-vm/fsfeup/autonomous-systems/install/pacsim/share/pacsim/environment/ament_prefix_path.dsv
-- Up-to-date: /home/pipeline-vm/fsfeup/autonomous-systems/install/pacsim/share/pacsim/environment/path.sh
-- Up-to-date: /home/pipeline-vm/fsfeup/autonomous-systems/install/pacsim/share/pacsim/environment/path.dsv
-- Up-to-date: /home/pipeline-vm/fsfeup/autonomous-systems/install/pacsim/share/pacsim/local_setup.bash
-- Up-to-date: /home/pipeline-vm/fsfeup/autonomous-systems/install/pacsim/share/pacsim/local_setup.sh
-- Up-to-date: /home/pipeline-vm/fsfeup/autonomous-systems/install/pacsim/share/pacsim/local_setup.zsh
-- Up-to-date: /home/pipeline-vm/fsfeup/autonomous-systems/install/pacsim/share/pacsim/local_setup.dsv
-- Installing: /home/pipeline-vm/fsfeup/autonomous-systems/install/pacsim/share/pacsim/package.dsv
-- Up-to-date: /home/pipeline-vm/fsfeup/autonomous-systems/install/pacsim/share/ament_index/resource_index/packages/pacsim
-- Up-to-date: /home/pipeline-vm/fsfeup/autonomous-systems/install/pacsim/share/pacsim/cmake/export_pacsim__rosidl_generator_cExport.cmake
-- Up-to-date: /home/pipeline-vm/fsfeup/autonomous-systems/install/pacsim/share/pacsim/cmake/export_pacsim__rosidl_generator_cExport-noconfig.cmake
-- Up-to-date: /home/pipeline-vm/fsfeup/autonomous-systems/install/pacsim/share/pacsim/cmake/export_pacsim__rosidl_typesupport_fastrtps_cExport.cmake
-- Up-to-date: /home/pipeline-vm/fsfeup/autonomous-systems/install/pacsim/share/pacsim/cmake/export_pacsim__rosidl_typesupport_fastrtps_cExport-noconfig.cmake
-- Up-to-date: /home/pipeline-vm/fsfeup/autonomous-systems/install/pacsim/share/pacsim/cmake/export_pacsim__rosidl_generator_cppExport.cmake
-- Up-to-date: /home/pipeline-vm/fsfeup/autonomous-systems/install/pacsim/share/pacsim/cmake/export_pacsim__rosidl_typesupport_fastrtps_cppExport.cmake
-- Up-to-date: /home/pipeline-vm/fsfeup/autonomous-systems/install/pacsim/share/pacsim/cmake/export_pacsim__rosidl_typesupport_fastrtps_cppExport-noconfig.cmake
-- Up-to-date: /home/pipeline-vm/fsfeup/autonomous-systems/install/pacsim/share/pacsim/cmake/pacsim__rosidl_typesupport_introspection_cExport.cmake
-- Up-to-date: /home/pipeline-vm/fsfeup/autonomous-systems/install/pacsim/share/pacsim/cmake/pacsim__rosidl_typesupport_introspection_cExport-noconfig.cmake
-- Up-to-date: /home/pipeline-vm/fsfeup/autonomous-systems/install/pacsim/share/pacsim/cmake/pacsim__rosidl_typesupport_cExport.cmake
-- Up-to-date: /home/pipeline-vm/fsfeup/autonomous-systems/install/pacsim/share/pacsim/cmake/pacsim__rosidl_typesupport_cExport-noconfig.cmake
-- Up-to-date: /home/pipeline-vm/fsfeup/autonomous-systems/install/pacsim/share/pacsim/cmake/pacsim__rosidl_typesupport_introspection_cppExport.cmake
-- Up-to-date: /home/pipeline-vm/fsfeup/autonomous-systems/install/pacsim/share/pacsim/cmake/pacsim__rosidl_typesupport_introspection_cppExport-noconfig.cmake
-- Up-to-date: /home/pipeline-vm/fsfeup/autonomous-systems/install/pacsim/share/pacsim/cmake/pacsim__rosidl_typesupport_cppExport.cmake
-- Up-to-date: /home/pipeline-vm/fsfeup/autonomous-systems/install/pacsim/share/pacsim/cmake/pacsim__rosidl_typesupport_cppExport-noconfig.cmake
-- Up-to-date: /home/pipeline-vm/fsfeup/autonomous-systems/install/pacsim/share/pacsim/cmake/export_pacsim__rosidl_generator_pyExport.cmake
-- Up-to-date: /home/pipeline-vm/fsfeup/autonomous-systems/install/pacsim/share/pacsim/cmake/export_pacsim__rosidl_generator_pyExport-noconfig.cmake
-- Up-to-date: /home/pipeline-vm/fsfeup/autonomous-systems/install/pacsim/share/pacsim/cmake/rosidl_cmake-extras.cmake
-- Up-to-date: /home/pipeline-vm/fsfeup/autonomous-systems/install/pacsim/share/pacsim/cmake/ament_cmake_export_dependencies-extras.cmake
-- Up-to-date: /home/pipeline-vm/fsfeup/autonomous-systems/install/pacsim/share/pacsim/cmake/ament_cmake_export_include_directories-extras.cmake
-- Up-to-date: /home/pipeline-vm/fsfeup/autonomous-systems/install/pacsim/share/pacsim/cmake/ament_cmake_export_libraries-extras.cmake
-- Up-to-date: /home/pipeline-vm/fsfeup/autonomous-systems/install/pacsim/share/pacsim/cmake/ament_cmake_export_targets-extras.cmake
-- Up-to-date: /home/pipeline-vm/fsfeup/autonomous-systems/install/pacsim/share/pacsim/cmake/rosidl_cmake_export_typesupport_targets-extras.cmake
-- Up-to-date: /home/pipeline-vm/fsfeup/autonomous-systems/install/pacsim/share/pacsim/cmake/rosidl_cmake_export_typesupport_libraries-extras.cmake
-- Up-to-date: /home/pipeline-vm/fsfeup/autonomous-systems/install/pacsim/share/pacsim/cmake/pacsimConfig.cmake
-- Up-to-date: /home/pipeline-vm/fsfeup/autonomous-systems/install/pacsim/share/pacsim/cmake/pacsimConfig-version.cmake
-- Up-to-date: /home/pipeline-vm/fsfeup/autonomous-systems/install/pacsim/share/pacsim/package.xml
-- Up-to-date: /home/pipeline-vm/fsfeup/autonomous-systems/install/pacsim/include
-- Up-to-date: /home/pipeline-vm/fsfeup/autonomous-systems/install/pacsim/include/gmock
-- Up-to-date: /home/pipeline-vm/fsfeup/autonomous-systems/install/pacsim/include/gmock/gmock-function-mocker.h
-- Up-to-date: /home/pipeline-vm/fsfeup/autonomous-systems/install/pacsim/include/gmock/gmock-nice-strict.h
-- Up-to-date: /home/pipeline-vm/fsfeup/autonomous-systems/install/pacsim/include/gmock/gmock.h
-- Up-to-date: /home/pipeline-vm/fsfeup/autonomous-systems/install/pacsim/include/gmock/gmock-spec-builders.h
-- Up-to-date: /home/pipeline-vm/fsfeup/autonomous-systems/install/pacsim/include/gmock/internal
-- Up-to-date: /home/pipeline-vm/fsfeup/autonomous-systems/install/pacsim/include/gmock/internal/custom
-- Up-to-date: /home/pipeline-vm/fsfeup/autonomous-systems/install/pacsim/include/gmock/internal/custom/gmock-port.h
-- Up-to-date: /home/pipeline-vm/fsfeup/autonomous-systems/install/pacsim/include/gmock/internal/custom/gmock-generated-actions.h
-- Up-to-date: /home/pipeline-vm/fsfeup/autonomous-systems/install/pacsim/include/gmock/internal/custom/README.md
-- Up-to-date: /home/pipeline-vm/fsfeup/autonomous-systems/install/pacsim/include/gmock/internal/custom/gmock-matchers.h
-- Up-to-date: /home/pipeline-vm/fsfeup/autonomous-systems/install/pacsim/include/gmock/internal/gmock-port.h
-- Up-to-date: /home/pipeline-vm/fsfeup/autonomous-systems/install/pacsim/include/gmock/internal/gmock-internal-utils.h
-- Up-to-date: /home/pipeline-vm/fsfeup/autonomous-systems/install/pacsim/include/gmock/internal/gmock-pp.h
-- Up-to-date: /home/pipeline-vm/fsfeup/autonomous-systems/install/pacsim/include/gmock/gmock-matchers.h
-- Up-to-date: /home/pipeline-vm/fsfeup/autonomous-systems/install/pacsim/include/gmock/gmock-more-actions.h
-- Up-to-date: /home/pipeline-vm/fsfeup/autonomous-systems/install/pacsim/include/gmock/gmock-actions.h
-- Up-to-date: /home/pipeline-vm/fsfeup/autonomous-systems/install/pacsim/include/gmock/gmock-more-matchers.h
-- Up-to-date: /home/pipeline-vm/fsfeup/autonomous-systems/install/pacsim/include/gmock/gmock-cardinalities.h
-- Up-to-date: /home/pipeline-vm/fsfeup/autonomous-systems/install/pacsim/lib/libgmock.so.1.14.0
-- Up-to-date: /home/pipeline-vm/fsfeup/autonomous-systems/install/pacsim/lib/libgmock.so
-- Up-to-date: /home/pipeline-vm/fsfeup/autonomous-systems/install/pacsim/lib/libgmock_main.so.1.14.0
-- Up-to-date: /home/pipeline-vm/fsfeup/autonomous-systems/install/pacsim/lib/libgmock_main.so
-- Up-to-date: /home/pipeline-vm/fsfeup/autonomous-systems/install/pacsim/lib/pkgconfig/gmock.pc
-- Up-to-date: /home/pipeline-vm/fsfeup/autonomous-systems/install/pacsim/lib/pkgconfig/gmock_main.pc
-- Up-to-date: /home/pipeline-vm/fsfeup/autonomous-systems/install/pacsim/lib/cmake/GTest/GTestTargets.cmake
-- Up-to-date: /home/pipeline-vm/fsfeup/autonomous-systems/install/pacsim/lib/cmake/GTest/GTestTargets-noconfig.cmake
-- Up-to-date: /home/pipeline-vm/fsfeup/autonomous-systems/install/pacsim/lib/cmake/GTest/GTestConfigVersion.cmake
-- Up-to-date: /home/pipeline-vm/fsfeup/autonomous-systems/install/pacsim/lib/cmake/GTest/GTestConfig.cmake
-- Up-to-date: /home/pipeline-vm/fsfeup/autonomous-systems/install/pacsim/include
-- Up-to-date: /home/pipeline-vm/fsfeup/autonomous-systems/install/pacsim/include/gtest
-- Up-to-date: /home/pipeline-vm/fsfeup/autonomous-systems/install/pacsim/include/gtest/gtest.h
-- Up-to-date: /home/pipeline-vm/fsfeup/autonomous-systems/install/pacsim/include/gtest/gtest-param-test.h
-- Up-to-date: /home/pipeline-vm/fsfeup/autonomous-systems/install/pacsim/include/gtest/gtest-matchers.h
-- Up-to-date: /home/pipeline-vm/fsfeup/autonomous-systems/install/pacsim/include/gtest/gtest-test-part.h
-- Up-to-date: /home/pipeline-vm/fsfeup/autonomous-systems/install/pacsim/include/gtest/gtest_prod.h
-- Up-to-date: /home/pipeline-vm/fsfeup/autonomous-systems/install/pacsim/include/gtest/gtest-assertion-result.h
-- Up-to-date: /home/pipeline-vm/fsfeup/autonomous-systems/install/pacsim/include/gtest/gtest-printers.h
-- Up-to-date: /home/pipeline-vm/fsfeup/autonomous-systems/install/pacsim/include/gtest/gtest_pred_impl.h
-- Up-to-date: /home/pipeline-vm/fsfeup/autonomous-systems/install/pacsim/include/gtest/gtest-spi.h
-- Up-to-date: /home/pipeline-vm/fsfeup/autonomous-systems/install/pacsim/include/gtest/gtest-typed-test.h
-- Up-to-date: /home/pipeline-vm/fsfeup/autonomous-systems/install/pacsim/include/gtest/internal
-- Up-to-date: /home/pipeline-vm/fsfeup/autonomous-systems/install/pacsim/include/gtest/internal/gtest-internal.h
-- Up-to-date: /home/pipeline-vm/fsfeup/autonomous-systems/install/pacsim/include/gtest/internal/custom
-- Up-to-date: /home/pipeline-vm/fsfeup/autonomous-systems/install/pacsim/include/gtest/internal/custom/gtest.h
-- Up-to-date: /home/pipeline-vm/fsfeup/autonomous-systems/install/pacsim/include/gtest/internal/custom/README.md
-- Up-to-date: /home/pipeline-vm/fsfeup/autonomous-systems/install/pacsim/include/gtest/internal/custom/gtest-printers.h
-- Up-to-date: /home/pipeline-vm/fsfeup/autonomous-systems/install/pacsim/include/gtest/internal/custom/gtest-port.h
-- Up-to-date: /home/pipeline-vm/fsfeup/autonomous-systems/install/pacsim/include/gtest/internal/gtest-filepath.h
-- Up-to-date: /home/pipeline-vm/fsfeup/autonomous-systems/install/pacsim/include/gtest/internal/gtest-string.h
-- Up-to-date: /home/pipeline-vm/fsfeup/autonomous-systems/install/pacsim/include/gtest/internal/gtest-type-util.h
-- Up-to-date: /home/pipeline-vm/fsfeup/autonomous-systems/install/pacsim/include/gtest/internal/gtest-port-arch.h
-- Up-to-date: /home/pipeline-vm/fsfeup/autonomous-systems/install/pacsim/include/gtest/internal/gtest-death-test-internal.h
-- Up-to-date: /home/pipeline-vm/fsfeup/autonomous-systems/install/pacsim/include/gtest/internal/gtest-param-util.h
-- Up-to-date: /home/pipeline-vm/fsfeup/autonomous-systems/install/pacsim/include/gtest/internal/gtest-port.h
-- Up-to-date: /home/pipeline-vm/fsfeup/autonomous-systems/install/pacsim/include/gtest/gtest-message.h
-- Up-to-date: /home/pipeline-vm/fsfeup/autonomous-systems/install/pacsim/include/gtest/gtest-death-test.h
-- Up-to-date: /home/pipeline-vm/fsfeup/autonomous-systems/install/pacsim/lib/libgtest.so.1.14.0
-- Up-to-date: /home/pipeline-vm/fsfeup/autonomous-systems/install/pacsim/lib/libgtest.so
-- Up-to-date: /home/pipeline-vm/fsfeup/autonomous-systems/install/pacsim/lib/libgtest_main.so.1.14.0
-- Up-to-date: /home/pipeline-vm/fsfeup/autonomous-systems/install/pacsim/lib/libgtest_main.so
-- Up-to-date: /home/pipeline-vm/fsfeup/autonomous-systems/install/pacsim/lib/pkgconfig/gtest.pc
-- Up-to-date: /home/pipeline-vm/fsfeup/autonomous-systems/install/pacsim/lib/pkgconfig/gtest_main.pc
Finished <<< pacsim [0.40s]
Starting >>> control
-- The C compiler identification is GNU 11.4.0
-- The CXX compiler identification is GNU 11.4.0
-- Detecting C compiler ABI info
-- Detecting C compiler ABI info - done
-- Check for working C compiler: /usr/bin/cc - skipped
-- Detecting C compile features
-- Detecting C compile features - done
-- Detecting CXX compiler ABI info
-- Detecting CXX compiler ABI info - done
-- Check for working CXX compiler: /usr/bin/c++ - skipped
-- Detecting CXX compile features
-- Detecting CXX compile features - done
-- Using acados from: /home/pipeline-vm/fsfeup/autonomous-systems/src/control/../../build/acados-install
-- Will generate acados into build tree: /home/pipeline-vm/fsfeup/autonomous-systems/build/control/control/bombated_mpc/acados/c_generated_code
-- Will generate acados into build tree: /home/pipeline-vm/fsfeup/autonomous-systems/build/control/control/mpczinho/acados/c_generated_code
-- Found ament_cmake: 1.3.11 (/opt/ros/humble/share/ament_cmake/cmake)
-- Found Python3: /usr/bin/python3 (found version "3.10.12") found components: Interpreter 
-- Found rclcpp: 16.0.12 (/opt/ros/humble/share/rclcpp/cmake)
-- Found rosidl_generator_c: 3.1.6 (/opt/ros/humble/share/rosidl_generator_c/cmake)
-- Found rosidl_adapter: 3.1.6 (/opt/ros/humble/share/rosidl_adapter/cmake)
-- Found rosidl_generator_cpp: 3.1.6 (/opt/ros/humble/share/rosidl_generator_cpp/cmake)
-- Using all available rosidl_typesupport_c: rosidl_typesupport_fastrtps_c;rosidl_typesupport_introspection_c
-- Using all available rosidl_typesupport_cpp: rosidl_typesupport_fastrtps_cpp;rosidl_typesupport_introspection_cpp
-- Found rmw_implementation_cmake: 6.1.2 (/opt/ros/humble/share/rmw_implementation_cmake/cmake)
-- Found rmw_fastrtps_cpp: 6.2.7 (/opt/ros/humble/share/rmw_fastrtps_cpp/cmake)
-- Found OpenSSL: /usr/lib/x86_64-linux-gnu/libcrypto.so (found version "3.0.2")  
-- Found FastRTPS: /opt/ros/humble/include  
-- Using RMW implementation 'rmw_fastrtps_cpp' as default
-- Looking for pthread.h
-- Looking for pthread.h - found
-- Performing Test CMAKE_HAVE_LIBC_PTHREAD
-- Performing Test CMAKE_HAVE_LIBC_PTHREAD - Success
-- Found Threads: TRUE  
-- Found sensor_msgs: 4.9.0 (/opt/ros/humble/share/sensor_msgs/cmake)
-- Found custom_interfaces: 0.0.0 (/home/pipeline-vm/fsfeup/autonomous-systems/install/custom_interfaces/share/custom_interfaces/cmake)
-- Found message_filters: 4.3.15 (/opt/ros/humble/share/message_filters/cmake)
-- Found pacsim: 0.0.0 (/home/pipeline-vm/fsfeup/autonomous-systems/install/pacsim/share/pacsim/cmake)
-- Found ackermann_msgs: 2.0.2 (/opt/ros/humble/share/ackermann_msgs/cmake)
-- Found std_srvs: 4.9.0 (/opt/ros/humble/share/std_srvs/cmake)
-- Found tf2_ros: 0.25.13 (/opt/ros/humble/share/tf2_ros/cmake)
-- Found tf2_geometry_msgs: 0.25.13 (/opt/ros/humble/share/tf2_geometry_msgs/cmake)
-- Found eigen3_cmake_module: 0.1.1 (/opt/ros/humble/share/eigen3_cmake_module/cmake)
-- Found Eigen3: TRUE (found version "3.4.0") 
-- Ensuring Eigen3 include directory is part of orocos-kdl CMake target
-- Found common_lib: 0.0.0 (/home/pipeline-vm/fsfeup/autonomous-systems/install/common_lib/share/common_lib/cmake)
-- Found visualization_msgs: 4.9.0 (/opt/ros/humble/share/visualization_msgs/cmake)
-- Found motion_lib: 0.0.0 (/home/pipeline-vm/fsfeup/autonomous-systems/install/motion_lib/share/motion_lib/cmake)
-- Found ament_cmake_gtest: 1.3.11 (/opt/ros/humble/share/ament_cmake_gtest/cmake)
-- Found gtest sources under '/opt/ros/humble/src/gtest_vendor': C++ tests using 'Google Test' will be built
-- Configuring done
-- Generating done
-- Build files have been written to: /home/pipeline-vm/fsfeup/autonomous-systems/build/control
ninja: error: 'control/bombated_mpc/acados/c_generated_code/libacados_ocp_solver_bombated_mpc.so', needed by 'node_control', missing and no known rule to make it
--- stderr: control
ninja: error: 'control/bombated_mpc/acados/c_generated_code/libacados_ocp_solver_bombated_mpc.so', needed by 'node_control', missing and no known rule to make it
---
Failed   <<< control [1.52s, exited with code 1]
[1/28] /usr/bin/c++ -DDEFAULT_RMW_IMPLEMENTATION=rmw_fastrtps_cpp -DRCUTILS_ENABLE_FAULT_INJECTION -I/home/pipeline-vm/fsfeup/autonomous-systems/src/invictasim/include -isystem /home/pipeline-vm/fsfeup/autonomous-systems/install/motion_lib/include -isystem /home/pipeline-vm/fsfeup/autonomous-systems/install/common_lib/include -isystem /home/pipeline-vm/fsfeup/autonomous-systems/install/custom_interfaces/include/custom_interfaces -isystem /opt/ros/humble/include/ament_index_cpp -isystem /opt/ros/humble/include/rclcpp -isystem /opt/ros/humble/include/std_msgs -isystem /opt/ros/humble/include/geometry_msgs -isystem /opt/ros/humble/include/sensor_msgs -isystem /opt/ros/humble/include/nav_msgs -isystem /opt/ros/humble/include/rosgraph_msgs -isystem /opt/ros/humble/include/tf2 -isystem /opt/ros/humble/include/tf2_ros -isystem /opt/ros/humble/include/visualization_msgs -isystem /usr/include/eigen3 -isystem /opt/ros/humble/include/libstatistics_collector -isystem /opt/ros/humble/include/builtin_interfaces -isystem /opt/ros/humble/include/rosidl_runtime_c -isystem /opt/ros/humble/include/rcutils -isystem /opt/ros/humble/include/rosidl_typesupport_interface -isystem /opt/ros/humble/include/fastcdr -isystem /opt/ros/humble/include/rosidl_runtime_cpp -isystem /opt/ros/humble/include/rosidl_typesupport_fastrtps_cpp -isystem /opt/ros/humble/include/rmw -isystem /opt/ros/humble/include/rosidl_typesupport_fastrtps_c -isystem /opt/ros/humble/include/rosidl_typesupport_introspection_c -isystem /opt/ros/humble/include/rosidl_typesupport_introspection_cpp -isystem /opt/ros/humble/include/rcl -isystem /opt/ros/humble/include/rcl_interfaces -isystem /opt/ros/humble/include/rcl_logging_interface -isystem /opt/ros/humble/include/rcl_yaml_param_parser -isystem /opt/ros/humble/include/libyaml_vendor -isystem /opt/ros/humble/include/tracetools -isystem /opt/ros/humble/include/rcpputils -isystem /opt/ros/humble/include/statistics_msgs -isystem /opt/ros/humble/include/rosidl_typesupport_cpp -isystem /opt/ros/humble/include/rosidl_typesupport_c -isystem /opt/ros/humble/include/message_filters -isystem /opt/ros/humble/include/rclcpp_action -isystem /opt/ros/humble/include/action_msgs -isystem /opt/ros/humble/include/unique_identifier_msgs -isystem /opt/ros/humble/include/rcl_action -isystem /opt/ros/humble/include/tf2_msgs -Wall -Wextra -Wpedantic -O2 -MD -MT CMakeFiles/vehicle_model_optimizer.dir/src/config/config.cpp.o -MF CMakeFiles/vehicle_model_optimizer.dir/src/config/config.cpp.o.d -o CMakeFiles/vehicle_model_optimizer.dir/src/config/config.cpp.o -c /home/pipeline-vm/fsfeup/autonomous-systems/src/invictasim/src/config/config.cpp
[2/28] /usr/bin/c++ -DDEFAULT_RMW_IMPLEMENTATION=rmw_fastrtps_cpp -DINVICTASIM_SOURCE_DIR=\"/home/pipeline-vm/fsfeup/autonomous-systems/src/invictasim\" -DRCUTILS_ENABLE_FAULT_INJECTION -I/home/pipeline-vm/fsfeup/autonomous-systems/src/invictasim/include -I/usr/include/SDL2 -isystem /home/pipeline-vm/fsfeup/autonomous-systems/install/motion_lib/include -isystem /home/pipeline-vm/fsfeup/autonomous-systems/install/common_lib/include -isystem /home/pipeline-vm/fsfeup/autonomous-systems/install/custom_interfaces/include/custom_interfaces -isystem /opt/ros/humble/include/ament_index_cpp -isystem /opt/ros/humble/include/rclcpp -isystem /opt/ros/humble/include/std_msgs -isystem /opt/ros/humble/include/geometry_msgs -isystem /opt/ros/humble/include/sensor_msgs -isystem /opt/ros/humble/include/nav_msgs -isystem /opt/ros/humble/include/rosgraph_msgs -isystem /opt/ros/humble/include/tf2 -isystem /opt/ros/humble/include/tf2_ros -isystem /opt/ros/humble/include/visualization_msgs -isystem /usr/include/eigen3 -isystem /opt/ros/humble/include/libstatistics_collector -isystem /opt/ros/humble/include/builtin_interfaces -isystem /opt/ros/humble/include/rosidl_runtime_c -isystem /opt/ros/humble/include/rcutils -isystem /opt/ros/humble/include/rosidl_typesupport_interface -isystem /opt/ros/humble/include/fastcdr -isystem /opt/ros/humble/include/rosidl_runtime_cpp -isystem /opt/ros/humble/include/rosidl_typesupport_fastrtps_cpp -isystem /opt/ros/humble/include/rmw -isystem /opt/ros/humble/include/rosidl_typesupport_fastrtps_c -isystem /opt/ros/humble/include/rosidl_typesupport_introspection_c -isystem /opt/ros/humble/include/rosidl_typesupport_introspection_cpp -isystem /opt/ros/humble/include/rcl -isystem /opt/ros/humble/include/rcl_interfaces -isystem /opt/ros/humble/include/rcl_logging_interface -isystem /opt/ros/humble/include/rcl_yaml_param_parser -isystem /opt/ros/humble/include/libyaml_vendor -isystem /opt/ros/humble/include/tracetools -isystem /opt/ros/humble/include/rcpputils -isystem /opt/ros/humble/include/statistics_msgs -isystem /opt/ros/humble/include/rosidl_typesupport_cpp -isystem /opt/ros/humble/include/rosidl_typesupport_c -isystem /opt/ros/humble/include/message_filters -isystem /opt/ros/humble/include/rclcpp_action -isystem /opt/ros/humble/include/action_msgs -isystem /opt/ros/humble/include/unique_identifier_msgs -isystem /opt/ros/humble/include/rcl_action -isystem /opt/ros/humble/include/tf2_msgs -Wall -Wextra -Wpedantic -O2 -D_REENTRANT -MD -MT CMakeFiles/invictasim.dir/src/vehicle_model/FSFEUP03.cpp.o -MF CMakeFiles/invictasim.dir/src/vehicle_model/FSFEUP03.cpp.o.d -o CMakeFiles/invictasim.dir/src/vehicle_model/FSFEUP03.cpp.o -c /home/pipeline-vm/fsfeup/autonomous-systems/src/invictasim/src/vehicle_model/FSFEUP03.cpp
FAILED: CMakeFiles/invictasim.dir/src/vehicle_model/FSFEUP03.cpp.o 
/usr/bin/c++ -DDEFAULT_RMW_IMPLEMENTATION=rmw_fastrtps_cpp -DINVICTASIM_SOURCE_DIR=\"/home/pipeline-vm/fsfeup/autonomous-systems/src/invictasim\" -DRCUTILS_ENABLE_FAULT_INJECTION -I/home/pipeline-vm/fsfeup/autonomous-systems/src/invictasim/include -I/usr/include/SDL2 -isystem /home/pipeline-vm/fsfeup/autonomous-systems/install/motion_lib/include -isystem /home/pipeline-vm/fsfeup/autonomous-systems/install/common_lib/include -isystem /home/pipeline-vm/fsfeup/autonomous-systems/install/custom_interfaces/include/custom_interfaces -isystem /opt/ros/humble/include/ament_index_cpp -isystem /opt/ros/humble/include/rclcpp -isystem /opt/ros/humble/include/std_msgs -isystem /opt/ros/humble/include/geometry_msgs -isystem /opt/ros/humble/include/sensor_msgs -isystem /opt/ros/humble/include/nav_msgs -isystem /opt/ros/humble/include/rosgraph_msgs -isystem /opt/ros/humble/include/tf2 -isystem /opt/ros/humble/include/tf2_ros -isystem /opt/ros/humble/include/visualization_msgs -isystem /usr/include/eigen3 -isystem /opt/ros/humble/include/libstatistics_collector -isystem /opt/ros/humble/include/builtin_interfaces -isystem /opt/ros/humble/include/rosidl_runtime_c -isystem /opt/ros/humble/include/rcutils -isystem /opt/ros/humble/include/rosidl_typesupport_interface -isystem /opt/ros/humble/include/fastcdr -isystem /opt/ros/humble/include/rosidl_runtime_cpp -isystem /opt/ros/humble/include/rosidl_typesupport_fastrtps_cpp -isystem /opt/ros/humble/include/rmw -isystem /opt/ros/humble/include/rosidl_typesupport_fastrtps_c -isystem /opt/ros/humble/include/rosidl_typesupport_introspection_c -isystem /opt/ros/humble/include/rosidl_typesupport_introspection_cpp -isystem /opt/ros/humble/include/rcl -isystem /opt/ros/humble/include/rcl_interfaces -isystem /opt/ros/humble/include/rcl_logging_interface -isystem /opt/ros/humble/include/rcl_yaml_param_parser -isystem /opt/ros/humble/include/libyaml_vendor -isystem /opt/ros/humble/include/tracetools -isystem /opt/ros/humble/include/rcpputils -isystem /opt/ros/humble/include/statistics_msgs -isystem /opt/ros/humble/include/rosidl_typesupport_cpp -isystem /opt/ros/humble/include/rosidl_typesupport_c -isystem /opt/ros/humble/include/message_filters -isystem /opt/ros/humble/include/rclcpp_action -isystem /opt/ros/humble/include/action_msgs -isystem /opt/ros/humble/include/unique_identifier_msgs -isystem /opt/ros/humble/include/rcl_action -isystem /opt/ros/humble/include/tf2_msgs -Wall -Wextra -Wpedantic -O2 -D_REENTRANT -MD -MT CMakeFiles/invictasim.dir/src/vehicle_model/FSFEUP03.cpp.o -MF CMakeFiles/invictasim.dir/src/vehicle_model/FSFEUP03.cpp.o.d -o CMakeFiles/invictasim.dir/src/vehicle_model/FSFEUP03.cpp.o -c /home/pipeline-vm/fsfeup/autonomous-systems/src/invictasim/src/vehicle_model/FSFEUP03.cpp
In file included from /home/pipeline-vm/fsfeup/autonomous-systems/src/invictasim/src/vehicle_model/FSFEUP03.cpp:1:
/home/pipeline-vm/fsfeup/autonomous-systems/src/invictasim/include/vehicle_model/FSFEUP03.hpp:57:19: error: ‘TransmissionModel’ was not declared in this scope
   57 |   std::shared_ptr<TransmissionModel> transmission_;
      |                   ^~~~~~~~~~~~~~~~~
/home/pipeline-vm/fsfeup/autonomous-systems/src/invictasim/include/vehicle_model/FSFEUP03.hpp:57:36: error: template argument 1 is invalid
   57 |   std::shared_ptr<TransmissionModel> transmission_;
      |                                    ^
/home/pipeline-vm/fsfeup/autonomous-systems/src/invictasim/src/vehicle_model/FSFEUP03.cpp: In constructor ‘FSFEUP03Model::FSFEUP03Model(const InvictaSimParameters&)’:
/home/pipeline-vm/fsfeup/autonomous-systems/src/invictasim/src/vehicle_model/FSFEUP03.cpp:22:42: error: expected ‘;’ before ‘)’ token
   22 |       simulator_parameters.car_parameters);
      |                                          ^
      |                                          ;
/home/pipeline-vm/fsfeup/autonomous-systems/src/invictasim/src/vehicle_model/FSFEUP03.cpp:22:28: warning: statement has no effect [-Wunused-value]
   22 |       simulator_parameters.car_parameters);
      |       ~~~~~~~~~~~~~~~~~~~~~^~~~~~~~~~~~~~
/home/pipeline-vm/fsfeup/autonomous-systems/src/invictasim/src/vehicle_model/FSFEUP03.cpp:23:25: error: ‘transmission_models_map’ was not declared in this scope
   23 |   this->transmission_ = transmission_models_map.at(simulator_parameters.transmission_model.c_str())(
      |                         ^~~~~~~~~~~~~~~~~~~~~~~
/home/pipeline-vm/fsfeup/autonomous-systems/src/invictasim/src/vehicle_model/FSFEUP03.cpp: In member function ‘virtual void FSFEUP03Model::step(double, common_lib::structures::Wheels, double)’:
/home/pipeline-vm/fsfeup/autonomous-systems/src/invictasim/src/vehicle_model/FSFEUP03.cpp:185:26: error: ‘brake_torques’ was not declared in this scope
  185 |                  I_rear, brake_torques.rear_left);
      |                          ^~~~~~~~~~~~~
/home/pipeline-vm/fsfeup/autonomous-systems/src/invictasim/src/vehicle_model/FSFEUP03.cpp: In member function ‘virtual void FSFEUP03Model::reset()’:
/home/pipeline-vm/fsfeup/autonomous-systems/src/invictasim/src/vehicle_model/FSFEUP03.cpp:311:3: error: ‘motor_’ was not declared in this scope
  311 |   motor_->reset();
      |   ^~~~~~
/home/pipeline-vm/fsfeup/autonomous-systems/src/invictasim/src/vehicle_model/FSFEUP03.cpp: In member function ‘std::pair<double, double> FSFEUP03Model::calculate_side_powertrain(double, double, const std::shared_ptr<MotorModel>&, const std::shared_ptr<IndependentDriveModel>&)’:
/home/pipeline-vm/fsfeup/autonomous-systems/src/invictasim/src/vehicle_model/FSFEUP03.cpp:334:29: error: ‘motor_’ was not declared in this scope; did you mean ‘motor’?
  334 |   double motor_efficiency = motor_->get_efficiency(std::abs(reference_motor_torque), motor_rpm);
      |                             ^~~~~~
      |                             motor
/home/pipeline-vm/fsfeup/autonomous-systems/src/invictasim/src/vehicle_model/FSFEUP03.cpp:334:61: error: ‘reference_motor_torque’ was not declared in this scope; did you mean ‘reference_torque’?
  334 |   double motor_efficiency = motor_->get_efficiency(std::abs(reference_motor_torque), motor_rpm);
      |                                                             ^~~~~~~~~~~~~~~~~~~~~~
      |                                                             reference_torque
/home/pipeline-vm/fsfeup/autonomous-systems/src/invictasim/src/vehicle_model/FSFEUP03.cpp:352:49: error: ‘dt’ was not declared in this scope
  352 |   battery_->update_state(allowed_motor_current, dt);
      |                                                 ^~
/home/pipeline-vm/fsfeup/autonomous-systems/src/invictasim/src/vehicle_model/FSFEUP03.cpp:365:10: error: could not convert ‘actual_motor_torque’ from ‘double’ to ‘std::pair<double, double>’
  365 |   return static_cast<double>(actual_motor_torque);
      |          ^~~~~~~~~~~~~~~~~~~~~~~~~~~~~~~~~~~~~~~~
      |          |
      |          double
[3/28] /usr/bin/c++ -DDEFAULT_RMW_IMPLEMENTATION=rmw_fastrtps_cpp -DRCUTILS_ENABLE_FAULT_INJECTION -I/home/pipeline-vm/fsfeup/autonomous-systems/src/invictasim/include -isystem /home/pipeline-vm/fsfeup/autonomous-systems/install/motion_lib/include -isystem /home/pipeline-vm/fsfeup/autonomous-systems/install/common_lib/include -isystem /home/pipeline-vm/fsfeup/autonomous-systems/install/custom_interfaces/include/custom_interfaces -isystem /opt/ros/humble/include/ament_index_cpp -isystem /opt/ros/humble/include/rclcpp -isystem /opt/ros/humble/include/std_msgs -isystem /opt/ros/humble/include/geometry_msgs -isystem /opt/ros/humble/include/sensor_msgs -isystem /opt/ros/humble/include/nav_msgs -isystem /opt/ros/humble/include/rosgraph_msgs -isystem /opt/ros/humble/include/tf2 -isystem /opt/ros/humble/include/tf2_ros -isystem /opt/ros/humble/include/visualization_msgs -isystem /usr/include/eigen3 -isystem /opt/ros/humble/include/libstatistics_collector -isystem /opt/ros/humble/include/builtin_interfaces -isystem /opt/ros/humble/include/rosidl_runtime_c -isystem /opt/ros/humble/include/rcutils -isystem /opt/ros/humble/include/rosidl_typesupport_interface -isystem /opt/ros/humble/include/fastcdr -isystem /opt/ros/humble/include/rosidl_runtime_cpp -isystem /opt/ros/humble/include/rosidl_typesupport_fastrtps_cpp -isystem /opt/ros/humble/include/rmw -isystem /opt/ros/humble/include/rosidl_typesupport_fastrtps_c -isystem /opt/ros/humble/include/rosidl_typesupport_introspection_c -isystem /opt/ros/humble/include/rosidl_typesupport_introspection_cpp -isystem /opt/ros/humble/include/rcl -isystem /opt/ros/humble/include/rcl_interfaces -isystem /opt/ros/humble/include/rcl_logging_interface -isystem /opt/ros/humble/include/rcl_yaml_param_parser -isystem /opt/ros/humble/include/libyaml_vendor -isystem /opt/ros/humble/include/tracetools -isystem /opt/ros/humble/include/rcpputils -isystem /opt/ros/humble/include/statistics_msgs -isystem /opt/ros/humble/include/rosidl_typesupport_cpp -isystem /opt/ros/humble/include/rosidl_typesupport_c -isystem /opt/ros/humble/include/message_filters -isystem /opt/ros/humble/include/rclcpp_action -isystem /opt/ros/humble/include/action_msgs -isystem /opt/ros/humble/include/unique_identifier_msgs -isystem /opt/ros/humble/include/rcl_action -isystem /opt/ros/humble/include/tf2_msgs -Wall -Wextra -Wpedantic -O2 -MD -MT CMakeFiles/vehicle_model_optimizer.dir/src/vehicle_model/optimizer/vehicle_model_optimizer.cpp.o -MF CMakeFiles/vehicle_model_optimizer.dir/src/vehicle_model/optimizer/vehicle_model_optimizer.cpp.o.d -o CMakeFiles/vehicle_model_optimizer.dir/src/vehicle_model/optimizer/vehicle_model_optimizer.cpp.o -c /home/pipeline-vm/fsfeup/autonomous-systems/src/invictasim/src/vehicle_model/optimizer/vehicle_model_optimizer.cpp
ninja: build stopped: subcommand failed.
Aborted  <<< invictasim [15.5s]

Summary: 4 packages finished [16.6s]
  1 package failed: control
  1 package aborted: invictasim
  1 package had stderr output: control
